Archive member included because of file (symbol)

/cygdrive/c/TWESDK/Wks_ToCoNet/TimerTest/../../Wks_libToCoNet/libToCoNet/lib/libToCoNet_JN5164.a(ToCoNet_event.o)
                              objs_JN5164/TimerTest.o (_PRSEV_u8Register)
/cygdrive/c/TWESDK/Wks_ToCoNet/TimerTest/../../Wks_libToCoNet/libToCoNet/lib/libToCoNet_JN5164.a(ToCoNet_main.o)
                              objs_JN5164/TimerTest.o (_ToCoNet_vDebugInit)
/cygdrive/c/TWESDK/Wks_ToCoNet/TimerTest/../../Wks_libToCoNet/libToCoNet/lib/libToCoNet_JN5164.a(ToCoNet_utils.o)
                              /cygdrive/c/TWESDK/Wks_ToCoNet/TimerTest/../../Wks_libToCoNet/libToCoNet/lib/libToCoNet_JN5164.a(ToCoNet_main.o) (_ToCoNet_u32GetVersion)
/cygdrive/c/TWESDK/Wks_ToCoNet/TimerTest/../../Wks_libToCoNet/libToCoNet/lib/libToCoNet_JN5164.a(ToCoNet_mod_Nwk_Common.o)
                              /cygdrive/c/TWESDK/Wks_ToCoNet/TimerTest/../../Wks_libToCoNet/libToCoNet/lib/libToCoNet_JN5164.a(ToCoNet_main.o) (_ToCoNet_vRxProc_App)
/cygdrive/c/TWESDK/Wks_ToCoNet/TimerTest/../../Wks_libToCoNet/libToCoNet/lib/libToCoNet_JN5164.a(ToCoNet_mod_Channel_Mgr.o)
                              /cygdrive/c/TWESDK/Wks_ToCoNet/TimerTest/../../Wks_libToCoNet/libToCoNet/lib/libToCoNet_JN5164.a(ToCoNet_main.o) (_ToCoNet_ChMgr_bCh_Reconfig)
/cygdrive/c/TWESDK/Wks_ToCoNet/TimerTest/../../Wks_libToCoNet/libToCoNet/lib/libToCoNet_JN5164.a(Version.o)
                              /cygdrive/c/TWESDK/Wks_ToCoNet/TimerTest/../../Wks_libToCoNet/libToCoNet/lib/libToCoNet_JN5164.a(ToCoNet_utils.o) (_au8ToCoNetVersionInfo)
/cygdrive/c/TWESDK/Wks_ToCoNet/TimerTest/../../Wks_libToCoNet/libToCoNet/lib/libToCoNet_JN5164.a(AppQueueApi_ToCoNet.o)
                              /cygdrive/c/TWESDK/Wks_ToCoNet/TimerTest/../../Wks_libToCoNet/libToCoNet/lib/libToCoNet_JN5164.a(ToCoNet_main.o) (_psAppQApiReadHwIndT)
/cygdrive/c/TWESDK/Wks_ToCoNet/TimerTest/../../Wks_libToCoNet/libToCoNet/lib/libToCoNetExt_JN5164.a(AppStart.o)
                              /cygdrive/c/TWESDK/Wks_ToCoNet/TimerTest/../../Wks_libToCoNet/libToCoNet/lib/libToCoNet_JN5164.a(ToCoNet_mod_Channel_Mgr.o) (__ToCoNet_bRfChChannel)
/cygdrive/c/TWESDK/Wks_ToCoNet/TimerTest/../../Wks_libToCoNet/libToCoNet/lib/libToCoNetExt_JN5164.a(getMacAddr.o)
                              /cygdrive/c/TWESDK/Wks_ToCoNet/TimerTest/../../Wks_libToCoNet/libToCoNet/lib/libToCoNet_JN5164.a(ToCoNet_main.o) (_ToCoNet_u32GetSerialOnBoot)
/cygdrive/c/TWESDK/Wks_ToCoNet/TimerTest/../../Wks_libToCoNet/libToCoNet/lib/libToCoNetExt_JN5164.a(mac.o)
                              /cygdrive/c/TWESDK/Wks_ToCoNet/TimerTest/../../Wks_libToCoNet/libToCoNet/lib/libToCoNet_JN5164.a(ToCoNet_main.o) (_Mac_bRxQueueReg)
/cygdrive/c/TWESDK/Wks_ToCoNet/TimerTest/../../Wks_libToCoNet/libToCoNet/lib/libToCoNetExt_JN5164.a(AES_CCM.o)
                              /cygdrive/c/TWESDK/Wks_ToCoNet/TimerTest/../../Wks_libToCoNet/libToCoNet/lib/libToCoNetExt_JN5164.a(mac.o) (_bAES_CCM_Encode)
/cygdrive/c/TWESDK/Wks_ToCoNet/TimerTest/../../Wks_libToCoNet/libToCoNet/lib/libToCoNetExt_JN5164.a(no_ack_handler.o)
                              /cygdrive/c/TWESDK/Wks_ToCoNet/TimerTest/../../Wks_libToCoNet/libToCoNet/lib/libToCoNetExt_JN5164.a(AppStart.o) (_vInstallNoAckHandler)
/cygdrive/c/TWESDK/Wks_ToCoNet/TimerTest/../../Wks_libToCoNet/libToCoNet/lib/libToCoNetExt_JN5164.a(Version.o)
                              /cygdrive/c/TWESDK/Wks_ToCoNet/TimerTest/../../Wks_libToCoNet/libToCoNet/lib/libToCoNet_JN5164.a(ToCoNet_utils.o) (_au8ToCoNetExtVersionInfo)
/cygdrive/c/TWESDK/Wks_ToCoNet/TimerTest/../../Wks_libToCoNet/libToCoNet/lib/libToCoNetExt_JN5164.a(AHI_FlashIndexSector.o)
                              /cygdrive/c/TWESDK/Wks_ToCoNet/TimerTest/../../Wks_libToCoNet/libToCoNet/lib/libToCoNetExt_JN5164.a(AppStart.o) (_bAHI_ReadUserData)
/cygdrive/c/TWESDK/Wks_ToCoNet/TimerTest/../../Wks_libToCoNet/libToCoNet/lib/libToCoNetUtils_JN5164.a(serial.o)
                              objs_JN5164/TimerTest.o (_SERIAL_bTxChar)
/cygdrive/c/TWESDK/Wks_ToCoNet/TimerTest/../../Wks_libToCoNet/libToCoNet/lib/libToCoNetUtils_JN5164.a(uart.o)
                              /cygdrive/c/TWESDK/Wks_ToCoNet/TimerTest/../../Wks_libToCoNet/libToCoNet/lib/libToCoNetUtils_JN5164.a(serial.o) (_UART_vSetTxInterrupt)
/cygdrive/c/TWESDK/Wks_ToCoNet/TimerTest/../../Wks_libToCoNet/libToCoNet/lib/libToCoNetUtils_JN5164.a(ByteQueue.o)
                              /cygdrive/c/TWESDK/Wks_ToCoNet/TimerTest/../../Wks_libToCoNet/libToCoNet/lib/libToCoNet_JN5164.a(ToCoNet_main.o) (_QUEUE__vInit)
/cygdrive/c/TWESDK/Wks_ToCoNet/TimerTest/../../Wks_libToCoNet/libToCoNet/lib/libToCoNetUtils_JN5164.a(ccitt8.o)
                              /cygdrive/c/TWESDK/Wks_ToCoNet/TimerTest/../../Wks_libToCoNet/libToCoNet/lib/libToCoNetExt_JN5164.a(AppStart.o) (_u8CCITT8)
/cygdrive/c/TWESDK/Wks_ToCoNet/TimerTest/../../Wks_libToCoNet/libToCoNet/lib/libToCoNetUtils_JN5164.a(fprintf.o)
[...]
Memory Configuration

Name             Origin             Length             Attributes
flash            0x00080000         0x00028000
ram              0x0400004c         0x00007fb4
*default*        0x00000000         0xffffffff

Linker script and memory map

LOAD objs_JN5164/TimerTest.o
LOAD /cygdrive/c/TWESDK/Wks_ToCoNet/TimerTest/../../Wks_libToCoNet/libToCoNet/lib/libToCoNet_JN5164.a
LOAD /cygdrive/c/TWESDK/Wks_ToCoNet/TimerTest/../../Wks_libToCoNet/libToCoNet/lib/libToCoNetExt_JN5164.a
LOAD /cygdrive/c/TWESDK/Wks_ToCoNet/TimerTest/../../Wks_libToCoNet/libToCoNet/lib/libToCoNetUtils_JN5164.a
START GROUP
LOAD /cygdrive/c/TWESDK/516x/Components/Library/libAppApi_JN516x.a
LOAD /cygdrive/c/TWESDK/516x/Components/Library/libMac_JN516x.a
LOAD /cygdrive/c/TWESDK/516x/Components/Library/libTof_JN516x.a
LOAD /cygdrive/c/TWESDK/516x/Components/Library/libXcv_JN516x.a
LOAD /cygdrive/c/TWESDK/516x/Components/Library/libAES_CCM_SW_PATCH_JN516x.a
LOAD /cygdrive/c/TWESDK/516x/Components/Library/libAes_JN516x.a
LOAD /cygdrive/c/TWESDK/516x/Components/Library/libTimerServer_JN516x.a
LOAD /cygdrive/c/TWESDK/516x/Components/Library/libHardwareApi_JN516x.a
LOAD /cygdrive/c/TWESDK/516x/Components/Library/libMicroSpecific_JN516x.a
LOAD /cygdrive/c/TWESDK/516x/Components/Library/libBoot_JN516x.a
LOAD /cygdrive/c/TWESDK/516x/Components/Library/libMaths_JN516x.a
LOAD /cygdrive/c/TWESDK/Wks_ToCoNet/TimerTest/../../Wks_libToCoNet/libToCoNet/lib/libToCoNet_JN5164.a
LOAD /cygdrive/c/TWESDK/Wks_ToCoNet/TimerTest/../../Wks_libToCoNet/libToCoNet/lib/libToCoNetExt_JN5164.a
LOAD /cygdrive/c/TWESDK/Wks_ToCoNet/TimerTest/../../Wks_libToCoNet/libToCoNet/lib/libToCoNetUtils_JN5164.a
END GROUP
LOAD /cygdrive/c/TWESDK/Tools/ba-elf-ba2/bin/../lib/gcc/ba-elf/4.1.2/ba2/libgcc.a
LOAD /cygdrive/c/TWESDK/Tools/ba-elf-ba2/bin/../lib/gcc/ba-elf/4.1.2/../../../../ba-elf/lib/ba2/libc.a
LOAD /cygdrive/c/TWESDK/Tools/ba-elf-ba2/bin/../lib/gcc/ba-elf/4.1.2/ba2/libgcc.a
                0x00001000                _stack_size = 0x1000
                0x00080038                __exception_vsr_table = 0x80038
                0x04000000                _pSPIflashFncTable = 0x4000000
                0x00001000                _stack_size = 0x1000
                0x00000044                restore_state = 0x44
                0x0000004a                _bZSPIWaitWIPClear = 0x4a
                0x00000050                _u16ZSPIflashRDID = 0x50
                0x00000056                _u8SelectFlashChipType = 0x56
                0x0000005c                _memcpy = 0x5c
                0x00000066                _vBootFlashProg = 0x66
                [0x00000d16]                _minimum_heap_size = DEFINED (_minimum_heap_size)?_minimum_heap_size:0xd16
                0x00000000                _SwConfig = (DEFINED (g_bSWConf_Debug) | (DEFINED (g_bSWConf_AltDebugPort) << 0x1))

.version        0x0007fffc        0x4
                0x0007fffc        0x4 LONG 0x4030008

.bir            0x00080000       0x10
                0x00080000                _flash_start = <code 342> (.)
                0x00080000                _flash_beg = <code 342> (.)
                0x00080000        0x4 LONG 0x12345678
                0x00080004        0x4 LONG 0x11223344
                0x00080008        0x4 LONG 0x55667788
                0x0008000c        0x1 BYTE 0x8
                0x0008000d        0x1 BYTE 0x1
                0x0008000e        0x2 SHORT 0x0

.flashheader    0x00080010       0x28
                0x00080010        0x4 LONG 0x0
                0x00080014        0x4 LONG 0x0
                0x00080018        0x4 LONG 0x0
                0x0008001c        0x2 SHORT 0x0
                0x0008001e        0x2 SHORT 0x0 <code 342> (_SwConfig)
                0x00080020                _enc_start = <code 342> (.)
                0x00080020        0x4 LONG 0xa740 <code 342> (_image_len)
                0x00000000                _enc_offset = (_enc_start & 0xf)
                [0x00000020]                _enc_start = (_enc_start - _flash_beg)
                0x00080024        0x4 LONG 0x8a714 <code 342> (_flash_data_start)
                0x00080028        0x2 SHORT 0x13 ((<code 342> (_ram_data_start) / 0x4) & 0xffff)
                0x0008002a        0x2 SHORT 0xb ((<code 342> (_ram_data_len) / 0x4) & 0xffff)
                0x0008002c        0x2 SHORT 0x1e ((<code 342> (_bss_start) / 0x4) & 0xffff)
                0x0008002e        0x2 SHORT 0x38b ((<code 342> (_bss_len) / 0x4) & 0xffff)
                0x00080030        0x4 LONG 0x81527 <code 342> (_AppWarmStart)
                0x00080034        0x4 LONG 0x816d3 <code 342> (_AppColdStart)
                0x00000044                PROVIDE (_vException_BusError, restore_state)
                0x00000044                PROVIDE (_vException_UnalignedAccess, restore_state)
                0x00000044                PROVIDE (_vException_IllegalInstruction, restore_state)
                0x00000044                PROVIDE (_vException_SysCall, restore_state)
                0x00000044                PROVIDE (_vException_Trap, restore_state)
                0x00000044                PROVIDE (_vException_StackOverflow, restore_state)
                0x00080038                . = <code 342> (__exception_vsr_table)

.vsr_table      0x00080038       0x18
                0x00080038        0x4 LONG 0x44 <code 342> (_vException_BusError)
                0x0008003c        0x4 LONG 0x44 <code 342> (_vException_UnalignedAccess)
                0x00080040        0x4 LONG 0x44 <code 342> (_vException_IllegalInstruction)
                0x00080044        0x4 LONG 0x44 <code 342> (_vException_SysCall)
                0x00080048        0x4 LONG 0x44 <code 342> (_vException_Trap)
                0x0008004c        0x4 LONG 0x44 <code 342> (_vException_StackOverflow)

.vsr_handlers   0x00080050       0xab
 *(.vsr_handlers)
 .vsr_handlers  0x00080050       0xab /cygdrive/c/TWESDK/516x/Components/Library/libBoot_JN516x.a(ExceptionHandler.o)
                0x00080050                __exception_external_interrupt
                0x000800f9                __default_vsr_dummy

.rodata         0x000800fc      0x3b5
 *(.rodata*)
 .rodata.str1.1
                0x000800fc        0x8 objs_JN5164/TimerTest.o
 .rodata.au8ToCoNetVersionInfo
                0x00080104        0xc /cygdrive/c/TWESDK/Wks_ToCoNet/TimerTest/../../Wks_libToCoNet/libToCoNet/lib/libToCoNet_JN5164.a(Version.o)
                0x00080104                _au8ToCoNetVersionInfo
 .rodata.str1.1
                0x00080110       0x11 /cygdrive/c/TWESDK/Wks_ToCoNet/TimerTest/../../Wks_libToCoNet/libToCoNet/lib/libToCoNetExt_JN5164.a(AppStart.o)
 .rodata        0x00080121       0x11 /cygdrive/c/TWESDK/Wks_ToCoNet/TimerTest/../../Wks_libToCoNet/libToCoNet/lib/libToCoNetExt_JN5164.a(AppStart.o)
 .rodata.au8k.5340
                0x00080132       0x20 /cygdrive/c/TWESDK/Wks_ToCoNet/TimerTest/../../Wks_libToCoNet/libToCoNet/lib/libToCoNetExt_JN5164.a(AppStart.o)
 .rodata.au8k.5378
                0x00080152       0x20 /cygdrive/c/TWESDK/Wks_ToCoNet/TimerTest/../../Wks_libToCoNet/libToCoNet/lib/libToCoNetExt_JN5164.a(AppStart.o)
 .rodata.str1.1
                0x00080172       0x11 /cygdrive/c/TWESDK/Wks_ToCoNet/TimerTest/../../Wks_libToCoNet/libToCoNet/lib/libToCoNetExt_JN5164.a(mac.o)
 *fill*         0x00080183        0x1 00
 .rodata.u32MacHigh_TOCOS
                0x00080184        0x4 /cygdrive/c/TWESDK/Wks_ToCoNet/TimerTest/../../Wks_libToCoNet/libToCoNet/lib/libToCoNetExt_JN5164.a(mac.o)
                0x00080184                _u32MacHigh_TOCOS
 .rodata.u32MacLow_TOCOS
                0x00080188        0x4 /cygdrive/c/TWESDK/Wks_ToCoNet/TimerTest/../../Wks_libToCoNet/libToCoNet/lib/libToCoNetExt_JN5164.a(mac.o)
                0x00080188                _u32MacLow_TOCOS
 .rodata.u8CRCTable
                0x0008018c      0x100 /cygdrive/c/TWESDK/Wks_ToCoNet/TimerTest/../../Wks_libToCoNet/libToCoNet/lib/libToCoNetUtils_JN5164.a(ccitt8.o)
 .rodata.str1.1
                0x0008028c        0x7 /cygdrive/c/TWESDK/Wks_ToCoNet/TimerTest/../../Wks_libToCoNet/libToCoNet/lib/libToCoNetUtils_JN5164.a(fprintf.o)
 *fill*         0x00080293        0x1 00
 .rodata.s_sPibInit
                0x00080294       0x18 /cygdrive/c/TWESDK/516x/Components/Library/libMac_JN516x.a(mac_pib_mlme.o)
 .rodata.aeXcvPhyEvtToScanEvt.4240
                0x000802ac       0x18 /cygdrive/c/TWESDK/516x/Components/Library/libMac_JN516x.a(mac_scan.o)
 .rodata.aeXcvBbcEvtToScanEvt.4230
                0x000802c4        0xa /cygdrive/c/TWESDK/516x/Components/Library/libMac_JN516x.a(mac_scan.o)
 .rodata.s_atScanEvtST
                0x000802ce       0x31 /cygdrive/c/TWESDK/516x/Components/Library/libMac_JN516x.a(mac_scan.o)
 *fill*         0x000802ff        0x1 00
 .rodata.s_aprScanHandleEvt
                0x00080300       0x30 /cygdrive/c/TWESDK/516x/Components/Library/libMac_JN516x.a(mac_scan.o)
 .rodata.psTAMcontext
                0x00080330        0x4 /cygdrive/c/TWESDK/516x/Components/Library/libMac_JN516x.a(TAM.o)
                0x00080330                _psTAMcontext
 .rodata.psTamMacContext
                0x00080334        0x4 /cygdrive/c/TWESDK/516x/Components/Library/libMac_JN516x.a(TAM.o)
                0x00080334                _psTamMacContext
 .rodata.psTamXcvContext
                0x00080338        0x4 /cygdrive/c/TWESDK/516x/Components/Library/libMac_JN516x.a(TAM.o)
                0x00080338                _psTamXcvContext
 .rodata.au8XcvToTAMevent.4757
                0x0008033c        0xa /cygdrive/c/TWESDK/516x/Components/Library/libMac_JN516x.a(TAM.o)
 .rodata.au8HeaderSize.4215
                0x00080346        0xe /cygdrive/c/TWESDK/516x/Components/Library/libMac_JN516x.a(TAMcommon.o)
 .rodata.apvActionCalls
                0x00080354       0x88 /cygdrive/c/TWESDK/516x/Components/Library/libMac_JN516x.a(TAMevent.o)
                0x00080354                _apvActionCalls
 .rodata.au8StateActions
                0x000803dc       0x8c /cygdrive/c/TWESDK/516x/Components/Library/libMac_JN516x.a(TAMevent.o)
                0x000803dc                _au8StateActions
 .rodata.au8SizeInc.4433
                0x00080468        0x9 /cygdrive/c/TWESDK/516x/Components/Library/libMac_JN516x.a(TAMsecurity.o)
 .rodata.au8MICLenLUT.3714
                0x00080471        0x4 /cygdrive/c/TWESDK/516x/Components/Library/libMac_JN516x.a(TAMsecurity.o)
 .rodata.au8FlashWaitStates32MXO
                0x00080475        0x8 /cygdrive/c/TWESDK/516x/Components/Library/libHardwareApi_JN516x.a(AHI_System.o)
 .rodata.au8FlashWaitStatesHSRCO
                0x0008047d        0x8 /cygdrive/c/TWESDK/516x/Components/Library/libHardwareApi_JN516x.a(AHI_System.o)
 *fill*         0x00080485        0x3 00
 .rodata.au32TimerBaseAddress
                0x00080488       0x14 /cygdrive/c/TWESDK/516x/Components/Library/libHardwareApi_JN516x.a(AHI_Timer.o)
 .rodata.au32UartAddrOffset
                0x0008049c        0x8 /cygdrive/c/TWESDK/516x/Components/Library/libHardwareApi_JN516x.a(AHI_Uart.o)
                0x0008049c                _au32UartAddrOffset
 .rodata.au8dataSizeTable
                0x000804a4        0xd /cygdrive/c/TWESDK/516x/Components/Library/libAes_JN516x.a(AEScoprocessorAPI.o)
                0x000804a4                _au8dataSizeTable

.text           0x000804b4     0xa25e
 *(.text*)
 .text.cbToCoNet_vMain
                0x000804b4        0x3 objs_JN5164/TimerTest.o
                0x000804b4                _cbToCoNet_vMain
 .text.cbToCoNet_vRxEvent
                0x000804b7        0x3 objs_JN5164/TimerTest.o
                0x000804b7                _cbToCoNet_vRxEvent
 .text.cbToCoNet_vHwEvent
                0x000804ba       0x18 objs_JN5164/TimerTest.o
                0x000804ba                _cbToCoNet_vHwEvent
 .text.cbToCoNet_u8HwInt
                0x000804d2        0x5 objs_JN5164/TimerTest.o
                0x000804d2                _cbToCoNet_u8HwInt
 .text.cbAppWarmStart
                0x000804d7        0x3 objs_JN5164/TimerTest.o
                0x000804d7                _cbAppWarmStart
 .text.cbAppColdStart
                0x000804da       0xfe objs_JN5164/TimerTest.o
                0x000804da                _cbAppColdStart
 .text.vProcessEvCore
                0x000805d8       0x24 objs_JN5164/TimerTest.o
 .text.PRSEV_u8Register
                0x000805fc       0x32 /cygdrive/c/TWESDK/Wks_ToCoNet/TimerTest/../../Wks_libToCoNet/libToCoNet/lib/libToCoNet_JN5164.a(ToCoNet_event.o)
                0x000805fc                _PRSEV_u8Register
 .text.PRSEV_vSetStateAll
                0x0008062e       0x3b /cygdrive/c/TWESDK/Wks_ToCoNet/TimerTest/../../Wks_libToCoNet/libToCoNet/lib/libToCoNet_JN5164.a(ToCoNet_event.o)
                0x0008062e                _PRSEV_vSetStateAll
 .text.PRSEV_vSetState
                0x00080669       0x10 /cygdrive/c/TWESDK/Wks_ToCoNet/TimerTest/../../Wks_libToCoNet/libToCoNet/lib/libToCoNet_JN5164.a(ToCoNet_event.o)
                0x00080669                _PRSEV_vSetState
 .text.PRSEV_vProcessEv_core
                0x00080679       0x8f /cygdrive/c/TWESDK/Wks_ToCoNet/TimerTest/../../Wks_libToCoNet/libToCoNet/lib/libToCoNet_JN5164.a(ToCoNet_event.o)
 .text.PRSEV_vProcessEvPost
                0x00080708       0x35 /cygdrive/c/TWESDK/Wks_ToCoNet/TimerTest/../../Wks_libToCoNet/libToCoNet/lib/libToCoNet_JN5164.a(ToCoNet_event.o)
                0x00080708                _PRSEV_vProcessEvPost
 .text._PRSEV_vProcessEv
                0x0008073d       0x16 /cygdrive/c/TWESDK/Wks_ToCoNet/TimerTest/../../Wks_libToCoNet/libToCoNet/lib/libToCoNet_JN5164.a(ToCoNet_event.o)
                0x0008073d                __PRSEV_vProcessEv
 .text._PRSEV_vProcessEvSingle
                0x00080753       0x14 /cygdrive/c/TWESDK/Wks_ToCoNet/TimerTest/../../Wks_libToCoNet/libToCoNet/lib/libToCoNet_JN5164.a(ToCoNet_event.o)
                0x00080753                __PRSEV_vProcessEvSingle
 .text._PRSEV_vProcessEvSingleH
                0x00080767       0x16 /cygdrive/c/TWESDK/Wks_ToCoNet/TimerTest/../../Wks_libToCoNet/libToCoNet/lib/libToCoNet_JN5164.a(ToCoNet_event.o)
                0x00080767                __PRSEV_vProcessEvSingleH
 .text.PRSEV_vInit
                0x0008077d       0x4d /cygdrive/c/TWESDK/Wks_ToCoNet/TimerTest/../../Wks_libToCoNet/libToCoNet/lib/libToCoNet_JN5164.a(ToCoNet_event.o)
                0x0008077d                _PRSEV_vInit
 .text.ToCoNet_vDebugInit
                0x000807ca        0x9 /cygdrive/c/TWESDK/Wks_ToCoNet/TimerTest/../../Wks_libToCoNet/libToCoNet/lib/libToCoNet_JN5164.a(ToCoNet_main.o)
                0x000807ca                _ToCoNet_vDebugInit
 .text.ToCoNet_vDebugLevel
                0x000807d3        0x9 /cygdrive/c/TWESDK/Wks_ToCoNet/TimerTest/../../Wks_libToCoNet/libToCoNet/lib/libToCoNet_JN5164.a(ToCoNet_main.o)
                0x000807d3                _ToCoNet_vDebugLevel
 .text.ToCoNet_vRfConfig
                0x000807dc        0x6 /cygdrive/c/TWESDK/Wks_ToCoNet/TimerTest/../../Wks_libToCoNet/libToCoNet/lib/libToCoNet_JN5164.a(ToCoNet_main.o)
                0x000807dc                _ToCoNet_vRfConfig
 .text.ToCoNet_vMain
                0x000807e2      0x26c /cygdrive/c/TWESDK/Wks_ToCoNet/TimerTest/../../Wks_libToCoNet/libToCoNet/lib/libToCoNet_JN5164.a(ToCoNet_main.o)
                0x000807e2                _ToCoNet_vMain
 .text.vProcessEvCoreMac
                0x00080a4e       0x7a /cygdrive/c/TWESDK/Wks_ToCoNet/TimerTest/../../Wks_libToCoNet/libToCoNet/lib/libToCoNet_JN5164.a(ToCoNet_main.o)
                0x00080a4e                _vProcessEvCoreMac
 .text.ToCoNet_vStart
                0x00080ac8      0x3e2 /cygdrive/c/TWESDK/Wks_ToCoNet/TimerTest/../../Wks_libToCoNet/libToCoNet/lib/libToCoNet_JN5164.a(ToCoNet_main.o)
                0x00080ac8                _ToCoNet_vStart
 .text.ToCoNet_vInit
                0x00080eaa      0x135 /cygdrive/c/TWESDK/Wks_ToCoNet/TimerTest/../../Wks_libToCoNet/libToCoNet/lib/libToCoNet_JN5164.a(ToCoNet_main.o)
                0x00080eaa                _ToCoNet_vInit
 .text.u8HwEventHandler
                0x00080fdf       0x27 /cygdrive/c/TWESDK/Wks_ToCoNet/TimerTest/../../Wks_libToCoNet/libToCoNet/lib/libToCoNet_JN5164.a(ToCoNet_main.o)
 .text.ToCoNet_u32GetVersion
                0x00081006       0x21 /cygdrive/c/TWESDK/Wks_ToCoNet/TimerTest/../../Wks_libToCoNet/libToCoNet/lib/libToCoNet_JN5164.a(ToCoNet_utils.o)
                0x00081006                _ToCoNet_u32GetVersion
 .text.ToCoNet_vRxProc_App
                0x00081027       0x81 /cygdrive/c/TWESDK/Wks_ToCoNet/TimerTest/../../Wks_libToCoNet/libToCoNet/lib/libToCoNet_JN5164.a(ToCoNet_mod_Nwk_Common.o)
                0x00081027                _ToCoNet_vRxProc_App
 .text.ToCoNet_vRxProc_Mod
                0x000810a8       0x49 /cygdrive/c/TWESDK/Wks_ToCoNet/TimerTest/../../Wks_libToCoNet/libToCoNet/lib/libToCoNet_JN5164.a(ToCoNet_mod_Nwk_Common.o)
                0x000810a8                _ToCoNet_vRxProc_Mod
 .text.ToCoNet_ChMgr_bCh_Reconfig
                0x000810f1       0x68 /cygdrive/c/TWESDK/Wks_ToCoNet/TimerTest/../../Wks_libToCoNet/libToCoNet/lib/libToCoNet_JN5164.a(ToCoNet_mod_Channel_Mgr.o)
                0x000810f1                _ToCoNet_ChMgr_bCh_Reconfig
 .text.vFifoInit
                0x00081159       0x14 /cygdrive/c/TWESDK/Wks_ToCoNet/TimerTest/../../Wks_libToCoNet/libToCoNet/lib/libToCoNet_JN5164.a(AppQueueApi_ToCoNet.o)
 .text.pvFifoPull
                0x0008116d       0x23 /cygdrive/c/TWESDK/Wks_ToCoNet/TimerTest/../../Wks_libToCoNet/libToCoNet/lib/libToCoNet_JN5164.a(AppQueueApi_ToCoNet.o)
 .text.psAppQApiGetMcpsBuffer
                0x00081190        0xc /cygdrive/c/TWESDK/Wks_ToCoNet/TimerTest/../../Wks_libToCoNet/libToCoNet/lib/libToCoNet_JN5164.a(AppQueueApi_ToCoNet.o)
 .text.psAppQApiGetMlmeBuffer
                0x0008119c        0xc /cygdrive/c/TWESDK/Wks_ToCoNet/TimerTest/../../Wks_libToCoNet/libToCoNet/lib/libToCoNet_JN5164.a(AppQueueApi_ToCoNet.o)
 .text.psAppQApiReadHwIndT
                0x000811a8        0xc /cygdrive/c/TWESDK/Wks_ToCoNet/TimerTest/../../Wks_libToCoNet/libToCoNet/lib/libToCoNet_JN5164.a(AppQueueApi_ToCoNet.o)
                0x000811a8                _psAppQApiReadHwIndT
 .text.psAppQApiReadMcpsIndT
                0x000811b4        0xc /cygdrive/c/TWESDK/Wks_ToCoNet/TimerTest/../../Wks_libToCoNet/libToCoNet/lib/libToCoNet_JN5164.a(AppQueueApi_ToCoNet.o)
                0x000811b4                _psAppQApiReadMcpsIndT
 .text.psAppQApiReadMlmeIndT
                0x000811c0        0xc /cygdrive/c/TWESDK/Wks_ToCoNet/TimerTest/../../Wks_libToCoNet/libToCoNet/lib/libToCoNet_JN5164.a(AppQueueApi_ToCoNet.o)
                0x000811c0                _psAppQApiReadMlmeIndT
 .text.bFifoPush
                0x000811cc       0x28 /cygdrive/c/TWESDK/Wks_ToCoNet/TimerTest/../../Wks_libToCoNet/libToCoNet/lib/libToCoNet_JN5164.a(AppQueueApi_ToCoNet.o)
 .text.vAppQApiPostMcps
                0x000811f4       0x1e /cygdrive/c/TWESDK/Wks_ToCoNet/TimerTest/../../Wks_libToCoNet/libToCoNet/lib/libToCoNet_JN5164.a(AppQueueApi_ToCoNet.o)
 .text.vAppQApiPostMlme
                0x00081212       0x22 /cygdrive/c/TWESDK/Wks_ToCoNet/TimerTest/../../Wks_libToCoNet/libToCoNet/lib/libToCoNet_JN5164.a(AppQueueApi_ToCoNet.o)
 .text.vAppQApiReturnHwIndBufferT
                0x00081234        0xe /cygdrive/c/TWESDK/Wks_ToCoNet/TimerTest/../../Wks_libToCoNet/libToCoNet/lib/libToCoNet_JN5164.a(AppQueueApi_ToCoNet.o)
                0x00081234                _vAppQApiReturnHwIndBufferT
 .text.vAppQApiReturnMcpsIndBufferT
                0x00081242        0xe /cygdrive/c/TWESDK/Wks_ToCoNet/TimerTest/../../Wks_libToCoNet/libToCoNet/lib/libToCoNet_JN5164.a(AppQueueApi_ToCoNet.o)
                0x00081242                _vAppQApiReturnMcpsIndBufferT
 .text.vAppQApiReturnMlmeIndBufferT
                0x00081250        0xe /cygdrive/c/TWESDK/Wks_ToCoNet/TimerTest/../../Wks_libToCoNet/libToCoNet/lib/libToCoNet_JN5164.a(AppQueueApi_ToCoNet.o)
                0x00081250                _vAppQApiReturnMlmeIndBufferT
 .text.u32AppQApiInitT
                0x0008125e      0x18f /cygdrive/c/TWESDK/Wks_ToCoNet/TimerTest/../../Wks_libToCoNet/libToCoNet/lib/libToCoNet_JN5164.a(AppQueueApi_ToCoNet.o)
                0x0008125e                _u32AppQApiInitT
 .text.vAppQApiPostHwIntT
                0x000813ed       0x6e /cygdrive/c/TWESDK/Wks_ToCoNet/TimerTest/../../Wks_libToCoNet/libToCoNet/lib/libToCoNet_JN5164.a(AppQueueApi_ToCoNet.o)
 .text.u32AppQApiInitNetwork
                0x0008145b       0x22 /cygdrive/c/TWESDK/Wks_ToCoNet/TimerTest/../../Wks_libToCoNet/libToCoNet/lib/libToCoNet_JN5164.a(AppQueueApi_ToCoNet.o)
                0x0008145b                _u32AppQApiInitNetwork
 .text._ToCoNet_bRfChChannel
                0x0008147d       0xaa /cygdrive/c/TWESDK/Wks_ToCoNet/TimerTest/../../Wks_libToCoNet/libToCoNet/lib/libToCoNetExt_JN5164.a(AppStart.o)
                0x0008147d                __ToCoNet_bRfChChannel
 .text.AppWarmStart
                0x00081527       0x9d /cygdrive/c/TWESDK/Wks_ToCoNet/TimerTest/../../Wks_libToCoNet/libToCoNet/lib/libToCoNetExt_JN5164.a(AppStart.o)
                0x00081527                _AppWarmStart
 .text._ToCoNet_vMacInit
                0x000815c4       0x2c /cygdrive/c/TWESDK/Wks_ToCoNet/TimerTest/../../Wks_libToCoNet/libToCoNet/lib/libToCoNetExt_JN5164.a(AppStart.o)
                0x000815c4                __ToCoNet_vMacInit
 .text._ToCoNet_vRfConfig
                0x000815f0       0xe3 /cygdrive/c/TWESDK/Wks_ToCoNet/TimerTest/../../Wks_libToCoNet/libToCoNet/lib/libToCoNetExt_JN5164.a(AppStart.o)
                0x000815f0                __ToCoNet_vRfConfig
 .text.AppColdStart
                0x000816d3      0x4d7 /cygdrive/c/TWESDK/Wks_ToCoNet/TimerTest/../../Wks_libToCoNet/libToCoNet/lib/libToCoNetExt_JN5164.a(AppStart.o)
                0x000816d3                _AppColdStart
 .text.ToCoNet_u32GetSerialOnBoot
                0x00081baa       0x37 /cygdrive/c/TWESDK/Wks_ToCoNet/TimerTest/../../Wks_libToCoNet/libToCoNet/lib/libToCoNetExt_JN5164.a(getMacAddr.o)
                0x00081baa                _ToCoNet_u32GetSerialOnBoot
 .text.Mac_bRxQueueReg
                0x00081be1       0x34 /cygdrive/c/TWESDK/Wks_ToCoNet/TimerTest/../../Wks_libToCoNet/libToCoNet/lib/libToCoNetExt_JN5164.a(mac.o)
                0x00081be1                _Mac_bRxQueueReg
 .text.Mac_vSetHighDataRate
                0x00081c15        0x3 /cygdrive/c/TWESDK/Wks_ToCoNet/TimerTest/../../Wks_libToCoNet/libToCoNet/lib/libToCoNetExt_JN5164.a(mac.o)
                0x00081c15                _Mac_vSetHighDataRate
 .text.Mac_vSetCCA
                0x00081c18       0x32 /cygdrive/c/TWESDK/Wks_ToCoNet/TimerTest/../../Wks_libToCoNet/libToCoNet/lib/libToCoNetExt_JN5164.a(mac.o)
                0x00081c18                _Mac_vSetCCA
 .text.Mac_vSetRetry
                0x00081c4a       0x1e /cygdrive/c/TWESDK/Wks_ToCoNet/TimerTest/../../Wks_libToCoNet/libToCoNet/lib/libToCoNetExt_JN5164.a(mac.o)
                0x00081c4a                _Mac_vSetRetry
 .text.Mac_vReset
                0x00081c68       0x20 /cygdrive/c/TWESDK/Wks_ToCoNet/TimerTest/../../Wks_libToCoNet/libToCoNet/lib/libToCoNetExt_JN5164.a(mac.o)
                0x00081c68                _Mac_vReset
 .text.bDecodeAES
                0x00081c88       0xc6 /cygdrive/c/TWESDK/Wks_ToCoNet/TimerTest/../../Wks_libToCoNet/libToCoNet/lib/libToCoNetExt_JN5164.a(mac.o)
                0x00081c88                _bDecodeAES
 .text.Mac_vHandleMcpsDataInd
                0x00081d4e      0x2a0 /cygdrive/c/TWESDK/Wks_ToCoNet/TimerTest/../../Wks_libToCoNet/libToCoNet/lib/libToCoNetExt_JN5164.a(mac.o)
                0x00081d4e                _Mac_vHandleMcpsDataInd
 .text.Mac_vInit
                0x00081fee       0x41 /cygdrive/c/TWESDK/Wks_ToCoNet/TimerTest/../../Wks_libToCoNet/libToCoNet/lib/libToCoNetExt_JN5164.a(mac.o)
                0x00081fee                _Mac_vInit
 .text.bAES_CCM_Decode
                0x0008202f       0x1e /cygdrive/c/TWESDK/Wks_ToCoNet/TimerTest/../../Wks_libToCoNet/libToCoNet/lib/libToCoNetExt_JN5164.a(AES_CCM.o)
                0x0008202f                _bAES_CCM_Decode
 .text.bAES_CCM_KeyReg
                0x0008204d       0x4a /cygdrive/c/TWESDK/Wks_ToCoNet/TimerTest/../../Wks_libToCoNet/libToCoNet/lib/libToCoNetExt_JN5164.a(AES_CCM.o)
                0x0008204d                _bAES_CCM_KeyReg
 .text.bAES_CCM_DecodeKey
                0x00082097       0x6b /cygdrive/c/TWESDK/Wks_ToCoNet/TimerTest/../../Wks_libToCoNet/libToCoNet/lib/libToCoNetExt_JN5164.a(AES_CCM.o)
                0x00082097                _bAES_CCM_DecodeKey
 .text.bAES_CCM_EncodeKey
                0x00082102       0x5c /cygdrive/c/TWESDK/Wks_ToCoNet/TimerTest/../../Wks_libToCoNet/libToCoNet/lib/libToCoNetExt_JN5164.a(AES_CCM.o)
                0x00082102                _bAES_CCM_EncodeKey
 .text.vInstallNoAckHandler
                0x0008215e       0x2a /cygdrive/c/TWESDK/Wks_ToCoNet/TimerTest/../../Wks_libToCoNet/libToCoNet/lib/libToCoNetExt_JN5164.a(no_ack_handler.o)
                0x0008215e                _vInstallNoAckHandler
 .text.vHandlerPatch
                0x00082188       0x38 /cygdrive/c/TWESDK/Wks_ToCoNet/TimerTest/../../Wks_libToCoNet/libToCoNet/lib/libToCoNetExt_JN5164.a(no_ack_handler.o)
 .text.bAHI_ReadIndexSectorPage
                0x000821c0       0x4a /cygdrive/c/TWESDK/Wks_ToCoNet/TimerTest/../../Wks_libToCoNet/libToCoNet/lib/libToCoNetExt_JN5164.a(AHI_FlashIndexSector.o)
                0x000821c0                _bAHI_ReadIndexSectorPage
 .text.bAHI_ReadUserData
                0x0008220a       0x2a /cygdrive/c/TWESDK/Wks_ToCoNet/TimerTest/../../Wks_libToCoNet/libToCoNet/lib/libToCoNetExt_JN5164.a(AHI_FlashIndexSector.o)
                0x0008220a                _bAHI_ReadUserData
 .text.bAHI_ReadIndexSectorBit
                0x00082234       0x39 /cygdrive/c/TWESDK/Wks_ToCoNet/TimerTest/../../Wks_libToCoNet/libToCoNet/lib/libToCoNetExt_JN5164.a(AHI_FlashIndexSector.o)
                0x00082234                _bAHI_ReadIndexSectorBit
 .text.u32AHI_ReadIndexSectorBits
                0x0008226d       0x37 /cygdrive/c/TWESDK/Wks_ToCoNet/TimerTest/../../Wks_libToCoNet/libToCoNet/lib/libToCoNetExt_JN5164.a(AHI_FlashIndexSector.o)
                0x0008226d                _u32AHI_ReadIndexSectorBits
 .text.bAHI_ReadCustomerSettings
                0x000822a4       0x9b /cygdrive/c/TWESDK/Wks_ToCoNet/TimerTest/../../Wks_libToCoNet/libToCoNet/lib/libToCoNetExt_JN5164.a(AHI_FlashIndexSector.o)
                0x000822a4                _bAHI_ReadCustomerSettings
 .text.bAHI_ReadMACID
                0x0008233f       0x46 /cygdrive/c/TWESDK/Wks_ToCoNet/TimerTest/../../Wks_libToCoNet/libToCoNet/lib/libToCoNetExt_JN5164.a(AHI_FlashIndexSector.o)
                0x0008233f                _bAHI_ReadMACID
 .text.SERIAL_vTxReady
                0x00082385       0x36 /cygdrive/c/TWESDK/Wks_ToCoNet/TimerTest/../../Wks_libToCoNet/libToCoNet/lib/libToCoNetUtils_JN5164.a(serial.o)
                0x00082385                _SERIAL_vTxReady
 .text.SERIAL_bTxChar
                0x000823bb       0x73 /cygdrive/c/TWESDK/Wks_ToCoNet/TimerTest/../../Wks_libToCoNet/libToCoNet/lib/libToCoNetUtils_JN5164.a(serial.o)
                0x000823bb                _SERIAL_bTxChar
 .text.SERIAL_vInitEx
                0x0008242e       0x90 /cygdrive/c/TWESDK/Wks_ToCoNet/TimerTest/../../Wks_libToCoNet/libToCoNet/lib/libToCoNetUtils_JN5164.a(serial.o)
                0x0008242e                _SERIAL_vInitEx
 .text.SERIAL_vInit
                0x000824be        0x8 /cygdrive/c/TWESDK/Wks_ToCoNet/TimerTest/../../Wks_libToCoNet/libToCoNet/lib/libToCoNetUtils_JN5164.a(serial.o)
                0x000824be                _SERIAL_vInit
 .text.vRxChar  0x000824c6       0x3e /cygdrive/c/TWESDK/Wks_ToCoNet/TimerTest/../../Wks_libToCoNet/libToCoNet/lib/libToCoNetUtils_JN5164.a(serial.o)
 .text.UART_vSetTxInterrupt
                0x00082504       0x1a /cygdrive/c/TWESDK/Wks_ToCoNet/TimerTest/../../Wks_libToCoNet/libToCoNet/lib/libToCoNetUtils_JN5164.a(uart.o)
                0x00082504                _UART_vSetTxInterrupt
 .text.UART_bTxReady
                0x0008251e        0xf /cygdrive/c/TWESDK/Wks_ToCoNet/TimerTest/../../Wks_libToCoNet/libToCoNet/lib/libToCoNetUtils_JN5164.a(uart.o)
                0x0008251e                _UART_bTxReady
 .text.UART_vTxChar
                0x0008252d        0x6 /cygdrive/c/TWESDK/Wks_ToCoNet/TimerTest/../../Wks_libToCoNet/libToCoNet/lib/libToCoNetUtils_JN5164.a(uart.o)
                0x0008252d                _UART_vTxChar
 .text.UART_vRtsStopFlow
                0x00082533       0x22 /cygdrive/c/TWESDK/Wks_ToCoNet/TimerTest/../../Wks_libToCoNet/libToCoNet/lib/libToCoNetUtils_JN5164.a(uart.o)
                0x00082533                _UART_vRtsStopFlow
 .text.UART_vInit
                0x00082555      0x1c3 /cygdrive/c/TWESDK/Wks_ToCoNet/TimerTest/../../Wks_libToCoNet/libToCoNet/lib/libToCoNetUtils_JN5164.a(uart.o)
                0x00082555                _UART_vInit
 .text.UART_vHandleUartInterrupt
                0x00082718       0x8e /cygdrive/c/TWESDK/Wks_ToCoNet/TimerTest/../../Wks_libToCoNet/libToCoNet/lib/libToCoNetUtils_JN5164.a(uart.o)
 .text.QUEUE__vInit
                0x000827a6       0x12 /cygdrive/c/TWESDK/Wks_ToCoNet/TimerTest/../../Wks_libToCoNet/libToCoNet/lib/libToCoNetUtils_JN5164.a(ByteQueue.o)
                0x000827a6                _QUEUE__vInit
 .text.QUEUE__bEmpty
                0x000827b8        0xe /cygdrive/c/TWESDK/Wks_ToCoNet/TimerTest/../../Wks_libToCoNet/libToCoNet/lib/libToCoNetUtils_JN5164.a(ByteQueue.o)
                0x000827b8                _QUEUE__bEmpty
 .text.QUEUE__bFull
                0x000827c6       0x11 /cygdrive/c/TWESDK/Wks_ToCoNet/TimerTest/../../Wks_libToCoNet/libToCoNet/lib/libToCoNetUtils_JN5164.a(ByteQueue.o)
                0x000827c6                _QUEUE__bFull
 .text.QUEUE__u16Count
                0x000827d7        0x6 /cygdrive/c/TWESDK/Wks_ToCoNet/TimerTest/../../Wks_libToCoNet/libToCoNet/lib/libToCoNetUtils_JN5164.a(ByteQueue.o)
                0x000827d7                _QUEUE__u16Count
 .text.QUEUE__u8RemoveItem
                0x000827dd       0x66 /cygdrive/c/TWESDK/Wks_ToCoNet/TimerTest/../../Wks_libToCoNet/libToCoNet/lib/libToCoNetUtils_JN5164.a(ByteQueue.o)
                0x000827dd                _QUEUE__u8RemoveItem
 .text.QUEUE__vAddItem
                0x00082843       0x66 /cygdrive/c/TWESDK/Wks_ToCoNet/TimerTest/../../Wks_libToCoNet/libToCoNet/lib/libToCoNetUtils_JN5164.a(ByteQueue.o)
                0x00082843                _QUEUE__vAddItem
 .text.u8CCITT8
                0x000828a9       0x23 /cygdrive/c/TWESDK/Wks_ToCoNet/TimerTest/../../Wks_libToCoNet/libToCoNet/lib/libToCoNetUtils_JN5164.a(ccitt8.o)
                0x000828a9                _u8CCITT8
 .text.vPrintString
                0x000828cc       0x7d /cygdrive/c/TWESDK/Wks_ToCoNet/TimerTest/../../Wks_libToCoNet/libToCoNet/lib/libToCoNetUtils_JN5164.a(fprintf.o)
 .text.vPrintInteger
                0x00082949       0xac /cygdrive/c/TWESDK/Wks_ToCoNet/TimerTest/../../Wks_libToCoNet/libToCoNet/lib/libToCoNetUtils_JN5164.a(fprintf.o)
 .text.vfPrintf
                0x000829f5      0x1d4 /cygdrive/c/TWESDK/Wks_ToCoNet/TimerTest/../../Wks_libToCoNet/libToCoNet/lib/libToCoNetUtils_JN5164.a(fprintf.o)
                0x000829f5                _vfPrintf
 .text.vTimerStart
                0x00082bc9       0xa7 /cygdrive/c/TWESDK/Wks_ToCoNet/TimerTest/../../Wks_libToCoNet/libToCoNet/lib/libToCoNetUtils_JN5164.a(utils.o)
                0x00082bc9                _vTimerStart
 .text.vTimerConfig
                0x00082c70      0x190 /cygdrive/c/TWESDK/Wks_ToCoNet/TimerTest/../../Wks_libToCoNet/libToCoNet/lib/libToCoNetUtils_JN5164.a(utils.o)
                0x00082c70                _vTimerConfig
 .text.pvAppApiDefGetMacHandle
                0x00082e00        0x9 /cygdrive/c/TWESDK/516x/Components/Library/libAppApi_JN516x.a(AppApi.o)
                0x00082e00                _pvAppApiDefGetMacHandle
 .text.vAppApiDefSetPrbsSeed
                0x00082e09       0x24 /cygdrive/c/TWESDK/516x/Components/Library/libAppApi_JN516x.a(AppApi.o)
                0x00082e09                _vAppApiDefSetPrbsSeed
 .text.pvAppApiDefGetMacAddrLocation
                0x00082e2d        0x9 /cygdrive/c/TWESDK/516x/Components/Library/libAppApi_JN516x.a(AppApi.o)
                0x00082e2d                _pvAppApiDefGetMacAddrLocation
 .text.vAppApiDefSetInterrupts
                0x00082e36       0x3d /cygdrive/c/TWESDK/516x/Components/Library/libAppApi_JN516x.a(AppApi.o)
                0x00082e36                _vAppApiDefSetInterrupts
 .text.vAppApiDefPowerUp
                0x00082e73       0x26 /cygdrive/c/TWESDK/516x/Components/Library/libAppApi_JN516x.a(AppApi.o)
                0x00082e73                _vAppApiDefPowerUp
 .text.vAppApiDefStartStack
                0x00082e99       0x51 /cygdrive/c/TWESDK/516x/Components/Library/libAppApi_JN516x.a(AppApi.o)
                0x00082e99                _vAppApiDefStartStack
 .text.u32AppApiDefInit
                0x00082eea       0x5a /cygdrive/c/TWESDK/516x/Components/Library/libAppApi_JN516x.a(AppApi.o)
                0x00082eea                _u32AppApiDefInit
 .text.eAppApiDefPlmeGet
                0x00082f44       0x33 /cygdrive/c/TWESDK/516x/Components/Library/libAppApi_JN516x.a(AppApi.o)
                0x00082f44                _eAppApiDefPlmeGet
 .text.vAppApiDefMcpsRequest
                0x00082f77       0x32 /cygdrive/c/TWESDK/516x/Components/Library/libAppApi_JN516x.a(AppApi.o)
                0x00082f77                _vAppApiDefMcpsRequest
 .text.vAppApiDefMlmeRequest
                0x00082fa9       0x32 /cygdrive/c/TWESDK/516x/Components/Library/libAppApi_JN516x.a(AppApi.o)
                0x00082fa9                _vAppApiDefMlmeRequest
 .text.eAppApiDefPlmeSet
                0x00082fdb       0x33 /cygdrive/c/TWESDK/516x/Components/Library/libAppApi_JN516x.a(AppApi.o)
                0x00082fdb                _eAppApiDefPlmeSet
 .text.vAppApiDefSaveMacSettings
                0x0008300e       0x5d /cygdrive/c/TWESDK/516x/Components/Library/libAppApi_JN516x.a(AppApiSleep.o)
                0x0008300e                _vAppApiDefSaveMacSettings
 .text.vMAC_RestoreSettings
                0x0008306b       0xc8 /cygdrive/c/TWESDK/516x/Components/Library/libAppApi_JN516x.a(AppApiSleep.o)
                0x0008306b                _vMAC_RestoreSettings
 .text.vAppApiDefRestoreMacSettings
                0x00083133       0x25 /cygdrive/c/TWESDK/516x/Components/Library/libAppApi_JN516x.a(AppApiSleep.o)
                0x00083133                _vAppApiDefRestoreMacSettings
 .text.vSetTimer0
                0x00083158        0xf /cygdrive/c/TWESDK/516x/Components/Library/libMac_JN516x.a(mac_main.o)
                0x00083158                _vSetTimer0
 .text.u32GetTimer0
                0x00083167        0x7 /cygdrive/c/TWESDK/516x/Components/Library/libMac_JN516x.a(mac_main.o)
                0x00083167                _u32GetTimer0
 .text.MAC_vXcvPhyEvtHandler
                0x0008316e       0x10 /cygdrive/c/TWESDK/516x/Components/Library/libMac_JN516x.a(mac_main.o)
                0x0008316e                _MAC_vXcvPhyEvtHandler
 .text.MAC_vXcvBbcEvtHandler
                0x0008317e       0x20 /cygdrive/c/TWESDK/516x/Components/Library/libMac_JN516x.a(mac_main.o)
                0x0008317e                _MAC_vXcvBbcEvtHandler
 .text.mac_vInitTimer0
                0x0008319e       0x20 /cygdrive/c/TWESDK/516x/Components/Library/libMac_JN516x.a(mac_main.o)
                0x0008319e                _mac_vInitTimer0
 .text.MAC_pvCtor
                0x000831be       0x82 /cygdrive/c/TWESDK/516x/Components/Library/libMac_JN516x.a(mac_main.o)
                0x000831be                _MAC_pvCtor
 .text.MAC_vHandleMcpsReqRsp
                0x00083240       0x2d /cygdrive/c/TWESDK/516x/Components/Library/libMac_JN516x.a(mac_mcps.o)
                0x00083240                _MAC_vHandleMcpsReqRsp
 .text.vHandleTofRequest
                0x0008326d       0x12 /cygdrive/c/TWESDK/516x/Components/Library/libMac_JN516x.a(mac_mlme.o)
 *fill*         0x0008327f        0x1 00
 .text.MAC_vHandleMlmeReqRsp
                0x00083280       0xb4 /cygdrive/c/TWESDK/516x/Components/Library/libMac_JN516x.a(mac_mlme.o)
                0x00083280                _MAC_vHandleMlmeReqRsp
 .text.MAC_psPibGetHandle
                0x00083334        0x7 /cygdrive/c/TWESDK/516x/Components/Library/libMac_JN516x.a(mac_pib.o)
                0x00083334                _MAC_psPibGetHandle
 .text.MAC_vPibSetShortAddr
                0x0008333b        0xe /cygdrive/c/TWESDK/516x/Components/Library/libMac_JN516x.a(mac_pib.o)
                0x0008333b                _MAC_vPibSetShortAddr
 .text.MAC_vPibSetPanId
                0x00083349       0x1b /cygdrive/c/TWESDK/516x/Components/Library/libMac_JN516x.a(mac_pib.o)
                0x00083349                _MAC_vPibSetPanId
 .text.MAC_vPibSetMinBe
                0x00083364       0x1e /cygdrive/c/TWESDK/516x/Components/Library/libMac_JN516x.a(mac_pib.o)
                0x00083364                _MAC_vPibSetMinBe
 .text.MAC_vPibSetMaxCsmaBackoffs
                0x00083382       0x21 /cygdrive/c/TWESDK/516x/Components/Library/libMac_JN516x.a(mac_pib.o)
                0x00083382                _MAC_vPibSetMaxCsmaBackoffs
 .text.MAC_vSetExtAddr
                0x000833a3       0x1f /cygdrive/c/TWESDK/516x/Components/Library/libMac_JN516x.a(mac_pib.o)
                0x000833a3                _MAC_vSetExtAddr
 .text.MAC_vPibSetRxOnWhenIdle
                0x000833c2       0x13 /cygdrive/c/TWESDK/516x/Components/Library/libMac_JN516x.a(mac_pib.o)
                0x000833c2                _MAC_vPibSetRxOnWhenIdle
 .text.MAC_vPibSetPromiscuousMode
                0x000833d5       0x40 /cygdrive/c/TWESDK/516x/Components/Library/libMac_JN516x.a(mac_pib.o)
                0x000833d5                _MAC_vPibSetPromiscuousMode
 .text.mac_vPibCmpCoordExtAddr
                0x00083415       0x29 /cygdrive/c/TWESDK/516x/Components/Library/libMac_JN516x.a(mac_pib_mlme.o)
                0x00083415                _mac_vPibCmpCoordExtAddr
 .text.mac_vPibReset
                0x0008343e       0x87 /cygdrive/c/TWESDK/516x/Components/Library/libMac_JN516x.a(mac_pib_mlme.o)
                0x0008343e                _mac_vPibReset
 .text.mac_vPibSetDefaults
                0x000834c5      0x12e /cygdrive/c/TWESDK/516x/Components/Library/libMac_JN516x.a(mac_pib_mlme.o)
                0x000834c5                _mac_vPibSetDefaults
 .text.vPMICreset
                0x000835f3        0xd /cygdrive/c/TWESDK/516x/Components/Library/libMac_JN516x.a(mac_pmic.o)
                0x000835f3                _vPMICreset
 .text.vPMICpostFailedAssocDcfm
                0x00083600       0x3d /cygdrive/c/TWESDK/516x/Components/Library/libMac_JN516x.a(mac_pmic.o)
                0x00083600                _vPMICpostFailedAssocDcfm
 .text.vPMICassocReqTO_2
                0x0008363d       0x1d /cygdrive/c/TWESDK/516x/Components/Library/libMac_JN516x.a(mac_pmic.o)
 .text.vPMICassocReqFrameReceived
                0x0008365a       0x79 /cygdrive/c/TWESDK/516x/Components/Library/libMac_JN516x.a(mac_pmic.o)
                0x0008365a                _vPMICassocReqFrameReceived
 .text.vPMICdisassocReceived
                0x000836d3       0x93 /cygdrive/c/TWESDK/516x/Components/Library/libMac_JN516x.a(mac_pmic.o)
                0x000836d3                _vPMICdisassocReceived
 .text.vPMICassocRespFrameReceived
                0x00083766       0x93 /cygdrive/c/TWESDK/516x/Components/Library/libMac_JN516x.a(mac_pmic.o)
                0x00083766                _vPMICassocRespFrameReceived
 .text.vPMICassocReqTO_1
                0x000837f9       0x8c /cygdrive/c/TWESDK/516x/Components/Library/libMac_JN516x.a(mac_pmic.o)
 .text.vPMICdisassociateRequest
                0x00083885       0xf4 /cygdrive/c/TWESDK/516x/Components/Library/libMac_JN516x.a(mac_pmic.o)
                0x00083885                _vPMICdisassociateRequest
 .text.bPMICdisassocReqSent
                0x00083979       0x83 /cygdrive/c/TWESDK/516x/Components/Library/libMac_JN516x.a(mac_pmic.o)
 .text.vPMICassociateResponse
                0x000839fc       0xd9 /cygdrive/c/TWESDK/516x/Components/Library/libMac_JN516x.a(mac_pmic.o)
                0x000839fc                _vPMICassociateResponse
 .text.bAssocRespSent
                0x00083ad5       0x1d /cygdrive/c/TWESDK/516x/Components/Library/libMac_JN516x.a(mac_pmic.o)
 .text.vPMICassociateRequest
                0x00083af2       0xe6 /cygdrive/c/TWESDK/516x/Components/Library/libMac_JN516x.a(mac_pmic.o)
                0x00083af2                _vPMICassociateRequest
 .text.bPMICassocReqPollSent
                0x00083bd8       0x5b /cygdrive/c/TWESDK/516x/Components/Library/libMac_JN516x.a(mac_pmic.o)
 .text.bPMICassocReqSent
                0x00083c33       0x8d /cygdrive/c/TWESDK/516x/Components/Library/libMac_JN516x.a(mac_pmic.o)
 .text.MAC_vRegisterMlmeDcfmIndCallbacks
                0x00083cc0        0xc /cygdrive/c/TWESDK/516x/Components/Library/libMac_JN516x.a(mac_ind.o)
                0x00083cc0                _MAC_vRegisterMlmeDcfmIndCallbacks
 .text.MAC_vRegisterMcpsDcfmIndCallbacks
                0x00083ccc        0xc /cygdrive/c/TWESDK/516x/Components/Library/libMac_JN516x.a(mac_ind.o)
                0x00083ccc                _MAC_vRegisterMcpsDcfmIndCallbacks
 .text.mac_psDcfmIndGetBuf
                0x00083cd8       0x23 /cygdrive/c/TWESDK/516x/Components/Library/libMac_JN516x.a(mac_ind.o)
                0x00083cd8                _mac_psDcfmIndGetBuf
 .text.mac_eDcfmIndPost
                0x00083cfb       0x21 /cygdrive/c/TWESDK/516x/Components/Library/libMac_JN516x.a(mac_ind.o)
                0x00083cfb                _mac_eDcfmIndPost
 .text.eScanHandleEvt
                0x00083d1c       0x2e /cygdrive/c/TWESDK/516x/Components/Library/libMac_JN516x.a(mac_scan.o)
                0x00083d1c                _eScanHandleEvt
 .text.vScanHandleTimer
                0x00083d4a        0x8 /cygdrive/c/TWESDK/516x/Components/Library/libMac_JN516x.a(mac_scan.o)
 .text.eGenlIllegal
                0x00083d52        0x7 /cygdrive/c/TWESDK/516x/Components/Library/libMac_JN516x.a(mac_scan.o)
 .text.eGenlDontCare
                0x00083d59        0x5 /cygdrive/c/TWESDK/516x/Components/Library/libMac_JN516x.a(mac_scan.o)
 .text.eWEnDEdDone
                0x00083d5e       0x64 /cygdrive/c/TWESDK/516x/Components/Library/libMac_JN516x.a(mac_scan.o)
 .text.eWEnDTmrExpiry
                0x00083dc2        0xb /cygdrive/c/TWESDK/516x/Components/Library/libMac_JN516x.a(mac_scan.o)
 .text.mac_eScanHandleXcvBbcEvt
                0x00083dcd        0xf /cygdrive/c/TWESDK/516x/Components/Library/libMac_JN516x.a(mac_scan.o)
                0x00083dcd                _mac_eScanHandleXcvBbcEvt
 .text.mac_eScanHandleXcvPhyEvt
                0x00083ddc       0x12 /cygdrive/c/TWESDK/516x/Components/Library/libMac_JN516x.a(mac_scan.o)
                0x00083ddc                _mac_eScanHandleXcvPhyEvt
 .text.vSetNextChannel
                0x00083dee       0x4a /cygdrive/c/TWESDK/516x/Components/Library/libMac_JN516x.a(mac_scan.o)
 .text.mac_vScanHandleMlmeReq
                0x00083e38       0x98 /cygdrive/c/TWESDK/516x/Components/Library/libMac_JN516x.a(mac_scan.o)
                0x00083e38                _mac_vScanHandleMlmeReq
 .text.mac_eScanInit
                0x00083ed0       0x19 /cygdrive/c/TWESDK/516x/Components/Library/libMac_JN516x.a(mac_scan.o)
                0x00083ed0                _mac_eScanInit
 .text.vPostDcfm
                0x00083ee9       0xe9 /cygdrive/c/TWESDK/516x/Components/Library/libMac_JN516x.a(mac_scan.o)
 .text.eWCoRRxDone
                0x00083fd2       0xb7 /cygdrive/c/TWESDK/516x/Components/Library/libMac_JN516x.a(mac_scan.o)
 .text.eGenTmrExpiry
                0x00084089       0x4b /cygdrive/c/TWESDK/516x/Components/Library/libMac_JN516x.a(mac_scan.o)
 .text.eWEDTEdDone
                0x000840d4       0x1a /cygdrive/c/TWESDK/516x/Components/Library/libMac_JN516x.a(mac_scan.o)
 .text.eGenRxHdrDone
                0x000840ee       0x13 /cygdrive/c/TWESDK/516x/Components/Library/libMac_JN516x.a(mac_scan.o)
 .text.eWONTTxDone
                0x00084101       0x35 /cygdrive/c/TWESDK/516x/Components/Library/libMac_JN516x.a(mac_scan.o)
 .text.eWBRTTxDone
                0x00084136       0x21 /cygdrive/c/TWESDK/516x/Components/Library/libMac_JN516x.a(mac_scan.o)
 .text.eWBcnRxDone
                0x00084157      0x19e /cygdrive/c/TWESDK/516x/Components/Library/libMac_JN516x.a(mac_scan.o)
 .text.bSendMacCmd
                0x000842f5       0x40 /cygdrive/c/TWESDK/516x/Components/Library/libMac_JN516x.a(mac_scan.o)
 .text.eWChCChanChgd
                0x00084335      0x170 /cygdrive/c/TWESDK/516x/Components/Library/libMac_JN516x.a(mac_scan.o)
 .text.mac_vLPBAdjustBeaconOffset
                0x000844a5       0x5d /cygdrive/c/TWESDK/516x/Components/Library/libMac_JN516x.a(mac_lp.o)
                0x000844a5                _mac_vLPBAdjustBeaconOffset
 .text.mac_u32LPBGetBeaconTimeout
                0x00084502        0x9 /cygdrive/c/TWESDK/516x/Components/Library/libMac_JN516x.a(mac_lp.o)
                0x00084502                _mac_u32LPBGetBeaconTimeout
 .text.MAC_u32ConvertFrom16uS
                0x0008450b       0x41 /cygdrive/c/TWESDK/516x/Components/Library/libMac_JN516x.a(mac_lp.o)
                0x0008450b                _MAC_u32ConvertFrom16uS
 .text.mac_vLPBSleep
                0x0008454c       0x55 /cygdrive/c/TWESDK/516x/Components/Library/libMac_JN516x.a(mac_lp.o)
                0x0008454c                _mac_vLPBSleep
 .text.mac_vLPBStopTimer
                0x000845a1        0xe /cygdrive/c/TWESDK/516x/Components/Library/libMac_JN516x.a(mac_lp.o)
                0x000845a1                _mac_vLPBStopTimer
 .text.mac_vLPBStartTimer
                0x000845af       0x88 /cygdrive/c/TWESDK/516x/Components/Library/libMac_JN516x.a(mac_lp.o)
                0x000845af                _mac_vLPBStartTimer
 .text.vMCPSframeReceived
                0x00084637       0x5a /cygdrive/c/TWESDK/516x/Components/Library/libMac_JN516x.a(MCPS.o)
                0x00084637                _vMCPSframeReceived
 .text.bSearchQueue
                0x00084691       0x36 /cygdrive/c/TWESDK/516x/Components/Library/libMac_JN516x.a(MCPS.o)
 .text.vTAM_MCPSpurgeRequest
                0x000846c7       0x64 /cygdrive/c/TWESDK/516x/Components/Library/libMac_JN516x.a(MCPS.o)
                0x000846c7                _vTAM_MCPSpurgeRequest
 .text.bMCPSframeTXcomplete
                0x0008472b       0x5a /cygdrive/c/TWESDK/516x/Components/Library/libMac_JN516x.a(MCPS.o)
 .text.vTAM_MCPSdataRequest
                0x00084785       0x46 /cygdrive/c/TWESDK/516x/Components/Library/libMac_JN516x.a(MCPS.o)
                0x00084785                _vTAM_MCPSdataRequest
 .text.phy_ePibGet
                0x000847cb       0x34 /cygdrive/c/TWESDK/516x/Components/Library/libMac_JN516x.a(phy_pib.o)
                0x000847cb                _phy_ePibGet
 .text.u8GetPapValue
                0x000847ff       0x21 /cygdrive/c/TWESDK/516x/Components/Library/libMac_JN516x.a(phy_pib.o)
 .text.vPhySetChannel
                0x00084820       0x77 /cygdrive/c/TWESDK/516x/Components/Library/libMac_JN516x.a(phy_pib.o)
                0x00084820                _vPhySetChannel
 .text.phy_ePibSet
                0x00084897       0x90 /cygdrive/c/TWESDK/516x/Components/Library/libMac_JN516x.a(phy_pib.o)
                0x00084897                _phy_ePibSet
 .text.phy_vPibSetDefaults
                0x00084927       0x2c /cygdrive/c/TWESDK/516x/Components/Library/libMac_JN516x.a(phy_pib.o)
                0x00084927                _phy_vPibSetDefaults
 .text.bTAMinPAN
                0x00084953       0x19 /cygdrive/c/TWESDK/516x/Components/Library/libMac_JN516x.a(TAM.o)
                0x00084953                _bTAMinPAN
 .text.eTAMevent
                0x0008496c       0x1a /cygdrive/c/TWESDK/516x/Components/Library/libMac_JN516x.a(TAM.o)
                0x0008496c                _eTAMevent
 *fill*         0x00084986        0x2 00
 .text.eTAMselect
                0x00084988      0x154 /cygdrive/c/TWESDK/516x/Components/Library/libMac_JN516x.a(TAM.o)
                0x00084988                _eTAMselect
 .text.vTAM_MLMEsyncRequest
                0x00084adc       0x17 /cygdrive/c/TWESDK/516x/Components/Library/libMac_JN516x.a(TAM.o)
                0x00084adc                _vTAM_MLMEsyncRequest
 .text.vTAM_MLMEstartRequest
                0x00084af3       0x87 /cygdrive/c/TWESDK/516x/Components/Library/libMac_JN516x.a(TAM.o)
                0x00084af3                _vTAM_MLMEstartRequest
 .text.vTAMreset
                0x00084b7a      0x1f6 /cygdrive/c/TWESDK/516x/Components/Library/libMac_JN516x.a(TAM.o)
                0x00084b7a                _vTAMreset
 .text.vTAMCOsetCoordinator
                0x00084d70       0x29 /cygdrive/c/TWESDK/516x/Components/Library/libMac_JN516x.a(TAMCO.o)
                0x00084d70                _vTAMCOsetCoordinator
 .text.vTAMCOupdatePendingList
                0x00084d99       0xbb /cygdrive/c/TWESDK/516x/Components/Library/libMac_JN516x.a(TAMCO.o)
                0x00084d99                _vTAMCOupdatePendingList
 .text.vTAMCOreqTXinCAP
                0x00084e54       0x2f /cygdrive/c/TWESDK/516x/Components/Library/libMac_JN516x.a(TAMCO.o)
                0x00084e54                _vTAMCOreqTXinCAP
 .text.vTrySendFromDirectNoBeacon
                0x00084e83       0x38 /cygdrive/c/TWESDK/516x/Components/Library/libMac_JN516x.a(TAMCO.o)
 .text.vTAMCOreqTXnoBeacon
                0x00084ebb       0x18 /cygdrive/c/TWESDK/516x/Components/Library/libMac_JN516x.a(TAMCO.o)
                0x00084ebb                _vTAMCOreqTXnoBeacon
 .text.vTAMCOframeRXnobeacon
                0x00084ed3       0x18 /cygdrive/c/TWESDK/516x/Components/Library/libMac_JN516x.a(TAMCO.o)
                0x00084ed3                _vTAMCOframeRXnobeacon
 .text.vTAMCOframeTXnobeacon
                0x00084eeb       0x1e /cygdrive/c/TWESDK/516x/Components/Library/libMac_JN516x.a(TAMCO.o)
                0x00084eeb                _vTAMCOframeTXnobeacon
 .text.vTrySendFromDirectCAP
                0x00084f09       0x25 /cygdrive/c/TWESDK/516x/Components/Library/libMac_JN516x.a(TAMCO.o)
 .text.vTAMCOframeRXcap
                0x00084f2e       0x18 /cygdrive/c/TWESDK/516x/Components/Library/libMac_JN516x.a(TAMCO.o)
                0x00084f2e                _vTAMCOframeRXcap
 .text.vTAMCOframeRXgoingIdle
                0x00084f46       0x1c /cygdrive/c/TWESDK/516x/Components/Library/libMac_JN516x.a(TAMCO.o)
                0x00084f46                _vTAMCOframeRXgoingIdle
 .text.vTAMCOframeTXcap
                0x00084f62       0x30 /cygdrive/c/TWESDK/516x/Components/Library/libMac_JN516x.a(TAMCO.o)
                0x00084f62                _vTAMCOframeTXcap
 .text.vTAMCOframeTXgoingIdle
                0x00084f92       0x1b /cygdrive/c/TWESDK/516x/Components/Library/libMac_JN516x.a(TAMCO.o)
                0x00084f92                _vTAMCOframeTXgoingIdle
 .text.vTAMCOint2Fired
                0x00084fad       0x22 /cygdrive/c/TWESDK/516x/Components/Library/libMac_JN516x.a(TAMCO.o)
                0x00084fad                _vTAMCOint2Fired
 .text.vTAMCOframeTXbeacon
                0x00084fcf       0xc9 /cygdrive/c/TWESDK/516x/Components/Library/libMac_JN516x.a(TAMCO.o)
                0x00084fcf                _vTAMCOframeTXbeacon
 .text.vTAMCOint1Fired
                0x00085098       0xef /cygdrive/c/TWESDK/516x/Components/Library/libMac_JN516x.a(TAMCO.o)
                0x00085098                _vTAMCOint1Fired
 .text.vTAMCOint1FiredCAP
                0x00085187       0x7f /cygdrive/c/TWESDK/516x/Components/Library/libMac_JN516x.a(TAMCO.o)
                0x00085187                _vTAMCOint1FiredCAP
 .text.vTAMCOstartBeacon
                0x00085206       0x41 /cygdrive/c/TWESDK/516x/Components/Library/libMac_JN516x.a(TAMCO.o)
                0x00085206                _vTAMCOstartBeacon
 .text.vStartStoreValues
                0x00085247       0xbc /cygdrive/c/TWESDK/516x/Components/Library/libMac_JN516x.a(TAMCO.o)
 .text.bStartCallback
                0x00085303       0x2f /cygdrive/c/TWESDK/516x/Components/Library/libMac_JN516x.a(TAMCO.o)
 .text.vTAMCO_MLMEstartRequest
                0x00085332      0x11e /cygdrive/c/TWESDK/516x/Components/Library/libMac_JN516x.a(TAMCO.o)
                0x00085332                _vTAMCO_MLMEstartRequest
 .text.vTAMCOframeStarting
                0x00085450       0x1e /cygdrive/c/TWESDK/516x/Components/Library/libMac_JN516x.a(TAMCO.o)
                0x00085450                _vTAMCOframeStarting
 .text.vTAMDEdetermineNullState
                0x0008546e       0x1d /cygdrive/c/TWESDK/516x/Components/Library/libMac_JN516x.a(TAMDE.o)
                0x0008546e                _vTAMDEdetermineNullState
 .text.vSetPHYfromMacValue
                0x0008548b       0x45 /cygdrive/c/TWESDK/516x/Components/Library/libMac_JN516x.a(TAMDE.o)
 .text.vTAMDEint1FiredWaitDR
                0x000854d0       0x20 /cygdrive/c/TWESDK/516x/Components/Library/libMac_JN516x.a(TAMDE.o)
                0x000854d0                _vTAMDEint1FiredWaitDR
 .text.vTAMDEstartSync
                0x000854f0       0x86 /cygdrive/c/TWESDK/516x/Components/Library/libMac_JN516x.a(TAMDE.o)
                0x000854f0                _vTAMDEstartSync
 .text.vTAMDE_MLMEsyncRequest
                0x00085576       0x30 /cygdrive/c/TWESDK/516x/Components/Library/libMac_JN516x.a(TAMDE.o)
                0x00085576                _vTAMDE_MLMEsyncRequest
 .text.vTrySendUnslotted
                0x000855a6       0x23 /cygdrive/c/TWESDK/516x/Components/Library/libMac_JN516x.a(TAMDE.o)
 .text.vDeterminePowerState
                0x000855c9       0x98 /cygdrive/c/TWESDK/516x/Components/Library/libMac_JN516x.a(TAMDE.o)
 .text.vTAMDEreqTXnullTrackingCAP
                0x00085661       0x1c /cygdrive/c/TWESDK/516x/Components/Library/libMac_JN516x.a(TAMDE.o)
                0x00085661                _vTAMDEreqTXnullTrackingCAP
 .text.vTAMDEint2FiredTrackingDR
                0x0008567d       0x2b /cygdrive/c/TWESDK/516x/Components/Library/libMac_JN516x.a(TAMDE.o)
                0x0008567d                _vTAMDEint2FiredTrackingDR
 .text.vTAMDEframeTXDEnull
                0x000856a8       0x28 /cygdrive/c/TWESDK/516x/Components/Library/libMac_JN516x.a(TAMDE.o)
                0x000856a8                _vTAMDEframeTXDEnull
 .text.vTAMDEframeTXtrackingCAPgts
                0x000856d0       0x34 /cygdrive/c/TWESDK/516x/Components/Library/libMac_JN516x.a(TAMDE.o)
                0x000856d0                _vTAMDEframeTXtrackingCAPgts
 .text.vTAMDEframeRX
                0x00085704       0x30 /cygdrive/c/TWESDK/516x/Components/Library/libMac_JN516x.a(TAMDE.o)
                0x00085704                _vTAMDEframeRX
 .text.vTAMDEframePreSyncReq
                0x00085734       0x21 /cygdrive/c/TWESDK/516x/Components/Library/libMac_JN516x.a(TAMDE.o)
                0x00085734                _vTAMDEframePreSyncReq
 .text.bSendDataRequest
                0x00085755      0x113 /cygdrive/c/TWESDK/516x/Components/Library/libMac_JN516x.a(TAMDE.o)
 .text.vTAMDEframeRXtrackingDR
                0x00085868       0x47 /cygdrive/c/TWESDK/516x/Components/Library/libMac_JN516x.a(TAMDE.o)
                0x00085868                _vTAMDEframeRXtrackingDR
 .text.vTAMDEint2FiredPollActive
                0x000858af       0x34 /cygdrive/c/TWESDK/516x/Components/Library/libMac_JN516x.a(TAMDE.o)
                0x000858af                _vTAMDEint2FiredPollActive
 .text.vTAMDEframeTXtrackingDR
                0x000858e3       0x6b /cygdrive/c/TWESDK/516x/Components/Library/libMac_JN516x.a(TAMDE.o)
                0x000858e3                _vTAMDEframeTXtrackingDR
 .text.vTAMDEint1FiredTracking
                0x0008594e       0x6f /cygdrive/c/TWESDK/516x/Components/Library/libMac_JN516x.a(TAMDE.o)
                0x0008594e                _vTAMDEint1FiredTracking
 .text.vTAMDEint1FiredTrackingCAPgts
                0x000859bd       0xca /cygdrive/c/TWESDK/516x/Components/Library/libMac_JN516x.a(TAMDE.o)
                0x000859bd                _vTAMDEint1FiredTrackingCAPgts
 .text.vTAMDEint1FiredTrackingBeacon
                0x00085a87       0xa7 /cygdrive/c/TWESDK/516x/Components/Library/libMac_JN516x.a(TAMDE.o)
                0x00085a87                _vTAMDEint1FiredTrackingBeacon
 .text.bProcessBeaconRX
                0x00085b2e       0xe6 /cygdrive/c/TWESDK/516x/Components/Library/libMac_JN516x.a(TAMDE.o)
 .text.vTAMDEframeRXsyncReq
                0x00085c14      0x26c /cygdrive/c/TWESDK/516x/Components/Library/libMac_JN516x.a(TAMDE.o)
                0x00085c14                _vTAMDEframeRXsyncReq
 .text.vTAMDEint1FiredSyncReq
                0x00085e80       0x7b /cygdrive/c/TWESDK/516x/Components/Library/libMac_JN516x.a(TAMDE.o)
                0x00085e80                _vTAMDEint1FiredSyncReq
 .text.pvMEMget
                0x00085efb       0x27 /cygdrive/c/TWESDK/516x/Components/Library/libMac_JN516x.a(TAM_MEM.o)
                0x00085efb                _pvMEMget
 .text.vMEMreturn
                0x00085f22       0x6a /cygdrive/c/TWESDK/516x/Components/Library/libMac_JN516x.a(TAM_MEM.o)
                0x00085f22                _vMEMreturn
 .text.vMEMreset
                0x00085f8c       0x70 /cygdrive/c/TWESDK/516x/Components/Library/libMac_JN516x.a(TAM_MEM.o)
                0x00085f8c                _vMEMreset
 .text.vMLMErxEnableConfirm
                0x00085ffc       0x37 /cygdrive/c/TWESDK/516x/Components/Library/libMac_JN516x.a(TAM_MLME.o)
                0x00085ffc                _vMLMErxEnableConfirm
 .text.vMLMEcommStatus
                0x00086033       0x6e /cygdrive/c/TWESDK/516x/Components/Library/libMac_JN516x.a(TAM_MLME.o)
                0x00086033                _vMLMEcommStatus
 .text.vMLMEcommStatusFromFrame
                0x000860a1       0x47 /cygdrive/c/TWESDK/516x/Components/Library/libMac_JN516x.a(TAM_MLME.o)
                0x000860a1                _vMLMEcommStatusFromFrame
 .text.vMLMEsyncLoss
                0x000860e8       0x38 /cygdrive/c/TWESDK/516x/Components/Library/libMac_JN516x.a(TAM_MLME.o)
                0x000860e8                _vMLMEsyncLoss
 .text.vMLMEbeaconNotify
                0x00086120      0x17c /cygdrive/c/TWESDK/516x/Components/Library/libMac_JN516x.a(TAM_MLME.o)
                0x00086120                _vMLMEbeaconNotify
 .text.vTAHsetCutOff
                0x0008629c        0xa /cygdrive/c/TWESDK/516x/Components/Library/libMac_JN516x.a(TAM_TAH.o)
                0x0008629c                _vTAHsetCutOff
 .text.vTAHsetSyncLock
                0x000862a6       0x18 /cygdrive/c/TWESDK/516x/Components/Library/libMac_JN516x.a(TAM_TAH.o)
                0x000862a6                _vTAHsetSyncLock
 .text.vTAHsetPhyStateDirect
                0x000862be       0x33 /cygdrive/c/TWESDK/516x/Components/Library/libMac_JN516x.a(TAM_TAH.o)
                0x000862be                _vTAHsetPhyStateDirect
 .text.vTAHsetPhyState
                0x000862f1       0x35 /cygdrive/c/TWESDK/516x/Components/Library/libMac_JN516x.a(TAM_TAH.o)
                0x000862f1                _vTAHsetPhyState
 .text.vTAIdisableInterrupt
                0x00086326       0x10 /cygdrive/c/TWESDK/516x/Components/Library/libMac_JN516x.a(TAM_TAI.o)
                0x00086326                _vTAIdisableInterrupt
 .text.vTAIsetRxEnableTime
                0x00086336       0x1d /cygdrive/c/TWESDK/516x/Components/Library/libMac_JN516x.a(TAM_TAI.o)
                0x00086336                _vTAIsetRxEnableTime
 .text.vTAIsetCapTime
                0x00086353       0x1d /cygdrive/c/TWESDK/516x/Components/Library/libMac_JN516x.a(TAM_TAI.o)
                0x00086353                _vTAIsetCapTime
 .text.eTATreadTXstatus
                0x00086370       0x46 /cygdrive/c/TWESDK/516x/Components/Library/libMac_JN516x.a(TAM_TAT.o)
                0x00086370                _eTATreadTXstatus
 .text.vTATgetFrameAddress
                0x000863b6       0x20 /cygdrive/c/TWESDK/516x/Components/Library/libMac_JN516x.a(TAM_TAT.o)
                0x000863b6                _vTATgetFrameAddress
 .text.vTATgetFramePayload
                0x000863d6       0x1d /cygdrive/c/TWESDK/516x/Components/Library/libMac_JN516x.a(TAM_TAT.o)
                0x000863d6                _vTATgetFramePayload
 .text.vTATsetBLE
                0x000863f3       0x3e /cygdrive/c/TWESDK/516x/Components/Library/libMac_JN516x.a(TAM_TAT.o)
                0x000863f3                _vTATsetBLE
 .text.vTATwriteAclMaterialToHardware
                0x00086431       0x2c /cygdrive/c/TWESDK/516x/Components/Library/libMac_JN516x.a(TAM_TAT.o)
                0x00086431                _vTATwriteAclMaterialToHardware
 .text.bIsBbcSafeForTx
                0x0008645d       0x2d /cygdrive/c/TWESDK/516x/Components/Library/libMac_JN516x.a(TAM_TAT.o)
                0x0008645d                _bIsBbcSafeForTx
 .text.vTATstartReceiveAt
                0x0008648a       0x1e /cygdrive/c/TWESDK/516x/Components/Library/libMac_JN516x.a(TAM_TAT.o)
                0x0008648a                _vTATstartReceiveAt
 .text.vWriteFrame
                0x000864a8       0x7d /cygdrive/c/TWESDK/516x/Components/Library/libMac_JN516x.a(TAM_TAT.o)
 .text.bTATsendFrame
                0x00086525       0x5a /cygdrive/c/TWESDK/516x/Components/Library/libMac_JN516x.a(TAM_TAT.o)
                0x00086525                _bTATsendFrame
 .text.bTATsendFrameAt
                0x0008657f       0x48 /cygdrive/c/TWESDK/516x/Components/Library/libMac_JN516x.a(TAM_TAT.o)
                0x0008657f                _bTATsendFrameAt
 .text.bTACassessBeaconForPayload
                0x000865c7       0x4c /cygdrive/c/TWESDK/516x/Components/Library/libMac_JN516x.a(TAMcommon.o)
                0x000865c7                _bTACassessBeaconForPayload
 .text.bTACframeInProgress
                0x00086613       0x27 /cygdrive/c/TWESDK/516x/Components/Library/libMac_JN516x.a(TAMcommon.o)
                0x00086613                _bTACframeInProgress
 .text.vTACu16ToPayloadM
                0x0008663a        0xc /cygdrive/c/TWESDK/516x/Components/Library/libMac_JN516x.a(TAMcommon.o)
                0x0008663a                _vTACu16ToPayloadM
 .text.vTACu32ToPayloadM
                0x00086646       0x18 /cygdrive/c/TWESDK/516x/Components/Library/libMac_JN516x.a(TAMcommon.o)
                0x00086646                _vTACu32ToPayloadM
 .text.u16TACpayloadToU16M
                0x0008665e        0xf /cygdrive/c/TWESDK/516x/Components/Library/libMac_JN516x.a(TAMcommon.o)
                0x0008665e                _u16TACpayloadToU16M
 .text.u32TACpayloadToU32M
                0x0008666d       0x23 /cygdrive/c/TWESDK/516x/Components/Library/libMac_JN516x.a(TAMcommon.o)
                0x0008666d                _u32TACpayloadToU32M
 .text.u8TACgetHeaderSize
                0x00086690       0x26 /cygdrive/c/TWESDK/516x/Components/Library/libMac_JN516x.a(TAMcommon.o)
                0x00086690                _u8TACgetHeaderSize
 .text.vTACsetTxFrameDefaults
                0x000866b6       0x2a /cygdrive/c/TWESDK/516x/Components/Library/libMac_JN516x.a(TAMcommon.o)
                0x000866b6                _vTACsetTxFrameDefaults
 .text.vTACcheckPollResponse
                0x000866e0       0x37 /cygdrive/c/TWESDK/516x/Components/Library/libMac_JN516x.a(TAMcommon.o)
                0x000866e0                _vTACcheckPollResponse
 .text.bUpdateTime
                0x00086717       0x46 /cygdrive/c/TWESDK/516x/Components/Library/libMac_JN516x.a(TAMcommon.o)
 .text.vTACbuildBeacon
                0x0008675d      0x257 /cygdrive/c/TWESDK/516x/Components/Library/libMac_JN516x.a(TAMcommon.o)
                0x0008675d                _vTACbuildBeacon
 .text.vTACsetFramePending
                0x000869b4       0x3f /cygdrive/c/TWESDK/516x/Components/Library/libMac_JN516x.a(TAMcommon.o)
                0x000869b4                _vTACsetFramePending
 .text.vTACsetPHYfromMacValue
                0x000869f3       0x2b /cygdrive/c/TWESDK/516x/Components/Library/libMac_JN516x.a(TAMcommon.o)
                0x000869f3                _vTACsetPHYfromMacValue
 .text.bTACcheckPANconflict
                0x00086a1e       0xa8 /cygdrive/c/TWESDK/516x/Components/Library/libMac_JN516x.a(TAMcommon.o)
                0x00086a1e                _bTACcheckPANconflict
 .text.bTACprocessUnexpectedBeacon
                0x00086ac6       0x6d /cygdrive/c/TWESDK/516x/Components/Library/libMac_JN516x.a(TAMcommon.o)
                0x00086ac6                _bTACprocessUnexpectedBeacon
 .text.bSendSyncLoss
                0x00086b33       0x1e /cygdrive/c/TWESDK/516x/Components/Library/libMac_JN516x.a(TAMcommon.o)
 .text.vTACinformOriginator
                0x00086b51       0x26 /cygdrive/c/TWESDK/516x/Components/Library/libMac_JN516x.a(TAMcommon.o)
                0x00086b51                _vTACinformOriginator
 .text.vTACintRXheader
                0x00086b77       0x98 /cygdrive/c/TWESDK/516x/Components/Library/libMac_JN516x.a(TAMcommon.o)
                0x00086b77                _vTACintRXheader
 .text.bTACprocessFrameRXcomplete
                0x00086c0f      0x231 /cygdrive/c/TWESDK/516x/Components/Library/libMac_JN516x.a(TAMcommon.o)
                0x00086c0f                _bTACprocessFrameRXcomplete
 .text.eTACprocessFrameTXcomplete
                0x00086e40      0x17c /cygdrive/c/TWESDK/516x/Components/Library/libMac_JN516x.a(TAMcommon.o)
                0x00086e40                _eTACprocessFrameTXcomplete
 .text.vTAMinsertEvent
                0x00086fbc       0x6c /cygdrive/c/TWESDK/516x/Components/Library/libMac_JN516x.a(TAMevent.o)
                0x00086fbc                _vTAMinsertEvent
 .text.vTAM_TxRetryTimeout
                0x00087028        0x8 /cygdrive/c/TWESDK/516x/Components/Library/libMac_JN516x.a(TAMevent.o)
                0x00087028                _vTAM_TxRetryTimeout
 .text.vTAM_QueueTxEvent
                0x00087030       0x11 /cygdrive/c/TWESDK/516x/Components/Library/libMac_JN516x.a(TAMevent.o)
                0x00087030                _vTAM_QueueTxEvent
 .text.vTAM_CancelTxRetryTimer
                0x00087041        0xf /cygdrive/c/TWESDK/516x/Components/Library/libMac_JN516x.a(TAMevent.o)
                0x00087041                _vTAM_CancelTxRetryTimer
 .text.vTAM_TxRetryTimer
                0x00087050       0x13 /cygdrive/c/TWESDK/516x/Components/Library/libMac_JN516x.a(TAMevent.o)
                0x00087050                _vTAM_TxRetryTimer
 .text.vTAQaddToFifo
                0x00087063       0x1a /cygdrive/c/TWESDK/516x/Components/Library/libMac_JN516x.a(TAMqueue.o)
                0x00087063                _vTAQaddToFifo
 .text.bTAQremoveFromFifo
                0x0008707d       0x3d /cygdrive/c/TWESDK/516x/Components/Library/libMac_JN516x.a(TAMqueue.o)
                0x0008707d                _bTAQremoveFromFifo
 .text.vTAQresetFifo
                0x000870ba        0x9 /cygdrive/c/TWESDK/516x/Components/Library/libMac_JN516x.a(TAMqueue.o)
                0x000870ba                _vTAQresetFifo
 .text.psTAQsearchFifoForHandle
                0x000870c3       0x18 /cygdrive/c/TWESDK/516x/Components/Library/libMac_JN516x.a(TAMqueue.o)
                0x000870c3                _psTAQsearchFifoForHandle
 .text.psTAQsearchFifo
                0x000870db       0x46 /cygdrive/c/TWESDK/516x/Components/Library/libMac_JN516x.a(TAMqueue.o)
                0x000870db                _psTAQsearchFifo
 .text.vDoGoOff
                0x00087121       0x1a /cygdrive/c/TWESDK/516x/Components/Library/libMac_JN516x.a(TAMrxEnable.o)
 .text.vDoGoActive
                0x0008713b       0x28 /cygdrive/c/TWESDK/516x/Components/Library/libMac_JN516x.a(TAMrxEnable.o)
 .text.vTAM_MLMErxEnableRequest
                0x00087163       0xc8 /cygdrive/c/TWESDK/516x/Components/Library/libMac_JN516x.a(TAMrxEnable.o)
                0x00087163                _vTAM_MLMErxEnableRequest
 .text.vTAMRXEsetReceiveForPibChange
                0x0008722b       0x33 /cygdrive/c/TWESDK/516x/Components/Library/libMac_JN516x.a(TAMrxEnable.o)
                0x0008722b                _vTAMRXEsetReceiveForPibChange
 .text.vTAMRXEsetPhy
                0x0008725e       0xb6 /cygdrive/c/TWESDK/516x/Components/Library/libMac_JN516x.a(TAMrxEnable.o)
                0x0008725e                _vTAMRXEsetPhy
 .text.vTAMRXEint2Fired
                0x00087314       0x42 /cygdrive/c/TWESDK/516x/Components/Library/libMac_JN516x.a(TAMrxEnable.o)
                0x00087314                _vTAMRXEint2Fired
 .text.bSecurityLevelCheckingAlgorithm
                0x00087356       0x25 /cygdrive/c/TWESDK/516x/Components/Library/libMac_JN516x.a(TAMsecurity.o)
 .text.u8TSCframeIncrease
                0x0008737b        0xf /cygdrive/c/TWESDK/516x/Components/Library/libMac_JN516x.a(TAMsecurity.o)
                0x0008737b                _u8TSCframeIncrease
 .text.vTSCsetUpwardSecurity
                0x0008738a       0x15 /cygdrive/c/TWESDK/516x/Components/Library/libMac_JN516x.a(TAMsecurity.o)
                0x0008738a                _vTSCsetUpwardSecurity
 .text.vCopyToDataFromMacAddr
                0x0008739f       0x33 /cygdrive/c/TWESDK/516x/Components/Library/libMac_JN516x.a(TAMsecurity.o)
 .text.vTSCpostTransmitUpdate
                0x000873d2       0x3b /cygdrive/c/TWESDK/516x/Components/Library/libMac_JN516x.a(TAMsecurity.o)
                0x000873d2                _vTSCpostTransmitUpdate
 .text.vTSCsetOutgoingInfo
                0x0008740d      0x158 /cygdrive/c/TWESDK/516x/Components/Library/libMac_JN516x.a(TAMsecurity.o)
                0x0008740d                _vTSCsetOutgoingInfo
 .text.vMAC_RetrieveSecurityInfoFromFrame
                0x00087565       0x92 /cygdrive/c/TWESDK/516x/Components/Library/libMac_JN516x.a(TAMsecurity.o)
                0x00087565                _vMAC_RetrieveSecurityInfoFromFrame
 .text.MAC_bLookUpKeyDescriptor
                0x000875f7       0x7f /cygdrive/c/TWESDK/516x/Components/Library/libMac_JN516x.a(TAMsecurity.o)
 .text.bTSCgetOutgoingInfo2003
                0x00087676       0x21 /cygdrive/c/TWESDK/516x/Components/Library/libMac_JN516x.a(TAMsecurity.o)
                0x00087676                _bTSCgetOutgoingInfo2003
 .text.bTSCgetOutgoingInfo
                0x00087697      0x11c /cygdrive/c/TWESDK/516x/Components/Library/libMac_JN516x.a(TAMsecurity.o)
                0x00087697                _bTSCgetOutgoingInfo
 .text.vTSCgetIncomingInfo
                0x000877b3       0xc6 /cygdrive/c/TWESDK/516x/Components/Library/libMac_JN516x.a(TAMsecurity.o)
                0x000877b3                _vTSCgetIncomingInfo
 .text.bTSCcheckIncomingFrame
                0x00087879      0x689 /cygdrive/c/TWESDK/516x/Components/Library/libMac_JN516x.a(TAMsecurity.o)
                0x00087879                _bTSCcheckIncomingFrame
 .text.vTAStidyUpAfterFrameTX
                0x00087f02       0x26 /cygdrive/c/TWESDK/516x/Components/Library/libMac_JN516x.a(TAMsideways.o)
                0x00087f02                _vTAStidyUpAfterFrameTX
 .text.bTASsendCommStatusInd
                0x00087f28       0x1b /cygdrive/c/TWESDK/516x/Components/Library/libMac_JN516x.a(TAMsideways.o)
                0x00087f28                _bTASsendCommStatusInd
 .text.vTASretrieveSecurity
                0x00087f43       0x24 /cygdrive/c/TWESDK/516x/Components/Library/libMac_JN516x.a(TAMsideways.o)
                0x00087f43                _vTASretrieveSecurity
 .text.vTASretrieveFrame
                0x00087f67       0x88 /cygdrive/c/TWESDK/516x/Components/Library/libMac_JN516x.a(TAMsideways.o)
                0x00087f67                _vTASretrieveFrame
 .text.eTAStransmitRequest
                0x00087fef      0x3e3 /cygdrive/c/TWESDK/516x/Components/Library/libMac_JN516x.a(TAMsideways.o)
                0x00087fef                _eTAStransmitRequest
 .text.vTTIBLETimerExpired
                0x000883d2        0xb /cygdrive/c/TWESDK/516x/Components/Library/libMac_JN516x.a(TAMtime.o)
                0x000883d2                _vTTIBLETimerExpired
 .text.vTTITimer2Expired
                0x000883dd        0x8 /cygdrive/c/TWESDK/516x/Components/Library/libMac_JN516x.a(TAMtime.o)
                0x000883dd                _vTTITimer2Expired
 .text.vTTITimer1Expired
                0x000883e5        0x8 /cygdrive/c/TWESDK/516x/Components/Library/libMac_JN516x.a(TAMtime.o)
                0x000883e5                _vTTITimer1Expired
 .text.vTTITransactionTimerExpired
                0x000883ed       0x2f /cygdrive/c/TWESDK/516x/Components/Library/libMac_JN516x.a(TAMtime.o)
                0x000883ed                _vTTITransactionTimerExpired
 .text.vCmdWaitBusy
                0x0008841c        0xd /cygdrive/c/TWESDK/516x/Components/Library/libMac_JN516x.a(TAM_AES.o)
 .text.vEcbEncodeStripe
                0x00088429       0x55 /cygdrive/c/TWESDK/516x/Components/Library/libMac_JN516x.a(TAM_AES.o)
 .text.vFromU16ToLe
                0x0008847e        0xc /cygdrive/c/TWESDK/516x/Components/Library/libMac_JN516x.a(TAM_AES.o)
 .text.vFromU32ToLe
                0x0008848a       0x18 /cygdrive/c/TWESDK/516x/Components/Library/libMac_JN516x.a(TAM_AES.o)
 .text.u8TAM_AES_WriteAuxilliarySecurityHeaderIntoBuffer
                0x000884a2       0x6a /cygdrive/c/TWESDK/516x/Components/Library/libMac_JN516x.a(TAM_AES.o)
                0x000884a2                _u8TAM_AES_WriteAuxilliarySecurityHeaderIntoBuffer
 .text.u8Write802_15_4HeaderIntoBuffer
                0x0008850c      0x110 /cygdrive/c/TWESDK/516x/Components/Library/libMac_JN516x.a(TAM_AES.o)
 .text.vWrite802_15_4NonceIntoBuffer
                0x0008861c       0x4a /cygdrive/c/TWESDK/516x/Components/Library/libMac_JN516x.a(TAM_AES.o)
 .text.vTAM_AES_OptimisedCcmStar
                0x00088666      0x244 /cygdrive/c/TWESDK/516x/Components/Library/libMac_JN516x.a(TAM_AES.o)
                0x00088666                _vTAM_AES_OptimisedCcmStar
 .text.bTAM_AES_CCMstarPatch2006
                0x000888aa       0xf4 /cygdrive/c/TWESDK/516x/Components/Library/libMac_JN516x.a(TAM_AES.o)
                0x000888aa                _bTAM_AES_CCMstarPatch2006
 .text.bTAM_AES_CCMstarPatch
                0x0008899e       0xfe /cygdrive/c/TWESDK/516x/Components/Library/libMac_JN516x.a(TAM_AES.o)
                0x0008899e                _bTAM_AES_CCMstarPatch
 .text.MAC_u8AclFindInfo
                0x00088a9c      0x118 /cygdrive/c/TWESDK/516x/Components/Library/libMac_JN516x.a(mac_acl.o)
                0x00088a9c                _MAC_u8AclFindInfo
 .text.vMAC_MISCorphanReceived
                0x00088bb4       0x4f /cygdrive/c/TWESDK/516x/Components/Library/libMac_JN516x.a(mac_misc.o)
                0x00088bb4                _vMAC_MISCorphanReceived
 .text.vMAC_MISCpollConfirm
                0x00088c03       0x35 /cygdrive/c/TWESDK/516x/Components/Library/libMac_JN516x.a(mac_misc.o)
                0x00088c03                _vMAC_MISCpollConfirm
 .text.vMAC_MISCpollRequest
                0x00088c38       0xbe /cygdrive/c/TWESDK/516x/Components/Library/libMac_JN516x.a(mac_misc.o)
                0x00088c38                _vMAC_MISCpollRequest
 .text.vMAC_MISCorphanResponse
                0x00088cf6       0xc4 /cygdrive/c/TWESDK/516x/Components/Library/libMac_JN516x.a(mac_misc.o)
                0x00088cf6                _vMAC_MISCorphanResponse
 .text.bPollReqSent
                0x00088dba       0x1e /cygdrive/c/TWESDK/516x/Components/Library/libMac_JN516x.a(mac_misc.o)
 .text.vUpdateRegisters
                0x00088dd8       0x4b /cygdrive/c/TWESDK/516x/Components/Library/libXcv_JN516x.a(xcv_main.o)
 .text.XCV_vCtor
                0x00088e23      0x1ae /cygdrive/c/TWESDK/516x/Components/Library/libXcv_JN516x.a(xcv_main.o)
                0x00088e23                _XCV_vCtor
 .text.XCV_vDevWriteIER
                0x00088fd1        0xa /cygdrive/c/TWESDK/516x/Components/Library/libXcv_JN516x.a(xcv_access.o)
                0x00088fd1                _XCV_vDevWriteIER
 .text.XCV_vDevRMW_IER
                0x00088fdb       0x19 /cygdrive/c/TWESDK/516x/Components/Library/libXcv_JN516x.a(xcv_access.o)
                0x00088fdb                _XCV_vDevRMW_IER
 .text.vXCV_IntHandlerBbc
                0x00088ff4       0x62 /cygdrive/c/TWESDK/516x/Components/Library/libXcv_JN516x.a(xcv_isr.o)
                0x00088ff4                _vXCV_IntHandlerBbc
 .text.vXCV_IntHandlerPhy
                0x00089056       0xab /cygdrive/c/TWESDK/516x/Components/Library/libXcv_JN516x.a(xcv_isr.o)
                0x00089056                _vXCV_IntHandlerPhy
 .text.bACI_CCMstar
                0x00089101       0x66 /cygdrive/c/TWESDK/516x/Components/Library/libAes_JN516x.a(AEScoprocessorCCM.o)
                0x00089101                _bACI_CCMstar
 .text.TSV_eInit
                0x00089167       0x1d /cygdrive/c/TWESDK/516x/Components/Library/libTimerServer_JN516x.a(tsv_main.o)
                0x00089167                _TSV_eInit
 .text.TSV_eOpen
                0x00089184        0x8 /cygdrive/c/TWESDK/516x/Components/Library/libTimerServer_JN516x.a(tsv_main.o)
                0x00089184                _TSV_eOpen
 .text.psRemove
                0x0008918c       0x47 /cygdrive/c/TWESDK/516x/Components/Library/libTimerServer_JN516x.a(tsv_main.o)
 .text.vExpireHead
                0x000891d3       0x31 /cygdrive/c/TWESDK/516x/Components/Library/libTimerServer_JN516x.a(tsv_main.o)
 .text.TSV_eExpireProc
                0x00089204       0x2b /cygdrive/c/TWESDK/516x/Components/Library/libTimerServer_JN516x.a(tsv_main.o)
                0x00089204                _TSV_eExpireProc
 .text.TSV_eStart
                0x0008922f       0xcf /cygdrive/c/TWESDK/516x/Components/Library/libTimerServer_JN516x.a(tsv_main.o)
                0x0008922f                _TSV_eStart
 .text.TSV_eStop
                0x000892fe       0x79 /cygdrive/c/TWESDK/516x/Components/Library/libTimerServer_JN516x.a(tsv_main.o)
                0x000892fe                _TSV_eStop
 .text.vAHI_IntHandlerAnalogPeriph
                0x00089377       0x20 /cygdrive/c/TWESDK/516x/Components/Library/libHardwareApi_JN516x.a(AHI_Analogue.o)
                0x00089377                _vAHI_IntHandlerAnalogPeriph
 .text.vAHI_APRegisterCallback
                0x00089397        0x9 /cygdrive/c/TWESDK/516x/Components/Library/libHardwareApi_JN516x.a(AHI_Analogue.o)
                0x00089397                _vAHI_APRegisterCallback
 .text.u32AHI_Init
                0x000893a0       0xc5 /cygdrive/c/TWESDK/516x/Components/Library/libHardwareApi_JN516x.a(AHI_Init.o)
                0x000893a0                _u32AHI_Init
 .text          0x00089465       0x27 /cygdrive/c/TWESDK/516x/Components/Library/libHardwareApi_JN516x.a(AHI_Interrupt.o)
                0x00089483                _vAHI_InterruptSetActivePriorityLevel
                0x00089465                _vAHI_InterruptSetPriority
 .text.vAHI_IntHandlerSi
                0x0008948c       0x45 /cygdrive/c/TWESDK/516x/Components/Library/libHardwareApi_JN516x.a(AHI_Si.o)
                0x0008948c                _vAHI_IntHandlerSi
 .text.vAHI_SiRegisterCallback
                0x000894d1        0x9 /cygdrive/c/TWESDK/516x/Components/Library/libHardwareApi_JN516x.a(AHI_Si.o)
                0x000894d1                _vAHI_SiRegisterCallback
 .text.vAHI_IntHandlerSpiMaster
                0x000894da       0x26 /cygdrive/c/TWESDK/516x/Components/Library/libHardwareApi_JN516x.a(AHI_Spi.o)
                0x000894da                _vAHI_IntHandlerSpiMaster
 .text.vAHI_SpiRegisterCallback
                0x00089500        0x9 /cygdrive/c/TWESDK/516x/Components/Library/libHardwareApi_JN516x.a(AHI_Spi.o)
                0x00089500                _vAHI_SpiRegisterCallback
 .text.u8AHI_PowerStatus
                0x00089509        0xa /cygdrive/c/TWESDK/516x/Components/Library/libHardwareApi_JN516x.a(AHI_System.o)
                0x00089509                _u8AHI_PowerStatus
 .text.vAHI_ProtocolPower
                0x00089513       0x17 /cygdrive/c/TWESDK/516x/Components/Library/libHardwareApi_JN516x.a(AHI_System.o)
                0x00089513                _vAHI_ProtocolPower
 .text.vAHI_CpuDoze
                0x0008952a       0x13 /cygdrive/c/TWESDK/516x/Components/Library/libHardwareApi_JN516x.a(AHI_System.o)
                0x0008952a                _vAHI_CpuDoze
 .text.vAHI_SysCtrlRegisterCallback
                0x0008953d        0x9 /cygdrive/c/TWESDK/516x/Components/Library/libHardwareApi_JN516x.a(AHI_System.o)
                0x0008953d                _vAHI_SysCtrlRegisterCallback
 .text.vAHI_HighPowerModuleEnable
                0x00089546       0x2f /cygdrive/c/TWESDK/516x/Components/Library/libHardwareApi_JN516x.a(AHI_System.o)
                0x00089546                _vAHI_HighPowerModuleEnable
 .text.vAHI_WatchdogStart
                0x00089575       0x23 /cygdrive/c/TWESDK/516x/Components/Library/libHardwareApi_JN516x.a(AHI_System.o)
                0x00089575                _vAHI_WatchdogStart
 .text.vAHI_WatchdogStop
                0x00089598       0x17 /cygdrive/c/TWESDK/516x/Components/Library/libHardwareApi_JN516x.a(AHI_System.o)
                0x00089598                _vAHI_WatchdogStop
 .text.vAHI_WatchdogRestart
                0x000895af        0xd /cygdrive/c/TWESDK/516x/Components/Library/libHardwareApi_JN516x.a(AHI_System.o)
                0x000895af                _vAHI_WatchdogRestart
 .text.bAHI_GetClkSource
                0x000895bc        0xd /cygdrive/c/TWESDK/516x/Components/Library/libHardwareApi_JN516x.a(AHI_System.o)
                0x000895bc                _bAHI_GetClkSource
 .text.vAHI_OptimiseWaitStates
                0x000895c9       0x49 /cygdrive/c/TWESDK/516x/Components/Library/libHardwareApi_JN516x.a(AHI_System.o)
                0x000895c9                _vAHI_OptimiseWaitStates
 .text.vAHI_SetWaitStateToChangingClockSourceAndSpeed
                0x00089612       0x67 /cygdrive/c/TWESDK/516x/Components/Library/libHardwareApi_JN516x.a(AHI_System.o)
 .text.u8AHI_GetSystemClkSpeed
                0x00089679        0xa /cygdrive/c/TWESDK/516x/Components/Library/libHardwareApi_JN516x.a(AHI_System.o)
                0x00089679                _u8AHI_GetSystemClkSpeed
 .text.vPollClkSource
                0x00089683       0x15 /cygdrive/c/TWESDK/516x/Components/Library/libHardwareApi_JN516x.a(AHI_System.o)
 .text.bAHI_SetClockRate
                0x00089698       0x51 /cygdrive/c/TWESDK/516x/Components/Library/libHardwareApi_JN516x.a(AHI_System.o)
                0x00089698                _bAHI_SetClockRate
 .text.vAHI_MemoryHold
                0x000896e9       0x48 /cygdrive/c/TWESDK/516x/Components/Library/libHardwareApi_JN516x.a(AHI_System.o)
 .text.vAHI_StartRandomNumberGenerator
                0x00089731       0x2c /cygdrive/c/TWESDK/516x/Components/Library/libHardwareApi_JN516x.a(AHI_System.o)
                0x00089731                _vAHI_StartRandomNumberGenerator
 .text.u16AHI_ReadRandomNumber
                0x0008975d        0xa /cygdrive/c/TWESDK/516x/Components/Library/libHardwareApi_JN516x.a(AHI_System.o)
                0x0008975d                _u16AHI_ReadRandomNumber
 .text.bAHI_Clock32MHzStable
                0x00089767        0xd /cygdrive/c/TWESDK/516x/Components/Library/libHardwareApi_JN516x.a(AHI_System.o)
                0x00089767                _bAHI_Clock32MHzStable
 .text.vAHI_IntHandlerSysCtrl
                0x00089774       0x3d /cygdrive/c/TWESDK/516x/Components/Library/libHardwareApi_JN516x.a(AHI_System.o)
                0x00089774                _vAHI_IntHandlerSysCtrl
 .text.vAHI_Sleep
                0x000897b1       0xbf /cygdrive/c/TWESDK/516x/Components/Library/libHardwareApi_JN516x.a(AHI_System.o)
                0x000897b1                _vAHI_Sleep
 .text.vAHI_TickTimerInit
                0x00089870        0x9 /cygdrive/c/TWESDK/516x/Components/Library/libHardwareApi_JN516x.a(AHI_TickTimer.o)
                0x00089870                _vAHI_TickTimerInit
 .text.vAHI_TickTimerWrite
                0x00089879        0x9 /cygdrive/c/TWESDK/516x/Components/Library/libHardwareApi_JN516x.a(AHI_TickTimer.o)
                0x00089879                _vAHI_TickTimerWrite
 .text.vAHI_TickTimerConfigure
                0x00089882       0x1b /cygdrive/c/TWESDK/516x/Components/Library/libHardwareApi_JN516x.a(AHI_TickTimer.o)
                0x00089882                _vAHI_TickTimerConfigure
 .text.vAHI_TickTimerIntEnable
                0x0008989d       0x21 /cygdrive/c/TWESDK/516x/Components/Library/libHardwareApi_JN516x.a(AHI_TickTimer.o)
                0x0008989d                _vAHI_TickTimerIntEnable
 .text.vAHI_TickTimerInterval
                0x000898be       0x1e /cygdrive/c/TWESDK/516x/Components/Library/libHardwareApi_JN516x.a(AHI_TickTimer.o)
                0x000898be                _vAHI_TickTimerInterval
 .text.vAHI_IntHandlerTickTimer
                0x000898dc       0x3d /cygdrive/c/TWESDK/516x/Components/Library/libHardwareApi_JN516x.a(AHI_TickTimer.o)
                0x000898dc                _vAHI_IntHandlerTickTimer
 .text.vAHI_TimerEnable
                0x00089919       0x9a /cygdrive/c/TWESDK/516x/Components/Library/libHardwareApi_JN516x.a(AHI_Timer.o)
                0x00089919                _vAHI_TimerEnable
 .text.vAHI_TimerDisable
                0x000899b3       0x40 /cygdrive/c/TWESDK/516x/Components/Library/libHardwareApi_JN516x.a(AHI_Timer.o)
                0x000899b3                _vAHI_TimerDisable
 .text.vAHI_TimerClockSelect
                0x000899f3       0x31 /cygdrive/c/TWESDK/516x/Components/Library/libHardwareApi_JN516x.a(AHI_Timer.o)
                0x000899f3                _vAHI_TimerClockSelect
 .text.vAHI_TimerStop
                0x00089a24       0x22 /cygdrive/c/TWESDK/516x/Components/Library/libHardwareApi_JN516x.a(AHI_Timer.o)
                0x00089a24                _vAHI_TimerStop
 .text.vAHI_TimerConfigure
                0x00089a46       0x36 /cygdrive/c/TWESDK/516x/Components/Library/libHardwareApi_JN516x.a(AHI_Timer.o)
                0x00089a46                _vAHI_TimerConfigure
 .text.vStartTimer
                0x00089a7c       0x2a /cygdrive/c/TWESDK/516x/Components/Library/libHardwareApi_JN516x.a(AHI_Timer.o)
 .text.vAHI_TimerStartRepeat
                0x00089aa6       0x12 /cygdrive/c/TWESDK/516x/Components/Library/libHardwareApi_JN516x.a(AHI_Timer.o)
                0x00089aa6                _vAHI_TimerStartRepeat
 .text.vAHI_IntHandlerTimer0
                0x00089ab8       0x1d /cygdrive/c/TWESDK/516x/Components/Library/libHardwareApi_JN516x.a(AHI_TimerInt.o)
                0x00089ab8                _vAHI_IntHandlerTimer0
 .text.vAHI_IntHandlerTimer1
                0x00089ad5       0x1c /cygdrive/c/TWESDK/516x/Components/Library/libHardwareApi_JN516x.a(AHI_TimerInt.o)
                0x00089ad5                _vAHI_IntHandlerTimer1
 .text.vAHI_Timer0RegisterCallback
                0x00089af1        0x9 /cygdrive/c/TWESDK/516x/Components/Library/libHardwareApi_JN516x.a(AHI_TimerInt.o)
                0x00089af1                _vAHI_Timer0RegisterCallback
 .text.vAHI_Timer1RegisterCallback
                0x00089afa        0x9 /cygdrive/c/TWESDK/516x/Components/Library/libHardwareApi_JN516x.a(AHI_TimerInt.o)
                0x00089afa                _vAHI_Timer1RegisterCallback
 .text.vAHI_Timer2RegisterCallback
                0x00089b03        0x9 /cygdrive/c/TWESDK/516x/Components/Library/libHardwareApi_JN516x.a(AHI_TimerInt.o)
                0x00089b03                _vAHI_Timer2RegisterCallback
 .text.vAHI_IntHandlerTimer3
                0x00089b0c       0x1d /cygdrive/c/TWESDK/516x/Components/Library/libHardwareApi_JN516x.a(AHI_TimerInt.o)
                0x00089b0c                _vAHI_IntHandlerTimer3
 .text.vAHI_Timer3RegisterCallback
                0x00089b29        0x9 /cygdrive/c/TWESDK/516x/Components/Library/libHardwareApi_JN516x.a(AHI_TimerInt.o)
                0x00089b29                _vAHI_Timer3RegisterCallback
 .text.vAHI_IntHandlerTimer4
                0x00089b32       0x1d /cygdrive/c/TWESDK/516x/Components/Library/libHardwareApi_JN516x.a(AHI_TimerInt.o)
                0x00089b32                _vAHI_IntHandlerTimer4
 .text.vAHI_Timer4RegisterCallback
                0x00089b4f        0x9 /cygdrive/c/TWESDK/516x/Components/Library/libHardwareApi_JN516x.a(AHI_TimerInt.o)
                0x00089b4f                _vAHI_Timer4RegisterCallback
 .text.vAHI_IntHandlerTimer2
                0x00089b58       0x33 /cygdrive/c/TWESDK/516x/Components/Library/libHardwareApi_JN516x.a(AHI_TimerInt.o)
                0x00089b58                _vAHI_IntHandlerTimer2
 .text.vAHI_UartSetBaudDivisor
                0x00089b8b       0x59 /cygdrive/c/TWESDK/516x/Components/Library/libHardwareApi_JN516x.a(AHI_Uart.o)
                0x00089b8b                _vAHI_UartSetBaudDivisor
 .text.vAHI_UartSetControl
                0x00089be4       0x58 /cygdrive/c/TWESDK/516x/Components/Library/libHardwareApi_JN516x.a(AHI_Uart.o)
                0x00089be4                _vAHI_UartSetControl
 .text.vAHI_UartSetInterrupt
                0x00089c3c       0x67 /cygdrive/c/TWESDK/516x/Components/Library/libHardwareApi_JN516x.a(AHI_Uart.o)
                0x00089c3c                _vAHI_UartSetInterrupt
 .text.vAHI_UartReset
                0x00089ca3       0x46 /cygdrive/c/TWESDK/516x/Components/Library/libHardwareApi_JN516x.a(AHI_Uart.o)
                0x00089ca3                _vAHI_UartReset
 .text.vAHI_UartConfigureFIFOs
                0x00089ce9       0x93 /cygdrive/c/TWESDK/516x/Components/Library/libHardwareApi_JN516x.a(AHI_Uart.o)
 .text.u8AHI_UartReadLineStatus
                0x00089d7c       0x26 /cygdrive/c/TWESDK/516x/Components/Library/libHardwareApi_JN516x.a(AHI_Uart.o)
                0x00089d7c                _u8AHI_UartReadLineStatus
 .text.vAHI_UartWriteData
                0x00089da2       0x1f /cygdrive/c/TWESDK/516x/Components/Library/libHardwareApi_JN516x.a(AHI_Uart.o)
                0x00089da2                _vAHI_UartWriteData
 .text.u8AHI_UartReadData
                0x00089dc1       0x26 /cygdrive/c/TWESDK/516x/Components/Library/libHardwareApi_JN516x.a(AHI_Uart.o)
                0x00089dc1                _u8AHI_UartReadData
 .text.vAHI_UartSetRTSCTS
                0x00089de7       0x22 /cygdrive/c/TWESDK/516x/Components/Library/libHardwareApi_JN516x.a(AHI_Uart.o)
                0x00089de7                _vAHI_UartSetRTSCTS
 .text.vAHI_IntHandlerUart0
                0x00089e09       0x29 /cygdrive/c/TWESDK/516x/Components/Library/libHardwareApi_JN516x.a(AHI_Uart.o)
                0x00089e09                _vAHI_IntHandlerUart0
 .text.vAHI_IntHandlerUart1
                0x00089e32       0x29 /cygdrive/c/TWESDK/516x/Components/Library/libHardwareApi_JN516x.a(AHI_Uart.o)
                0x00089e32                _vAHI_IntHandlerUart1
 .text.vAHI_Uart0RegisterCallback
                0x00089e5b        0x9 /cygdrive/c/TWESDK/516x/Components/Library/libHardwareApi_JN516x.a(AHI_Uart.o)
                0x00089e5b                _vAHI_Uart0RegisterCallback
 .text.vAHI_Uart1RegisterCallback
                0x00089e64        0x9 /cygdrive/c/TWESDK/516x/Components/Library/libHardwareApi_JN516x.a(AHI_Uart.o)
                0x00089e64                _vAHI_Uart1RegisterCallback
 .text.vAHI_UartSetClocksPerBit
                0x00089e6d       0x32 /cygdrive/c/TWESDK/516x/Components/Library/libHardwareApi_JN516x.a(AHI_Uart.o)
                0x00089e6d                _vAHI_UartSetClocksPerBit
 .text.vAHI_UartEnable
                0x00089e9f       0x8c /cygdrive/c/TWESDK/516x/Components/Library/libHardwareApi_JN516x.a(AHI_Uart.o)
                0x00089e9f                _vAHI_UartEnable
 .text.vAHI_WakeTimerEnable
                0x00089f2b       0x5c /cygdrive/c/TWESDK/516x/Components/Library/libHardwareApi_JN516x.a(AHI_WakeTimer.o)
                0x00089f2b                _vAHI_WakeTimerEnable
 .text.vAHI_WakeTimerStart
                0x00089f87       0x58 /cygdrive/c/TWESDK/516x/Components/Library/libHardwareApi_JN516x.a(AHI_WakeTimer.o)
                0x00089f87                _vAHI_WakeTimerStart
 .text.vAHI_WakeTimerStop
                0x00089fdf       0x27 /cygdrive/c/TWESDK/516x/Components/Library/libHardwareApi_JN516x.a(AHI_WakeTimer.o)
                0x00089fdf                _vAHI_WakeTimerStop
 .text.u8AHI_WakeTimerFiredStatus
                0x0008a006       0x14 /cygdrive/c/TWESDK/516x/Components/Library/libHardwareApi_JN516x.a(AHI_WakeTimer.o)
                0x0008a006                _u8AHI_WakeTimerFiredStatus
 .text.u32AHI_WakeTimerCalibrate
                0x0008a01a       0x35 /cygdrive/c/TWESDK/516x/Components/Library/libHardwareApi_JN516x.a(AHI_WakeTimer.o)
                0x0008a01a                _u32AHI_WakeTimerCalibrate
 .text.vAHI_FlashAndEEPROMControllerIntHandler
                0x0008a04f       0x39 /cygdrive/c/TWESDK/516x/Components/Library/libHardwareApi_JN516x.a(AHI_Flash.o)
                0x0008a04f                _vAHI_FlashAndEEPROMControllerIntHandler
 .text.vAHI_IntHandlerSpiSlave
                0x0008a088       0x1d /cygdrive/c/TWESDK/516x/Components/Library/libHardwareApi_JN516x.a(AHI_SpiSlave.o)
                0x0008a088                _vAHI_IntHandlerSpiSlave
 .text.vAHI_IntHandlerInfrared
                0x0008a0a5       0x17 /cygdrive/c/TWESDK/516x/Components/Library/libHardwareApi_JN516x.a(AHI_Infrared.o)
                0x0008a0a5                _vAHI_IntHandlerInfrared
 .text.vAHI_DioSetDirection
                0x0008a0bc       0x14 /cygdrive/c/TWESDK/516x/Components/Library/libHardwareApi_JN516x.a(AHI_Dio.o)
                0x0008a0bc                _vAHI_DioSetDirection
 .text.vAHI_DioSetOutput
                0x0008a0d0       0x14 /cygdrive/c/TWESDK/516x/Components/Library/libHardwareApi_JN516x.a(AHI_Dio.o)
                0x0008a0d0                _vAHI_DioSetOutput
 .text.vAHI_DioSetPullup
                0x0008a0e4       0x20 /cygdrive/c/TWESDK/516x/Components/Library/libHardwareApi_JN516x.a(AHI_Dio.o)
                0x0008a0e4                _vAHI_DioSetPullup
 .text.vMicroIntEnableOnly
                0x0008a104       0x2d /cygdrive/c/TWESDK/516x/Components/Library/libMicroSpecific_JN516x.a(MicroInt.o)
                0x0008a104                _vMicroIntEnableOnly
 .text.vMicroIntRestoreState
                0x0008a131        0xc /cygdrive/c/TWESDK/516x/Components/Library/libMicroSpecific_JN516x.a(MicroInt.o)