Archive member included because of file (symbol)

/cygdrive/c/TWESDK/Wks_ToCoNet/TimerTest/../../Wks_libToCoNet/libToCoNet/lib/libToCoNet_JN5164.a(ToCoNet_event.o)
                              objs_JN5164/TimerTest.o (_PRSEV_u8Register)
/cygdrive/c/TWESDK/Wks_ToCoNet/TimerTest/../../Wks_libToCoNet/libToCoNet/lib/libToCoNet_JN5164.a(ToCoNet_main.o)
                              objs_JN5164/TimerTest.o (_ToCoNet_vDebugInit)
/cygdrive/c/TWESDK/Wks_ToCoNet/TimerTest/../../Wks_libToCoNet/libToCoNet/lib/libToCoNet_JN5164.a(ToCoNet_utils.o)
                              /cygdrive/c/TWESDK/Wks_ToCoNet/TimerTest/../../Wks_libToCoNet/libToCoNet/lib/libToCoNet_JN5164.a(ToCoNet_main.o) (_ToCoNet_u32GetVersion)
/cygdrive/c/TWESDK/Wks_ToCoNet/TimerTest/../../Wks_libToCoNet/libToCoNet/lib/libToCoNet_JN5164.a(ToCoNet_mod_Nwk_Common.o)
                              /cygdrive/c/TWESDK/Wks_ToCoNet/TimerTest/../../Wks_libToCoNet/libToCoNet/lib/libToCoNet_JN5164.a(ToCoNet_main.o) (_ToCoNet_vRxProc_App)
/cygdrive/c/TWESDK/Wks_ToCoNet/TimerTest/../../Wks_libToCoNet/libToCoNet/lib/libToCoNet_JN5164.a(ToCoNet_mod_Channel_Mgr.o)
                              /cygdrive/c/TWESDK/Wks_ToCoNet/TimerTest/../../Wks_libToCoNet/libToCoNet/lib/libToCoNet_JN5164.a(ToCoNet_main.o) (_ToCoNet_ChMgr_bCh_Reconfig)
/cygdrive/c/TWESDK/Wks_ToCoNet/TimerTest/../../Wks_libToCoNet/libToCoNet/lib/libToCoNet_JN5164.a(Version.o)
                              /cygdrive/c/TWESDK/Wks_ToCoNet/TimerTest/../../Wks_libToCoNet/libToCoNet/lib/libToCoNet_JN5164.a(ToCoNet_utils.o) (_au8ToCoNetVersionInfo)
/cygdrive/c/TWESDK/Wks_ToCoNet/TimerTest/../../Wks_libToCoNet/libToCoNet/lib/libToCoNet_JN5164.a(AppQueueApi_ToCoNet.o)
                              /cygdrive/c/TWESDK/Wks_ToCoNet/TimerTest/../../Wks_libToCoNet/libToCoNet/lib/libToCoNet_JN5164.a(ToCoNet_main.o) (_psAppQApiReadHwIndT)
/cygdrive/c/TWESDK/Wks_ToCoNet/TimerTest/../../Wks_libToCoNet/libToCoNet/lib/libToCoNetExt_JN5164.a(AppStart.o)
                              /cygdrive/c/TWESDK/Wks_ToCoNet/TimerTest/../../Wks_libToCoNet/libToCoNet/lib/libToCoNet_JN5164.a(ToCoNet_mod_Channel_Mgr.o) (__ToCoNet_bRfChChannel)
/cygdrive/c/TWESDK/Wks_ToCoNet/TimerTest/../../Wks_libToCoNet/libToCoNet/lib/libToCoNetExt_JN5164.a(getMacAddr.o)
                              /cygdrive/c/TWESDK/Wks_ToCoNet/TimerTest/../../Wks_libToCoNet/libToCoNet/lib/libToCoNet_JN5164.a(ToCoNet_main.o) (_ToCoNet_u32GetSerialOnBoot)
/cygdrive/c/TWESDK/Wks_ToCoNet/TimerTest/../../Wks_libToCoNet/libToCoNet/lib/libToCoNetExt_JN5164.a(mac.o)
                              /cygdrive/c/TWESDK/Wks_ToCoNet/TimerTest/../../Wks_libToCoNet/libToCoNet/lib/libToCoNet_JN5164.a(ToCoNet_main.o) (_Mac_bRxQueueReg)
/cygdrive/c/TWESDK/Wks_ToCoNet/TimerTest/../../Wks_libToCoNet/libToCoNet/lib/libToCoNetExt_JN5164.a(AES_CCM.o)
                              /cygdrive/c/TWESDK/Wks_ToCoNet/TimerTest/../../Wks_libToCoNet/libToCoNet/lib/libToCoNetExt_JN5164.a(mac.o) (_bAES_CCM_Encode)
/cygdrive/c/TWESDK/Wks_ToCoNet/TimerTest/../../Wks_libToCoNet/libToCoNet/lib/libToCoNetExt_JN5164.a(no_ack_handler.o)
                              /cygdrive/c/TWESDK/Wks_ToCoNet/TimerTest/../../Wks_libToCoNet/libToCoNet/lib/libToCoNetExt_JN5164.a(AppStart.o) (_vInstallNoAckHandler)
/cygdrive/c/TWESDK/Wks_ToCoNet/TimerTest/../../Wks_libToCoNet/libToCoNet/lib/libToCoNetExt_JN5164.a(Version.o)
                              /cygdrive/c/TWESDK/Wks_ToCoNet/TimerTest/../../Wks_libToCoNet/libToCoNet/lib/libToCoNet_JN5164.a(ToCoNet_utils.o) (_au8ToCoNetExtVersionInfo)
/cygdrive/c/TWESDK/Wks_ToCoNet/TimerTest/../../Wks_libToCoNet/libToCoNet/lib/libToCoNetExt_JN5164.a(AHI_FlashIndexSector.o)
                              /cygdrive/c/TWESDK/Wks_ToCoNet/TimerTest/../../Wks_libToCoNet/libToCoNet/lib/libToCoNetExt_JN5164.a(AppStart.o) (_bAHI_ReadUserData)
/cygdrive/c/TWESDK/Wks_ToCoNet/TimerTest/../../Wks_libToCoNet/libToCoNet/lib/libToCoNetUtils_JN5164.a(serial.o)
                              objs_JN5164/TimerTest.o (_SERIAL_bTxChar)
/cygdrive/c/TWESDK/Wks_ToCoNet/TimerTest/../../Wks_libToCoNet/libToCoNet/lib/libToCoNetUtils_JN5164.a(uart.o)
                              /cygdrive/c/TWESDK/Wks_ToCoNet/TimerTest/../../Wks_libToCoNet/libToCoNet/lib/libToCoNetUtils_JN5164.a(serial.o) (_UART_vSetTxInterrupt)
/cygdrive/c/TWESDK/Wks_ToCoNet/TimerTest/../../Wks_libToCoNet/libToCoNet/lib/libToCoNetUtils_JN5164.a(ByteQueue.o)
                              /cygdrive/c/TWESDK/Wks_ToCoNet/TimerTest/../../Wks_libToCoNet/libToCoNet/lib/libToCoNet_JN5164.a(ToCoNet_main.o) (_QUEUE__vInit)
/cygdrive/c/TWESDK/Wks_ToCoNet/TimerTest/../../Wks_libToCoNet/libToCoNet/lib/libToCoNetUtils_JN5164.a(ccitt8.o)
                              /cygdrive/c/TWESDK/Wks_ToCoNet/TimerTest/../../Wks_libToCoNet/libToCoNet/lib/libToCoNetExt_JN5164.a(AppStart.o) (_u8CCITT8)
/cygdrive/c/TWESDK/Wks_ToCoNet/TimerTest/../../Wks_libToCoNet/libToCoNet/lib/libToCoNetUtils_JN5164.a(fprintf.o)
[...]
Memory Configuration

Name             Origin             Length             Attributes
flash            0x00080000         0x00028000
ram              0x0400004c         0x00007fb4
*default*        0x00000000         0xffffffff

Linker script and memory map

LOAD objs_JN5164/TimerTest.o
LOAD /cygdrive/c/TWESDK/Wks_ToCoNet/TimerTest/../../Wks_libToCoNet/libToCoNet/lib/libToCoNet_JN5164.a
LOAD /cygdrive/c/TWESDK/Wks_ToCoNet/TimerTest/../../Wks_libToCoNet/libToCoNet/lib/libToCoNetExt_JN5164.a
LOAD /cygdrive/c/TWESDK/Wks_ToCoNet/TimerTest/../../Wks_libToCoNet/libToCoNet/lib/libToCoNetUtils_JN5164.a
START GROUP
LOAD /cygdrive/c/TWESDK/516x/Components/Library/libAppApi_JN516x.a
LOAD /cygdrive/c/TWESDK/516x/Components/Library/libMac_JN516x.a
LOAD /cygdrive/c/TWESDK/516x/Components/Library/libTof_JN516x.a
LOAD /cygdrive/c/TWESDK/516x/Components/Library/libXcv_JN516x.a
LOAD /cygdrive/c/TWESDK/516x/Components/Library/libAES_CCM_SW_PATCH_JN516x.a
LOAD /cygdrive/c/TWESDK/516x/Components/Library/libAes_JN516x.a
LOAD /cygdrive/c/TWESDK/516x/Components/Library/libTimerServer_JN516x.a
LOAD /cygdrive/c/TWESDK/516x/Components/Library/libHardwareApi_JN516x.a
LOAD /cygdrive/c/TWESDK/516x/Components/Library/libMicroSpecific_JN516x.a
LOAD /cygdrive/c/TWESDK/516x/Components/Library/libBoot_JN516x.a
LOAD /cygdrive/c/TWESDK/516x/Components/Library/libMaths_JN516x.a
LOAD /cygdrive/c/TWESDK/Wks_ToCoNet/TimerTest/../../Wks_libToCoNet/libToCoNet/lib/libToCoNet_JN5164.a
LOAD /cygdrive/c/TWESDK/Wks_ToCoNet/TimerTest/../../Wks_libToCoNet/libToCoNet/lib/libToCoNetExt_JN5164.a
LOAD /cygdrive/c/TWESDK/Wks_ToCoNet/TimerTest/../../Wks_libToCoNet/libToCoNet/lib/libToCoNetUtils_JN5164.a
END GROUP
LOAD /cygdrive/c/TWESDK/Tools/ba-elf-ba2/bin/../lib/gcc/ba-elf/4.1.2/ba2/libgcc.a
LOAD /cygdrive/c/TWESDK/Tools/ba-elf-ba2/bin/../lib/gcc/ba-elf/4.1.2/../../../../ba-elf/lib/ba2/libc.a
LOAD /cygdrive/c/TWESDK/Tools/ba-elf-ba2/bin/../lib/gcc/ba-elf/4.1.2/ba2/libgcc.a
                0x00001000                _stack_size = 0x1000
                0x00080038                __exception_vsr_table = 0x80038
                0x04000000                _pSPIflashFncTable = 0x4000000
                0x00001000                _stack_size = 0x1000
                0x00000044                restore_state = 0x44
                0x0000004a                _bZSPIWaitWIPClear = 0x4a
                0x00000050                _u16ZSPIflashRDID = 0x50
                0x00000056                _u8SelectFlashChipType = 0x56
                0x0000005c                _memcpy = 0x5c
                0x00000066                _vBootFlashProg = 0x66
                [0x00000d16]                _minimum_heap_size = DEFINED (_minimum_heap_size)?_minimum_heap_size:0xd16
                0x00000000                _SwConfig = (DEFINED (g_bSWConf_Debug) | (DEFINED (g_bSWConf_AltDebugPort) << 0x1))

.version        0x0007fffc        0x4
                0x0007fffc        0x4 LONG 0x4030008

.bir            0x00080000       0x10
                0x00080000                _flash_start = <code 342> (.)
                0x00080000                _flash_beg = <code 342> (.)
                0x00080000        0x4 LONG 0x12345678
                0x00080004        0x4 LONG 0x11223344
                0x00080008        0x4 LONG 0x55667788
                0x0008000c        0x1 BYTE 0x8
                0x0008000d        0x1 BYTE 0x1
                0x0008000e        0x2 SHORT 0x0

.flashheader    0x00080010       0x28
                0x00080010        0x4 LONG 0x0
                0x00080014        0x4 LONG 0x0
                0x00080018        0x4 LONG 0x0
                0x0008001c        0x2 SHORT 0x0
                0x0008001e        0x2 SHORT 0x0 <code 342> (_SwConfig)
                0x00080020                _enc_start = <code 342> (.)
                0x00080020        0x4 LONG 0xa784 <code 342> (_image_len)
                0x00000000                _enc_offset = (_enc_start & 0xf)
                [0x00000020]                _enc_start = (_enc_start - _flash_beg)
                0x00080024        0x4 LONG 0x8a758 <code 342> (_flash_data_start)
                0x00080028        0x2 SHORT 0x13 ((<code 342> (_ram_data_start) / 0x4) & 0xffff)
                0x0008002a        0x2 SHORT 0xb ((<code 342> (_ram_data_len) / 0x4) & 0xffff)
                0x0008002c        0x2 SHORT 0x1e ((<code 342> (_bss_start) / 0x4) & 0xffff)
                0x0008002e        0x2 SHORT 0x38b ((<code 342> (_bss_len) / 0x4) & 0xffff)
                0x00080030        0x4 LONG 0x81561 <code 342> (_AppWarmStart)
                0x00080034        0x4 LONG 0x8170d <code 342> (_AppColdStart)
                0x00000044                PROVIDE (_vException_BusError, restore_state)
                0x00000044                PROVIDE (_vException_UnalignedAccess, restore_state)
                0x00000044                PROVIDE (_vException_IllegalInstruction, restore_state)
                0x00000044                PROVIDE (_vException_SysCall, restore_state)
                0x00000044                PROVIDE (_vException_Trap, restore_state)
                0x00000044                PROVIDE (_vException_StackOverflow, restore_state)
                0x00080038                . = <code 342> (__exception_vsr_table)

.vsr_table      0x00080038       0x18
                0x00080038        0x4 LONG 0x44 <code 342> (_vException_BusError)
                0x0008003c        0x4 LONG 0x44 <code 342> (_vException_UnalignedAccess)
                0x00080040        0x4 LONG 0x44 <code 342> (_vException_IllegalInstruction)
                0x00080044        0x4 LONG 0x44 <code 342> (_vException_SysCall)
                0x00080048        0x4 LONG 0x44 <code 342> (_vException_Trap)
                0x0008004c        0x4 LONG 0x44 <code 342> (_vException_StackOverflow)

.vsr_handlers   0x00080050       0xab
 *(.vsr_handlers)
 .vsr_handlers  0x00080050       0xab /cygdrive/c/TWESDK/516x/Components/Library/libBoot_JN516x.a(ExceptionHandler.o)
                0x00080050                __exception_external_interrupt
                0x000800f9                __default_vsr_dummy

.rodata         0x000800fc      0x3b5
 *(.rodata*)
 .rodata.str1.1
                0x000800fc        0x8 objs_JN5164/TimerTest.o
 .rodata.au8ToCoNetVersionInfo
                0x00080104        0xc /cygdrive/c/TWESDK/Wks_ToCoNet/TimerTest/../../Wks_libToCoNet/libToCoNet/lib/libToCoNet_JN5164.a(Version.o)
                0x00080104                _au8ToCoNetVersionInfo
 .rodata.str1.1
                0x00080110       0x11 /cygdrive/c/TWESDK/Wks_ToCoNet/TimerTest/../../Wks_libToCoNet/libToCoNet/lib/libToCoNetExt_JN5164.a(AppStart.o)
 .rodata        0x00080121       0x11 /cygdrive/c/TWESDK/Wks_ToCoNet/TimerTest/../../Wks_libToCoNet/libToCoNet/lib/libToCoNetExt_JN5164.a(AppStart.o)
 .rodata.au8k.5340
                0x00080132       0x20 /cygdrive/c/TWESDK/Wks_ToCoNet/TimerTest/../../Wks_libToCoNet/libToCoNet/lib/libToCoNetExt_JN5164.a(AppStart.o)
 .rodata.au8k.5378
                0x00080152       0x20 /cygdrive/c/TWESDK/Wks_ToCoNet/TimerTest/../../Wks_libToCoNet/libToCoNet/lib/libToCoNetExt_JN5164.a(AppStart.o)
 .rodata.str1.1
                0x00080172       0x11 /cygdrive/c/TWESDK/Wks_ToCoNet/TimerTest/../../Wks_libToCoNet/libToCoNet/lib/libToCoNetExt_JN5164.a(mac.o)
 *fill*         0x00080183        0x1 00
 .rodata.u32MacHigh_TOCOS
                0x00080184        0x4 /cygdrive/c/TWESDK/Wks_ToCoNet/TimerTest/../../Wks_libToCoNet/libToCoNet/lib/libToCoNetExt_JN5164.a(mac.o)
                0x00080184                _u32MacHigh_TOCOS
 .rodata.u32MacLow_TOCOS
                0x00080188        0x4 /cygdrive/c/TWESDK/Wks_ToCoNet/TimerTest/../../Wks_libToCoNet/libToCoNet/lib/libToCoNetExt_JN5164.a(mac.o)
                0x00080188                _u32MacLow_TOCOS
 .rodata.u8CRCTable
                0x0008018c      0x100 /cygdrive/c/TWESDK/Wks_ToCoNet/TimerTest/../../Wks_libToCoNet/libToCoNet/lib/libToCoNetUtils_JN5164.a(ccitt8.o)
 .rodata.str1.1
                0x0008028c        0x7 /cygdrive/c/TWESDK/Wks_ToCoNet/TimerTest/../../Wks_libToCoNet/libToCoNet/lib/libToCoNetUtils_JN5164.a(fprintf.o)
 *fill*         0x00080293        0x1 00
 .rodata.s_sPibInit
                0x00080294       0x18 /cygdrive/c/TWESDK/516x/Components/Library/libMac_JN516x.a(mac_pib_mlme.o)
 .rodata.aeXcvPhyEvtToScanEvt.4240
                0x000802ac       0x18 /cygdrive/c/TWESDK/516x/Components/Library/libMac_JN516x.a(mac_scan.o)
 .rodata.aeXcvBbcEvtToScanEvt.4230
                0x000802c4        0xa /cygdrive/c/TWESDK/516x/Components/Library/libMac_JN516x.a(mac_scan.o)
 .rodata.s_atScanEvtST
                0x000802ce       0x31 /cygdrive/c/TWESDK/516x/Components/Library/libMac_JN516x.a(mac_scan.o)
 *fill*         0x000802ff        0x1 00
 .rodata.s_aprScanHandleEvt
                0x00080300       0x30 /cygdrive/c/TWESDK/516x/Components/Library/libMac_JN516x.a(mac_scan.o)
 .rodata.psTAMcontext
                0x00080330        0x4 /cygdrive/c/TWESDK/516x/Components/Library/libMac_JN516x.a(TAM.o)
                0x00080330                _psTAMcontext
 .rodata.psTamMacContext
                0x00080334        0x4 /cygdrive/c/TWESDK/516x/Components/Library/libMac_JN516x.a(TAM.o)
                0x00080334                _psTamMacContext
 .rodata.psTamXcvContext
                0x00080338        0x4 /cygdrive/c/TWESDK/516x/Components/Library/libMac_JN516x.a(TAM.o)
                0x00080338                _psTamXcvContext
 .rodata.au8XcvToTAMevent.4757
                0x0008033c        0xa /cygdrive/c/TWESDK/516x/Components/Library/libMac_JN516x.a(TAM.o)
 .rodata.au8HeaderSize.4215
                0x00080346        0xe /cygdrive/c/TWESDK/516x/Components/Library/libMac_JN516x.a(TAMcommon.o)
 .rodata.apvActionCalls
                0x00080354       0x88 /cygdrive/c/TWESDK/516x/Components/Library/libMac_JN516x.a(TAMevent.o)
                0x00080354                _apvActionCalls
 .rodata.au8StateActions
                0x000803dc       0x8c /cygdrive/c/TWESDK/516x/Components/Library/libMac_JN516x.a(TAMevent.o)
                0x000803dc                _au8StateActions
 .rodata.au8SizeInc.4433
                0x00080468        0x9 /cygdrive/c/TWESDK/516x/Components/Library/libMac_JN516x.a(TAMsecurity.o)
 .rodata.au8MICLenLUT.3714
                0x00080471        0x4 /cygdrive/c/TWESDK/516x/Components/Library/libMac_JN516x.a(TAMsecurity.o)
 .rodata.au8FlashWaitStates32MXO
                0x00080475        0x8 /cygdrive/c/TWESDK/516x/Components/Library/libHardwareApi_JN516x.a(AHI_System.o)
 .rodata.au8FlashWaitStatesHSRCO
                0x0008047d        0x8 /cygdrive/c/TWESDK/516x/Components/Library/libHardwareApi_JN516x.a(AHI_System.o)
 *fill*         0x00080485        0x3 00
 .rodata.au32TimerBaseAddress
                0x00080488       0x14 /cygdrive/c/TWESDK/516x/Components/Library/libHardwareApi_JN516x.a(AHI_Timer.o)
 .rodata.au32UartAddrOffset
                0x0008049c        0x8 /cygdrive/c/TWESDK/516x/Components/Library/libHardwareApi_JN516x.a(AHI_Uart.o)
                0x0008049c                _au32UartAddrOffset
 .rodata.au8dataSizeTable
                0x000804a4        0xd /cygdrive/c/TWESDK/516x/Components/Library/libAes_JN516x.a(AEScoprocessorAPI.o)
                0x000804a4                _au8dataSizeTable

.text           0x000804b4     0xa2a1
 *(.text*)
 .text.cbToCoNet_vMain
                0x000804b4        0x3 objs_JN5164/TimerTest.o
                0x000804b4                _cbToCoNet_vMain
 .text.cbToCoNet_vRxEvent
                0x000804b7        0x3 objs_JN5164/TimerTest.o
                0x000804b7                _cbToCoNet_vRxEvent
 .text.cbToCoNet_vHwEvent
                0x000804ba       0x18 objs_JN5164/TimerTest.o
                0x000804ba                _cbToCoNet_vHwEvent
 .text.cbToCoNet_u8HwInt
                0x000804d2        0x5 objs_JN5164/TimerTest.o
                0x000804d2                _cbToCoNet_u8HwInt
 .text.cbAppWarmStart
                0x000804d7        0x3 objs_JN5164/TimerTest.o
                0x000804d7                _cbAppWarmStart
 .text.cbAppColdStart
                0x000804da      0x114 objs_JN5164/TimerTest.o
                0x000804da                _cbAppColdStart
 .text.vProcessEvCore
                0x000805ee       0x48 objs_JN5164/TimerTest.o
 .text.PRSEV_u8Register
                0x00080636       0x32 /cygdrive/c/TWESDK/Wks_ToCoNet/TimerTest/../../Wks_libToCoNet/libToCoNet/lib/libToCoNet_JN5164.a(ToCoNet_event.o)
                0x00080636                _PRSEV_u8Register
 .text.PRSEV_vSetStateAll
                0x00080668       0x3b /cygdrive/c/TWESDK/Wks_ToCoNet/TimerTest/../../Wks_libToCoNet/libToCoNet/lib/libToCoNet_JN5164.a(ToCoNet_event.o)
                0x00080668                _PRSEV_vSetStateAll
 .text.PRSEV_vSetState
                0x000806a3       0x10 /cygdrive/c/TWESDK/Wks_ToCoNet/TimerTest/../../Wks_libToCoNet/libToCoNet/lib/libToCoNet_JN5164.a(ToCoNet_event.o)
                0x000806a3                _PRSEV_vSetState
 .text.PRSEV_vProcessEv_core
                0x000806b3       0x8f /cygdrive/c/TWESDK/Wks_ToCoNet/TimerTest/../../Wks_libToCoNet/libToCoNet/lib/libToCoNet_JN5164.a(ToCoNet_event.o)
 .text.PRSEV_vProcessEvPost
                0x00080742       0x35 /cygdrive/c/TWESDK/Wks_ToCoNet/TimerTest/../../Wks_libToCoNet/libToCoNet/lib/libToCoNet_JN5164.a(ToCoNet_event.o)
                0x00080742                _PRSEV_vProcessEvPost
 .text._PRSEV_vProcessEv
                0x00080777       0x16 /cygdrive/c/TWESDK/Wks_ToCoNet/TimerTest/../../Wks_libToCoNet/libToCoNet/lib/libToCoNet_JN5164.a(ToCoNet_event.o)
                0x00080777                __PRSEV_vProcessEv
 .text._PRSEV_vProcessEvSingle
                0x0008078d       0x14 /cygdrive/c/TWESDK/Wks_ToCoNet/TimerTest/../../Wks_libToCoNet/libToCoNet/lib/libToCoNet_JN5164.a(ToCoNet_event.o)
                0x0008078d                __PRSEV_vProcessEvSingle
 .text._PRSEV_vProcessEvSingleH
                0x000807a1       0x16 /cygdrive/c/TWESDK/Wks_ToCoNet/TimerTest/../../Wks_libToCoNet/libToCoNet/lib/libToCoNet_JN5164.a(ToCoNet_event.o)
                0x000807a1                __PRSEV_vProcessEvSingleH
 .text.PRSEV_vInit
                0x000807b7       0x4d /cygdrive/c/TWESDK/Wks_ToCoNet/TimerTest/../../Wks_libToCoNet/libToCoNet/lib/libToCoNet_JN5164.a(ToCoNet_event.o)
                0x000807b7                _PRSEV_vInit
 .text.ToCoNet_vDebugInit
                0x00080804        0x9 /cygdrive/c/TWESDK/Wks_ToCoNet/TimerTest/../../Wks_libToCoNet/libToCoNet/lib/libToCoNet_JN5164.a(ToCoNet_main.o)
                0x00080804                _ToCoNet_vDebugInit
 .text.ToCoNet_vDebugLevel
                0x0008080d        0x9 /cygdrive/c/TWESDK/Wks_ToCoNet/TimerTest/../../Wks_libToCoNet/libToCoNet/lib/libToCoNet_JN5164.a(ToCoNet_main.o)
                0x0008080d                _ToCoNet_vDebugLevel
 .text.ToCoNet_vRfConfig
                0x00080816        0x6 /cygdrive/c/TWESDK/Wks_ToCoNet/TimerTest/../../Wks_libToCoNet/libToCoNet/lib/libToCoNet_JN5164.a(ToCoNet_main.o)
                0x00080816                _ToCoNet_vRfConfig
 .text.ToCoNet_vMain
                0x0008081c      0x26c /cygdrive/c/TWESDK/Wks_ToCoNet/TimerTest/../../Wks_libToCoNet/libToCoNet/lib/libToCoNet_JN5164.a(ToCoNet_main.o)
                0x0008081c                _ToCoNet_vMain
 .text.vProcessEvCoreMac
                0x00080a88       0x7a /cygdrive/c/TWESDK/Wks_ToCoNet/TimerTest/../../Wks_libToCoNet/libToCoNet/lib/libToCoNet_JN5164.a(ToCoNet_main.o)
                0x00080a88                _vProcessEvCoreMac
 .text.ToCoNet_vStart
                0x00080b02      0x3e2 /cygdrive/c/TWESDK/Wks_ToCoNet/TimerTest/../../Wks_libToCoNet/libToCoNet/lib/libToCoNet_JN5164.a(ToCoNet_main.o)
                0x00080b02                _ToCoNet_vStart
 .text.ToCoNet_vInit
                0x00080ee4      0x135 /cygdrive/c/TWESDK/Wks_ToCoNet/TimerTest/../../Wks_libToCoNet/libToCoNet/lib/libToCoNet_JN5164.a(ToCoNet_main.o)
                0x00080ee4                _ToCoNet_vInit
 .text.u8HwEventHandler
                0x00081019       0x27 /cygdrive/c/TWESDK/Wks_ToCoNet/TimerTest/../../Wks_libToCoNet/libToCoNet/lib/libToCoNet_JN5164.a(ToCoNet_main.o)
 .text.ToCoNet_u32GetVersion
                0x00081040       0x21 /cygdrive/c/TWESDK/Wks_ToCoNet/TimerTest/../../Wks_libToCoNet/libToCoNet/lib/libToCoNet_JN5164.a(ToCoNet_utils.o)
                0x00081040                _ToCoNet_u32GetVersion
 .text.ToCoNet_vRxProc_App
                0x00081061       0x81 /cygdrive/c/TWESDK/Wks_ToCoNet/TimerTest/../../Wks_libToCoNet/libToCoNet/lib/libToCoNet_JN5164.a(ToCoNet_mod_Nwk_Common.o)
                0x00081061                _ToCoNet_vRxProc_App
 .text.ToCoNet_vRxProc_Mod
                0x000810e2       0x49 /cygdrive/c/TWESDK/Wks_ToCoNet/TimerTest/../../Wks_libToCoNet/libToCoNet/lib/libToCoNet_JN5164.a(ToCoNet_mod_Nwk_Common.o)
                0x000810e2                _ToCoNet_vRxProc_Mod
 .text.ToCoNet_ChMgr_bCh_Reconfig
                0x0008112b       0x68 /cygdrive/c/TWESDK/Wks_ToCoNet/TimerTest/../../Wks_libToCoNet/libToCoNet/lib/libToCoNet_JN5164.a(ToCoNet_mod_Channel_Mgr.o)
                0x0008112b                _ToCoNet_ChMgr_bCh_Reconfig
 .text.vFifoInit
                0x00081193       0x14 /cygdrive/c/TWESDK/Wks_ToCoNet/TimerTest/../../Wks_libToCoNet/libToCoNet/lib/libToCoNet_JN5164.a(AppQueueApi_ToCoNet.o)
 .text.pvFifoPull
                0x000811a7       0x23 /cygdrive/c/TWESDK/Wks_ToCoNet/TimerTest/../../Wks_libToCoNet/libToCoNet/lib/libToCoNet_JN5164.a(AppQueueApi_ToCoNet.o)
 .text.psAppQApiGetMcpsBuffer
                0x000811ca        0xc /cygdrive/c/TWESDK/Wks_ToCoNet/TimerTest/../../Wks_libToCoNet/libToCoNet/lib/libToCoNet_JN5164.a(AppQueueApi_ToCoNet.o)
 .text.psAppQApiGetMlmeBuffer
                0x000811d6        0xc /cygdrive/c/TWESDK/Wks_ToCoNet/TimerTest/../../Wks_libToCoNet/libToCoNet/lib/libToCoNet_JN5164.a(AppQueueApi_ToCoNet.o)
 .text.psAppQApiReadHwIndT
                0x000811e2        0xc /cygdrive/c/TWESDK/Wks_ToCoNet/TimerTest/../../Wks_libToCoNet/libToCoNet/lib/libToCoNet_JN5164.a(AppQueueApi_ToCoNet.o)
                0x000811e2                _psAppQApiReadHwIndT
 .text.psAppQApiReadMcpsIndT
                0x000811ee        0xc /cygdrive/c/TWESDK/Wks_ToCoNet/TimerTest/../../Wks_libToCoNet/libToCoNet/lib/libToCoNet_JN5164.a(AppQueueApi_ToCoNet.o)
                0x000811ee                _psAppQApiReadMcpsIndT
 .text.psAppQApiReadMlmeIndT
                0x000811fa        0xc /cygdrive/c/TWESDK/Wks_ToCoNet/TimerTest/../../Wks_libToCoNet/libToCoNet/lib/libToCoNet_JN5164.a(AppQueueApi_ToCoNet.o)
                0x000811fa                _psAppQApiReadMlmeIndT
 .text.bFifoPush
                0x00081206       0x28 /cygdrive/c/TWESDK/Wks_ToCoNet/TimerTest/../../Wks_libToCoNet/libToCoNet/lib/libToCoNet_JN5164.a(AppQueueApi_ToCoNet.o)
 .text.vAppQApiPostMcps
                0x0008122e       0x1e /cygdrive/c/TWESDK/Wks_ToCoNet/TimerTest/../../Wks_libToCoNet/libToCoNet/lib/libToCoNet_JN5164.a(AppQueueApi_ToCoNet.o)
 .text.vAppQApiPostMlme
                0x0008124c       0x22 /cygdrive/c/TWESDK/Wks_ToCoNet/TimerTest/../../Wks_libToCoNet/libToCoNet/lib/libToCoNet_JN5164.a(AppQueueApi_ToCoNet.o)
 .text.vAppQApiReturnHwIndBufferT
                0x0008126e        0xe /cygdrive/c/TWESDK/Wks_ToCoNet/TimerTest/../../Wks_libToCoNet/libToCoNet/lib/libToCoNet_JN5164.a(AppQueueApi_ToCoNet.o)
                0x0008126e                _vAppQApiReturnHwIndBufferT
 .text.vAppQApiReturnMcpsIndBufferT
                0x0008127c        0xe /cygdrive/c/TWESDK/Wks_ToCoNet/TimerTest/../../Wks_libToCoNet/libToCoNet/lib/libToCoNet_JN5164.a(AppQueueApi_ToCoNet.o)
                0x0008127c                _vAppQApiReturnMcpsIndBufferT
 .text.vAppQApiReturnMlmeIndBufferT
                0x0008128a        0xe /cygdrive/c/TWESDK/Wks_ToCoNet/TimerTest/../../Wks_libToCoNet/libToCoNet/lib/libToCoNet_JN5164.a(AppQueueApi_ToCoNet.o)
                0x0008128a                _vAppQApiReturnMlmeIndBufferT
 .text.u32AppQApiInitT
                0x00081298      0x18f /cygdrive/c/TWESDK/Wks_ToCoNet/TimerTest/../../Wks_libToCoNet/libToCoNet/lib/libToCoNet_JN5164.a(AppQueueApi_ToCoNet.o)
                0x00081298                _u32AppQApiInitT
 .text.vAppQApiPostHwIntT
                0x00081427       0x6e /cygdrive/c/TWESDK/Wks_ToCoNet/TimerTest/../../Wks_libToCoNet/libToCoNet/lib/libToCoNet_JN5164.a(AppQueueApi_ToCoNet.o)
 .text.u32AppQApiInitNetwork
                0x00081495       0x22 /cygdrive/c/TWESDK/Wks_ToCoNet/TimerTest/../../Wks_libToCoNet/libToCoNet/lib/libToCoNet_JN5164.a(AppQueueApi_ToCoNet.o)
                0x00081495                _u32AppQApiInitNetwork
 .text._ToCoNet_bRfChChannel
                0x000814b7       0xaa /cygdrive/c/TWESDK/Wks_ToCoNet/TimerTest/../../Wks_libToCoNet/libToCoNet/lib/libToCoNetExt_JN5164.a(AppStart.o)
                0x000814b7                __ToCoNet_bRfChChannel
 .text.AppWarmStart
                0x00081561       0x9d /cygdrive/c/TWESDK/Wks_ToCoNet/TimerTest/../../Wks_libToCoNet/libToCoNet/lib/libToCoNetExt_JN5164.a(AppStart.o)
                0x00081561                _AppWarmStart
 .text._ToCoNet_vMacInit
                0x000815fe       0x2c /cygdrive/c/TWESDK/Wks_ToCoNet/TimerTest/../../Wks_libToCoNet/libToCoNet/lib/libToCoNetExt_JN5164.a(AppStart.o)
                0x000815fe                __ToCoNet_vMacInit
 .text._ToCoNet_vRfConfig
                0x0008162a       0xe3 /cygdrive/c/TWESDK/Wks_ToCoNet/TimerTest/../../Wks_libToCoNet/libToCoNet/lib/libToCoNetExt_JN5164.a(AppStart.o)
                0x0008162a                __ToCoNet_vRfConfig
 .text.AppColdStart
                0x0008170d      0x4d7 /cygdrive/c/TWESDK/Wks_ToCoNet/TimerTest/../../Wks_libToCoNet/libToCoNet/lib/libToCoNetExt_JN5164.a(AppStart.o)
                0x0008170d                _AppColdStart
 .text.ToCoNet_u32GetSerialOnBoot
                0x00081be4       0x37 /cygdrive/c/TWESDK/Wks_ToCoNet/TimerTest/../../Wks_libToCoNet/libToCoNet/lib/libToCoNetExt_JN5164.a(getMacAddr.o)
                0x00081be4                _ToCoNet_u32GetSerialOnBoot
 .text.Mac_bRxQueueReg
                0x00081c1b       0x34 /cygdrive/c/TWESDK/Wks_ToCoNet/TimerTest/../../Wks_libToCoNet/libToCoNet/lib/libToCoNetExt_JN5164.a(mac.o)
                0x00081c1b                _Mac_bRxQueueReg
 .text.Mac_vSetHighDataRate
                0x00081c4f        0x3 /cygdrive/c/TWESDK/Wks_ToCoNet/TimerTest/../../Wks_libToCoNet/libToCoNet/lib/libToCoNetExt_JN5164.a(mac.o)
                0x00081c4f                _Mac_vSetHighDataRate
 .text.Mac_vSetCCA
                0x00081c52       0x32 /cygdrive/c/TWESDK/Wks_ToCoNet/TimerTest/../../Wks_libToCoNet/libToCoNet/lib/libToCoNetExt_JN5164.a(mac.o)
                0x00081c52                _Mac_vSetCCA
 .text.Mac_vSetRetry
                0x00081c84       0x1e /cygdrive/c/TWESDK/Wks_ToCoNet/TimerTest/../../Wks_libToCoNet/libToCoNet/lib/libToCoNetExt_JN5164.a(mac.o)
                0x00081c84                _Mac_vSetRetry
 .text.Mac_vReset
                0x00081ca2       0x20 /cygdrive/c/TWESDK/Wks_ToCoNet/TimerTest/../../Wks_libToCoNet/libToCoNet/lib/libToCoNetExt_JN5164.a(mac.o)
                0x00081ca2                _Mac_vReset
 .text.bDecodeAES
                0x00081cc2       0xc6 /cygdrive/c/TWESDK/Wks_ToCoNet/TimerTest/../../Wks_libToCoNet/libToCoNet/lib/libToCoNetExt_JN5164.a(mac.o)
                0x00081cc2                _bDecodeAES
 .text.Mac_vHandleMcpsDataInd
                0x00081d88      0x2a0 /cygdrive/c/TWESDK/Wks_ToCoNet/TimerTest/../../Wks_libToCoNet/libToCoNet/lib/libToCoNetExt_JN5164.a(mac.o)
                0x00081d88                _Mac_vHandleMcpsDataInd
 .text.Mac_vInit
                0x00082028       0x41 /cygdrive/c/TWESDK/Wks_ToCoNet/TimerTest/../../Wks_libToCoNet/libToCoNet/lib/libToCoNetExt_JN5164.a(mac.o)
                0x00082028                _Mac_vInit
 .text.bAES_CCM_Decode
                0x00082069       0x1e /cygdrive/c/TWESDK/Wks_ToCoNet/TimerTest/../../Wks_libToCoNet/libToCoNet/lib/libToCoNetExt_JN5164.a(AES_CCM.o)
                0x00082069                _bAES_CCM_Decode
 .text.bAES_CCM_KeyReg
                0x00082087       0x4a /cygdrive/c/TWESDK/Wks_ToCoNet/TimerTest/../../Wks_libToCoNet/libToCoNet/lib/libToCoNetExt_JN5164.a(AES_CCM.o)
                0x00082087                _bAES_CCM_KeyReg
 .text.bAES_CCM_DecodeKey
                0x000820d1       0x6b /cygdrive/c/TWESDK/Wks_ToCoNet/TimerTest/../../Wks_libToCoNet/libToCoNet/lib/libToCoNetExt_JN5164.a(AES_CCM.o)
                0x000820d1                _bAES_CCM_DecodeKey
 .text.bAES_CCM_EncodeKey
                0x0008213c       0x5c /cygdrive/c/TWESDK/Wks_ToCoNet/TimerTest/../../Wks_libToCoNet/libToCoNet/lib/libToCoNetExt_JN5164.a(AES_CCM.o)
                0x0008213c                _bAES_CCM_EncodeKey
 .text.vInstallNoAckHandler
                0x00082198       0x2a /cygdrive/c/TWESDK/Wks_ToCoNet/TimerTest/../../Wks_libToCoNet/libToCoNet/lib/libToCoNetExt_JN5164.a(no_ack_handler.o)
                0x00082198                _vInstallNoAckHandler
 .text.vHandlerPatch
                0x000821c2       0x38 /cygdrive/c/TWESDK/Wks_ToCoNet/TimerTest/../../Wks_libToCoNet/libToCoNet/lib/libToCoNetExt_JN5164.a(no_ack_handler.o)
 .text.bAHI_ReadIndexSectorPage
                0x000821fa       0x4a /cygdrive/c/TWESDK/Wks_ToCoNet/TimerTest/../../Wks_libToCoNet/libToCoNet/lib/libToCoNetExt_JN5164.a(AHI_FlashIndexSector.o)
                0x000821fa                _bAHI_ReadIndexSectorPage
 .text.bAHI_ReadUserData
                0x00082244       0x2a /cygdrive/c/TWESDK/Wks_ToCoNet/TimerTest/../../Wks_libToCoNet/libToCoNet/lib/libToCoNetExt_JN5164.a(AHI_FlashIndexSector.o)
                0x00082244                _bAHI_ReadUserData
 .text.bAHI_ReadIndexSectorBit
                0x0008226e       0x39 /cygdrive/c/TWESDK/Wks_ToCoNet/TimerTest/../../Wks_libToCoNet/libToCoNet/lib/libToCoNetExt_JN5164.a(AHI_FlashIndexSector.o)
                0x0008226e                _bAHI_ReadIndexSectorBit
 .text.u32AHI_ReadIndexSectorBits
                0x000822a7       0x37 /cygdrive/c/TWESDK/Wks_ToCoNet/TimerTest/../../Wks_libToCoNet/libToCoNet/lib/libToCoNetExt_JN5164.a(AHI_FlashIndexSector.o)
                0x000822a7                _u32AHI_ReadIndexSectorBits
 .text.bAHI_ReadCustomerSettings
                0x000822de       0x9b /cygdrive/c/TWESDK/Wks_ToCoNet/TimerTest/../../Wks_libToCoNet/libToCoNet/lib/libToCoNetExt_JN5164.a(AHI_FlashIndexSector.o)
                0x000822de                _bAHI_ReadCustomerSettings
 .text.bAHI_ReadMACID
                0x00082379       0x46 /cygdrive/c/TWESDK/Wks_ToCoNet/TimerTest/../../Wks_libToCoNet/libToCoNet/lib/libToCoNetExt_JN5164.a(AHI_FlashIndexSector.o)
                0x00082379                _bAHI_ReadMACID
 .text.SERIAL_vTxReady
                0x000823bf       0x36 /cygdrive/c/TWESDK/Wks_ToCoNet/TimerTest/../../Wks_libToCoNet/libToCoNet/lib/libToCoNetUtils_JN5164.a(serial.o)
                0x000823bf                _SERIAL_vTxReady
 .text.SERIAL_bTxChar
                0x000823f5       0x73 /cygdrive/c/TWESDK/Wks_ToCoNet/TimerTest/../../Wks_libToCoNet/libToCoNet/lib/libToCoNetUtils_JN5164.a(serial.o)
                0x000823f5                _SERIAL_bTxChar
 .text.SERIAL_vInitEx
                0x00082468       0x90 /cygdrive/c/TWESDK/Wks_ToCoNet/TimerTest/../../Wks_libToCoNet/libToCoNet/lib/libToCoNetUtils_JN5164.a(serial.o)
                0x00082468                _SERIAL_vInitEx
 .text.SERIAL_vInit
                0x000824f8        0x8 /cygdrive/c/TWESDK/Wks_ToCoNet/TimerTest/../../Wks_libToCoNet/libToCoNet/lib/libToCoNetUtils_JN5164.a(serial.o)
                0x000824f8                _SERIAL_vInit
 .text.vRxChar  0x00082500       0x3e /cygdrive/c/TWESDK/Wks_ToCoNet/TimerTest/../../Wks_libToCoNet/libToCoNet/lib/libToCoNetUtils_JN5164.a(serial.o)
 .text.UART_vSetTxInterrupt
                0x0008253e       0x1a /cygdrive/c/TWESDK/Wks_ToCoNet/TimerTest/../../Wks_libToCoNet/libToCoNet/lib/libToCoNetUtils_JN5164.a(uart.o)
                0x0008253e                _UART_vSetTxInterrupt
 .text.UART_bTxReady
                0x00082558        0xf /cygdrive/c/TWESDK/Wks_ToCoNet/TimerTest/../../Wks_libToCoNet/libToCoNet/lib/libToCoNetUtils_JN5164.a(uart.o)
                0x00082558                _UART_bTxReady
 .text.UART_vTxChar
                0x00082567        0x6 /cygdrive/c/TWESDK/Wks_ToCoNet/TimerTest/../../Wks_libToCoNet/libToCoNet/lib/libToCoNetUtils_JN5164.a(uart.o)
                0x00082567                _UART_vTxChar
 .text.UART_vRtsStopFlow
                0x0008256d       0x22 /cygdrive/c/TWESDK/Wks_ToCoNet/TimerTest/../../Wks_libToCoNet/libToCoNet/lib/libToCoNetUtils_JN5164.a(uart.o)
                0x0008256d                _UART_vRtsStopFlow
 .text.UART_vInit
                0x0008258f      0x1c3 /cygdrive/c/TWESDK/Wks_ToCoNet/TimerTest/../../Wks_libToCoNet/libToCoNet/lib/libToCoNetUtils_JN5164.a(uart.o)
                0x0008258f                _UART_vInit
 .text.UART_vHandleUartInterrupt
                0x00082752       0x8e /cygdrive/c/TWESDK/Wks_ToCoNet/TimerTest/../../Wks_libToCoNet/libToCoNet/lib/libToCoNetUtils_JN5164.a(uart.o)
 .text.QUEUE__vInit
                0x000827e0       0x12 /cygdrive/c/TWESDK/Wks_ToCoNet/TimerTest/../../Wks_libToCoNet/libToCoNet/lib/libToCoNetUtils_JN5164.a(ByteQueue.o)
                0x000827e0                _QUEUE__vInit
 .text.QUEUE__bEmpty
                0x000827f2        0xe /cygdrive/c/TWESDK/Wks_ToCoNet/TimerTest/../../Wks_libToCoNet/libToCoNet/lib/libToCoNetUtils_JN5164.a(ByteQueue.o)
                0x000827f2                _QUEUE__bEmpty
 .text.QUEUE__bFull
                0x00082800       0x11 /cygdrive/c/TWESDK/Wks_ToCoNet/TimerTest/../../Wks_libToCoNet/libToCoNet/lib/libToCoNetUtils_JN5164.a(ByteQueue.o)
                0x00082800                _QUEUE__bFull
 .text.QUEUE__u16Count
                0x00082811        0x6 /cygdrive/c/TWESDK/Wks_ToCoNet/TimerTest/../../Wks_libToCoNet/libToCoNet/lib/libToCoNetUtils_JN5164.a(ByteQueue.o)
                0x00082811                _QUEUE__u16Count
 .text.QUEUE__u8RemoveItem
                0x00082817       0x66 /cygdrive/c/TWESDK/Wks_ToCoNet/TimerTest/../../Wks_libToCoNet/libToCoNet/lib/libToCoNetUtils_JN5164.a(ByteQueue.o)
                0x00082817                _QUEUE__u8RemoveItem
 .text.QUEUE__vAddItem
                0x0008287d       0x66 /cygdrive/c/TWESDK/Wks_ToCoNet/TimerTest/../../Wks_libToCoNet/libToCoNet/lib/libToCoNetUtils_JN5164.a(ByteQueue.o)
                0x0008287d                _QUEUE__vAddItem
 .text.u8CCITT8
                0x000828e3       0x23 /cygdrive/c/TWESDK/Wks_ToCoNet/TimerTest/../../Wks_libToCoNet/libToCoNet/lib/libToCoNetUtils_JN5164.a(ccitt8.o)
                0x000828e3                _u8CCITT8
 .text.vPrintString
                0x00082906       0x7d /cygdrive/c/TWESDK/Wks_ToCoNet/TimerTest/../../Wks_libToCoNet/libToCoNet/lib/libToCoNetUtils_JN5164.a(fprintf.o)
 .text.vPrintInteger
                0x00082983       0xac /cygdrive/c/TWESDK/Wks_ToCoNet/TimerTest/../../Wks_libToCoNet/libToCoNet/lib/libToCoNetUtils_JN5164.a(fprintf.o)
 .text.vfPrintf
                0x00082a2f      0x1d4 /cygdrive/c/TWESDK/Wks_ToCoNet/TimerTest/../../Wks_libToCoNet/libToCoNet/lib/libToCoNetUtils_JN5164.a(fprintf.o)
                0x00082a2f                _vfPrintf
 .text.vTimerStart
                0x00082c03       0xa7 /cygdrive/c/TWESDK/Wks_ToCoNet/TimerTest/../../Wks_libToCoNet/libToCoNet/lib/libToCoNetUtils_JN5164.a(utils.o)
                0x00082c03                _vTimerStart
 *fill*         0x00082caa        0x2 00
 .text.vTimerConfig
                0x00082cac      0x190 /cygdrive/c/TWESDK/Wks_ToCoNet/TimerTest/../../Wks_libToCoNet/libToCoNet/lib/libToCoNetUtils_JN5164.a(utils.o)
                0x00082cac                _vTimerConfig
 .text.pvAppApiDefGetMacHandle
                0x00082e3c        0x9 /cygdrive/c/TWESDK/516x/Components/Library/libAppApi_JN516x.a(AppApi.o)
                0x00082e3c                _pvAppApiDefGetMacHandle
 .text.vAppApiDefSetPrbsSeed
                0x00082e45       0x24 /cygdrive/c/TWESDK/516x/Components/Library/libAppApi_JN516x.a(AppApi.o)
                0x00082e45                _vAppApiDefSetPrbsSeed
 .text.pvAppApiDefGetMacAddrLocation
                0x00082e69        0x9 /cygdrive/c/TWESDK/516x/Components/Library/libAppApi_JN516x.a(AppApi.o)
                0x00082e69                _pvAppApiDefGetMacAddrLocation
 .text.vAppApiDefSetInterrupts
                0x00082e72       0x3d /cygdrive/c/TWESDK/516x/Components/Library/libAppApi_JN516x.a(AppApi.o)
                0x00082e72                _vAppApiDefSetInterrupts
 .text.vAppApiDefPowerUp
                0x00082eaf       0x26 /cygdrive/c/TWESDK/516x/Components/Library/libAppApi_JN516x.a(AppApi.o)
                0x00082eaf                _vAppApiDefPowerUp
 .text.vAppApiDefStartStack
                0x00082ed5       0x51 /cygdrive/c/TWESDK/516x/Components/Library/libAppApi_JN516x.a(AppApi.o)
                0x00082ed5                _vAppApiDefStartStack
 .text.u32AppApiDefInit
                0x00082f26       0x5a /cygdrive/c/TWESDK/516x/Components/Library/libAppApi_JN516x.a(AppApi.o)
                0x00082f26                _u32AppApiDefInit
 .text.eAppApiDefPlmeGet
                0x00082f80       0x33 /cygdrive/c/TWESDK/516x/Components/Library/libAppApi_JN516x.a(AppApi.o)
                0x00082f80                _eAppApiDefPlmeGet
 .text.vAppApiDefMcpsRequest
                0x00082fb3       0x32 /cygdrive/c/TWESDK/516x/Components/Library/libAppApi_JN516x.a(AppApi.o)
                0x00082fb3                _vAppApiDefMcpsRequest
 .text.vAppApiDefMlmeRequest
                0x00082fe5       0x32 /cygdrive/c/TWESDK/516x/Components/Library/libAppApi_JN516x.a(AppApi.o)
                0x00082fe5                _vAppApiDefMlmeRequest
 .text.eAppApiDefPlmeSet
                0x00083017       0x33 /cygdrive/c/TWESDK/516x/Components/Library/libAppApi_JN516x.a(AppApi.o)
                0x00083017                _eAppApiDefPlmeSet
 .text.vAppApiDefSaveMacSettings
                0x0008304a       0x5d /cygdrive/c/TWESDK/516x/Components/Library/libAppApi_JN516x.a(AppApiSleep.o)
                0x0008304a                _vAppApiDefSaveMacSettings
 .text.vMAC_RestoreSettings
                0x000830a7       0xc8 /cygdrive/c/TWESDK/516x/Components/Library/libAppApi_JN516x.a(AppApiSleep.o)
                0x000830a7                _vMAC_RestoreSettings
 .text.vAppApiDefRestoreMacSettings
                0x0008316f       0x25 /cygdrive/c/TWESDK/516x/Components/Library/libAppApi_JN516x.a(AppApiSleep.o)
                0x0008316f                _vAppApiDefRestoreMacSettings
 .text.vSetTimer0
                0x00083194        0xf /cygdrive/c/TWESDK/516x/Components/Library/libMac_JN516x.a(mac_main.o)
                0x00083194                _vSetTimer0
 .text.u32GetTimer0
                0x000831a3        0x7 /cygdrive/c/TWESDK/516x/Components/Library/libMac_JN516x.a(mac_main.o)
                0x000831a3                _u32GetTimer0
 .text.MAC_vXcvPhyEvtHandler
                0x000831aa       0x10 /cygdrive/c/TWESDK/516x/Components/Library/libMac_JN516x.a(mac_main.o)
                0x000831aa                _MAC_vXcvPhyEvtHandler
 .text.MAC_vXcvBbcEvtHandler
                0x000831ba       0x20 /cygdrive/c/TWESDK/516x/Components/Library/libMac_JN516x.a(mac_main.o)
                0x000831ba                _MAC_vXcvBbcEvtHandler
 .text.mac_vInitTimer0
                0x000831da       0x20 /cygdrive/c/TWESDK/516x/Components/Library/libMac_JN516x.a(mac_main.o)
                0x000831da                _mac_vInitTimer0
 .text.MAC_pvCtor
                0x000831fa       0x82 /cygdrive/c/TWESDK/516x/Components/Library/libMac_JN516x.a(mac_main.o)
                0x000831fa                _MAC_pvCtor
 .text.MAC_vHandleMcpsReqRsp
                0x0008327c       0x2d /cygdrive/c/TWESDK/516x/Components/Library/libMac_JN516x.a(mac_mcps.o)
                0x0008327c                _MAC_vHandleMcpsReqRsp
 .text.vHandleTofRequest
                0x000832a9       0x12 /cygdrive/c/TWESDK/516x/Components/Library/libMac_JN516x.a(mac_mlme.o)
 *fill*         0x000832bb        0x1 00
 .text.MAC_vHandleMlmeReqRsp
                0x000832bc       0xb4 /cygdrive/c/TWESDK/516x/Components/Library/libMac_JN516x.a(mac_mlme.o)
                0x000832bc                _MAC_vHandleMlmeReqRsp
 .text.MAC_psPibGetHandle
                0x00083370        0x7 /cygdrive/c/TWESDK/516x/Components/Library/libMac_JN516x.a(mac_pib.o)
                0x00083370                _MAC_psPibGetHandle
 .text.MAC_vPibSetShortAddr
                0x00083377        0xe /cygdrive/c/TWESDK/516x/Components/Library/libMac_JN516x.a(mac_pib.o)
                0x00083377                _MAC_vPibSetShortAddr
 .text.MAC_vPibSetPanId
                0x00083385       0x1b /cygdrive/c/TWESDK/516x/Components/Library/libMac_JN516x.a(mac_pib.o)
                0x00083385                _MAC_vPibSetPanId
 .text.MAC_vPibSetMinBe
                0x000833a0       0x1e /cygdrive/c/TWESDK/516x/Components/Library/libMac_JN516x.a(mac_pib.o)
                0x000833a0                _MAC_vPibSetMinBe
 .text.MAC_vPibSetMaxCsmaBackoffs
                0x000833be       0x21 /cygdrive/c/TWESDK/516x/Components/Library/libMac_JN516x.a(mac_pib.o)
                0x000833be                _MAC_vPibSetMaxCsmaBackoffs
 .text.MAC_vSetExtAddr
                0x000833df       0x1f /cygdrive/c/TWESDK/516x/Components/Library/libMac_JN516x.a(mac_pib.o)
                0x000833df                _MAC_vSetExtAddr
 .text.MAC_vPibSetRxOnWhenIdle
                0x000833fe       0x13 /cygdrive/c/TWESDK/516x/Components/Library/libMac_JN516x.a(mac_pib.o)
                0x000833fe                _MAC_vPibSetRxOnWhenIdle
 .text.MAC_vPibSetPromiscuousMode
                0x00083411       0x40 /cygdrive/c/TWESDK/516x/Components/Library/libMac_JN516x.a(mac_pib.o)
                0x00083411                _MAC_vPibSetPromiscuousMode
 .text.mac_vPibCmpCoordExtAddr
                0x00083451       0x29 /cygdrive/c/TWESDK/516x/Components/Library/libMac_JN516x.a(mac_pib_mlme.o)
                0x00083451                _mac_vPibCmpCoordExtAddr
 .text.mac_vPibReset
                0x0008347a       0x87 /cygdrive/c/TWESDK/516x/Components/Library/libMac_JN516x.a(mac_pib_mlme.o)
                0x0008347a                _mac_vPibReset
 .text.mac_vPibSetDefaults
                0x00083501      0x12e /cygdrive/c/TWESDK/516x/Components/Library/libMac_JN516x.a(mac_pib_mlme.o)
                0x00083501                _mac_vPibSetDefaults
 .text.vPMICreset
                0x0008362f        0xd /cygdrive/c/TWESDK/516x/Components/Library/libMac_JN516x.a(mac_pmic.o)
                0x0008362f                _vPMICreset
 .text.vPMICpostFailedAssocDcfm
                0x0008363c       0x3d /cygdrive/c/TWESDK/516x/Components/Library/libMac_JN516x.a(mac_pmic.o)
                0x0008363c                _vPMICpostFailedAssocDcfm
 .text.vPMICassocReqTO_2
                0x00083679       0x1d /cygdrive/c/TWESDK/516x/Components/Library/libMac_JN516x.a(mac_pmic.o)
 .text.vPMICassocReqFrameReceived
                0x00083696       0x79 /cygdrive/c/TWESDK/516x/Components/Library/libMac_JN516x.a(mac_pmic.o)
                0x00083696                _vPMICassocReqFrameReceived
 .text.vPMICdisassocReceived
                0x0008370f       0x93 /cygdrive/c/TWESDK/516x/Components/Library/libMac_JN516x.a(mac_pmic.o)
                0x0008370f                _vPMICdisassocReceived
 .text.vPMICassocRespFrameReceived
                0x000837a2       0x93 /cygdrive/c/TWESDK/516x/Components/Library/libMac_JN516x.a(mac_pmic.o)
                0x000837a2                _vPMICassocRespFrameReceived
 .text.vPMICassocReqTO_1
                0x00083835       0x8c /cygdrive/c/TWESDK/516x/Components/Library/libMac_JN516x.a(mac_pmic.o)
 .text.vPMICdisassociateRequest
                0x000838c1       0xf4 /cygdrive/c/TWESDK/516x/Components/Library/libMac_JN516x.a(mac_pmic.o)
                0x000838c1                _vPMICdisassociateRequest
 .text.bPMICdisassocReqSent
                0x000839b5       0x83 /cygdrive/c/TWESDK/516x/Components/Library/libMac_JN516x.a(mac_pmic.o)
 .text.vPMICassociateResponse
                0x00083a38       0xd9 /cygdrive/c/TWESDK/516x/Components/Library/libMac_JN516x.a(mac_pmic.o)
                0x00083a38                _vPMICassociateResponse
 .text.bAssocRespSent
                0x00083b11       0x1d /cygdrive/c/TWESDK/516x/Components/Library/libMac_JN516x.a(mac_pmic.o)
 .text.vPMICassociateRequest
                0x00083b2e       0xe6 /cygdrive/c/TWESDK/516x/Components/Library/libMac_JN516x.a(mac_pmic.o)
                0x00083b2e                _vPMICassociateRequest
 .text.bPMICassocReqPollSent
                0x00083c14       0x5b /cygdrive/c/TWESDK/516x/Components/Library/libMac_JN516x.a(mac_pmic.o)
 .text.bPMICassocReqSent
                0x00083c6f       0x8d /cygdrive/c/TWESDK/516x/Components/Library/libMac_JN516x.a(mac_pmic.o)
 .text.MAC_vRegisterMlmeDcfmIndCallbacks
                0x00083cfc        0xc /cygdrive/c/TWESDK/516x/Components/Library/libMac_JN516x.a(mac_ind.o)
                0x00083cfc                _MAC_vRegisterMlmeDcfmIndCallbacks
 .text.MAC_vRegisterMcpsDcfmIndCallbacks
                0x00083d08        0xc /cygdrive/c/TWESDK/516x/Components/Library/libMac_JN516x.a(mac_ind.o)
                0x00083d08                _MAC_vRegisterMcpsDcfmIndCallbacks
 .text.mac_psDcfmIndGetBuf
                0x00083d14       0x23 /cygdrive/c/TWESDK/516x/Components/Library/libMac_JN516x.a(mac_ind.o)
                0x00083d14                _mac_psDcfmIndGetBuf
 .text.mac_eDcfmIndPost
                0x00083d37       0x21 /cygdrive/c/TWESDK/516x/Components/Library/libMac_JN516x.a(mac_ind.o)
                0x00083d37                _mac_eDcfmIndPost
 .text.eScanHandleEvt
                0x00083d58       0x2e /cygdrive/c/TWESDK/516x/Components/Library/libMac_JN516x.a(mac_scan.o)
                0x00083d58                _eScanHandleEvt
 .text.vScanHandleTimer
                0x00083d86        0x8 /cygdrive/c/TWESDK/516x/Components/Library/libMac_JN516x.a(mac_scan.o)
 .text.eGenlIllegal
                0x00083d8e        0x7 /cygdrive/c/TWESDK/516x/Components/Library/libMac_JN516x.a(mac_scan.o)
 .text.eGenlDontCare
                0x00083d95        0x5 /cygdrive/c/TWESDK/516x/Components/Library/libMac_JN516x.a(mac_scan.o)
 .text.eWEnDEdDone
                0x00083d9a       0x64 /cygdrive/c/TWESDK/516x/Components/Library/libMac_JN516x.a(mac_scan.o)
 .text.eWEnDTmrExpiry
                0x00083dfe        0xb /cygdrive/c/TWESDK/516x/Components/Library/libMac_JN516x.a(mac_scan.o)
 .text.mac_eScanHandleXcvBbcEvt
                0x00083e09        0xf /cygdrive/c/TWESDK/516x/Components/Library/libMac_JN516x.a(mac_scan.o)
                0x00083e09                _mac_eScanHandleXcvBbcEvt
 .text.mac_eScanHandleXcvPhyEvt
                0x00083e18       0x12 /cygdrive/c/TWESDK/516x/Components/Library/libMac_JN516x.a(mac_scan.o)
                0x00083e18                _mac_eScanHandleXcvPhyEvt
 .text.vSetNextChannel
                0x00083e2a       0x4a /cygdrive/c/TWESDK/516x/Components/Library/libMac_JN516x.a(mac_scan.o)
 .text.mac_vScanHandleMlmeReq
                0x00083e74       0x98 /cygdrive/c/TWESDK/516x/Components/Library/libMac_JN516x.a(mac_scan.o)
                0x00083e74                _mac_vScanHandleMlmeReq
 .text.mac_eScanInit
                0x00083f0c       0x19 /cygdrive/c/TWESDK/516x/Components/Library/libMac_JN516x.a(mac_scan.o)
                0x00083f0c                _mac_eScanInit
 .text.vPostDcfm
                0x00083f25       0xe9 /cygdrive/c/TWESDK/516x/Components/Library/libMac_JN516x.a(mac_scan.o)
 .text.eWCoRRxDone
                0x0008400e       0xb7 /cygdrive/c/TWESDK/516x/Components/Library/libMac_JN516x.a(mac_scan.o)
 .text.eGenTmrExpiry
                0x000840c5       0x4b /cygdrive/c/TWESDK/516x/Components/Library/libMac_JN516x.a(mac_scan.o)
 .text.eWEDTEdDone
                0x00084110       0x1a /cygdrive/c/TWESDK/516x/Components/Library/libMac_JN516x.a(mac_scan.o)
 .text.eGenRxHdrDone
                0x0008412a       0x13 /cygdrive/c/TWESDK/516x/Components/Library/libMac_JN516x.a(mac_scan.o)
 .text.eWONTTxDone
                0x0008413d       0x35 /cygdrive/c/TWESDK/516x/Components/Library/libMac_JN516x.a(mac_scan.o)
 .text.eWBRTTxDone
                0x00084172       0x21 /cygdrive/c/TWESDK/516x/Components/Library/libMac_JN516x.a(mac_scan.o)
 .text.eWBcnRxDone
                0x00084193      0x19e /cygdrive/c/TWESDK/516x/Components/Library/libMac_JN516x.a(mac_scan.o)
 .text.bSendMacCmd
                0x00084331       0x40 /cygdrive/c/TWESDK/516x/Components/Library/libMac_JN516x.a(mac_scan.o)
 .text.eWChCChanChgd
                0x00084371      0x170 /cygdrive/c/TWESDK/516x/Components/Library/libMac_JN516x.a(mac_scan.o)
 .text.mac_vLPBAdjustBeaconOffset
                0x000844e1       0x5d /cygdrive/c/TWESDK/516x/Components/Library/libMac_JN516x.a(mac_lp.o)
                0x000844e1                _mac_vLPBAdjustBeaconOffset
 .text.mac_u32LPBGetBeaconTimeout
                0x0008453e        0x9 /cygdrive/c/TWESDK/516x/Components/Library/libMac_JN516x.a(mac_lp.o)
                0x0008453e                _mac_u32LPBGetBeaconTimeout
 .text.MAC_u32ConvertFrom16uS
                0x00084547       0x41 /cygdrive/c/TWESDK/516x/Components/Library/libMac_JN516x.a(mac_lp.o)
                0x00084547                _MAC_u32ConvertFrom16uS
 .text.mac_vLPBSleep
                0x00084588       0x55 /cygdrive/c/TWESDK/516x/Components/Library/libMac_JN516x.a(mac_lp.o)
                0x00084588                _mac_vLPBSleep
 .text.mac_vLPBStopTimer
                0x000845dd        0xe /cygdrive/c/TWESDK/516x/Components/Library/libMac_JN516x.a(mac_lp.o)
                0x000845dd                _mac_vLPBStopTimer
 .text.mac_vLPBStartTimer
                0x000845eb       0x88 /cygdrive/c/TWESDK/516x/Components/Library/libMac_JN516x.a(mac_lp.o)
                0x000845eb                _mac_vLPBStartTimer
 .text.vMCPSframeReceived
                0x00084673       0x5a /cygdrive/c/TWESDK/516x/Components/Library/libMac_JN516x.a(MCPS.o)
                0x00084673                _vMCPSframeReceived
 .text.bSearchQueue
                0x000846cd       0x36 /cygdrive/c/TWESDK/516x/Components/Library/libMac_JN516x.a(MCPS.o)
 .text.vTAM_MCPSpurgeRequest
                0x00084703       0x64 /cygdrive/c/TWESDK/516x/Components/Library/libMac_JN516x.a(MCPS.o)
                0x00084703                _vTAM_MCPSpurgeRequest
 .text.bMCPSframeTXcomplete
                0x00084767       0x5a /cygdrive/c/TWESDK/516x/Components/Library/libMac_JN516x.a(MCPS.o)
 .text.vTAM_MCPSdataRequest
                0x000847c1       0x46 /cygdrive/c/TWESDK/516x/Components/Library/libMac_JN516x.a(MCPS.o)
                0x000847c1                _vTAM_MCPSdataRequest
 .text.phy_ePibGet
                0x00084807       0x34 /cygdrive/c/TWESDK/516x/Components/Library/libMac_JN516x.a(phy_pib.o)
                0x00084807                _phy_ePibGet
 .text.u8GetPapValue
                0x0008483b       0x21 /cygdrive/c/TWESDK/516x/Components/Library/libMac_JN516x.a(phy_pib.o)
 .text.vPhySetChannel
                0x0008485c       0x77 /cygdrive/c/TWESDK/516x/Components/Library/libMac_JN516x.a(phy_pib.o)
                0x0008485c                _vPhySetChannel
 .text.phy_ePibSet
                0x000848d3       0x90 /cygdrive/c/TWESDK/516x/Components/Library/libMac_JN516x.a(phy_pib.o)
                0x000848d3                _phy_ePibSet
 .text.phy_vPibSetDefaults
                0x00084963       0x2c /cygdrive/c/TWESDK/516x/Components/Library/libMac_JN516x.a(phy_pib.o)
                0x00084963                _phy_vPibSetDefaults
 .text.bTAMinPAN
                0x0008498f       0x19 /cygdrive/c/TWESDK/516x/Components/Library/libMac_JN516x.a(TAM.o)
                0x0008498f                _bTAMinPAN
 .text.eTAMevent
                0x000849a8       0x1a /cygdrive/c/TWESDK/516x/Components/Library/libMac_JN516x.a(TAM.o)
                0x000849a8                _eTAMevent
 *fill*         0x000849c2        0x2 00
 .text.eTAMselect
                0x000849c4      0x154 /cygdrive/c/TWESDK/516x/Components/Library/libMac_JN516x.a(TAM.o)
                0x000849c4                _eTAMselect
 .text.vTAM_MLMEsyncRequest
                0x00084b18       0x17 /cygdrive/c/TWESDK/516x/Components/Library/libMac_JN516x.a(TAM.o)
                0x00084b18                _vTAM_MLMEsyncRequest
 .text.vTAM_MLMEstartRequest
                0x00084b2f       0x87 /cygdrive/c/TWESDK/516x/Components/Library/libMac_JN516x.a(TAM.o)
                0x00084b2f                _vTAM_MLMEstartRequest
 .text.vTAMreset
                0x00084bb6      0x1f6 /cygdrive/c/TWESDK/516x/Components/Library/libMac_JN516x.a(TAM.o)
                0x00084bb6                _vTAMreset
 .text.vTAMCOsetCoordinator
                0x00084dac       0x29 /cygdrive/c/TWESDK/516x/Components/Library/libMac_JN516x.a(TAMCO.o)
                0x00084dac                _vTAMCOsetCoordinator
 .text.vTAMCOupdatePendingList
                0x00084dd5       0xbb /cygdrive/c/TWESDK/516x/Components/Library/libMac_JN516x.a(TAMCO.o)
                0x00084dd5                _vTAMCOupdatePendingList
 .text.vTAMCOreqTXinCAP
                0x00084e90       0x2f /cygdrive/c/TWESDK/516x/Components/Library/libMac_JN516x.a(TAMCO.o)
                0x00084e90                _vTAMCOreqTXinCAP
 .text.vTrySendFromDirectNoBeacon
                0x00084ebf       0x38 /cygdrive/c/TWESDK/516x/Components/Library/libMac_JN516x.a(TAMCO.o)
 .text.vTAMCOreqTXnoBeacon
                0x00084ef7       0x18 /cygdrive/c/TWESDK/516x/Components/Library/libMac_JN516x.a(TAMCO.o)
                0x00084ef7                _vTAMCOreqTXnoBeacon
 .text.vTAMCOframeRXnobeacon
                0x00084f0f       0x18 /cygdrive/c/TWESDK/516x/Components/Library/libMac_JN516x.a(TAMCO.o)
                0x00084f0f                _vTAMCOframeRXnobeacon
 .text.vTAMCOframeTXnobeacon
                0x00084f27       0x1e /cygdrive/c/TWESDK/516x/Components/Library/libMac_JN516x.a(TAMCO.o)
                0x00084f27                _vTAMCOframeTXnobeacon
 .text.vTrySendFromDirectCAP
                0x00084f45       0x25 /cygdrive/c/TWESDK/516x/Components/Library/libMac_JN516x.a(TAMCO.o)
 .text.vTAMCOframeRXcap
                0x00084f6a       0x18 /cygdrive/c/TWESDK/516x/Components/Library/libMac_JN516x.a(TAMCO.o)
                0x00084f6a                _vTAMCOframeRXcap
 .text.vTAMCOframeRXgoingIdle
                0x00084f82       0x1c /cygdrive/c/TWESDK/516x/Components/Library/libMac_JN516x.a(TAMCO.o)
                0x00084f82                _vTAMCOframeRXgoingIdle
 .text.vTAMCOframeTXcap
                0x00084f9e       0x30 /cygdrive/c/TWESDK/516x/Components/Library/libMac_JN516x.a(TAMCO.o)
                0x00084f9e                _vTAMCOframeTXcap
 .text.vTAMCOframeTXgoingIdle
                0x00084fce       0x1b /cygdrive/c/TWESDK/516x/Components/Library/libMac_JN516x.a(TAMCO.o)
                0x00084fce                _vTAMCOframeTXgoingIdle
 .text.vTAMCOint2Fired
                0x00084fe9       0x22 /cygdrive/c/TWESDK/516x/Components/Library/libMac_JN516x.a(TAMCO.o)
                0x00084fe9                _vTAMCOint2Fired
 .text.vTAMCOframeTXbeacon
                0x0008500b       0xc9 /cygdrive/c/TWESDK/516x/Components/Library/libMac_JN516x.a(TAMCO.o)
                0x0008500b                _vTAMCOframeTXbeacon
 .text.vTAMCOint1Fired
                0x000850d4       0xef /cygdrive/c/TWESDK/516x/Components/Library/libMac_JN516x.a(TAMCO.o)
                0x000850d4                _vTAMCOint1Fired
 .text.vTAMCOint1FiredCAP
                0x000851c3       0x7f /cygdrive/c/TWESDK/516x/Components/Library/libMac_JN516x.a(TAMCO.o)
                0x000851c3                _vTAMCOint1FiredCAP
 .text.vTAMCOstartBeacon
                0x00085242       0x41 /cygdrive/c/TWESDK/516x/Components/Library/libMac_JN516x.a(TAMCO.o)
                0x00085242                _vTAMCOstartBeacon
 .text.vStartStoreValues
                0x00085283       0xbc /cygdrive/c/TWESDK/516x/Components/Library/libMac_JN516x.a(TAMCO.o)
 .text.bStartCallback
                0x0008533f       0x2f /cygdrive/c/TWESDK/516x/Components/Library/libMac_JN516x.a(TAMCO.o)
 .text.vTAMCO_MLMEstartRequest
                0x0008536e      0x11e /cygdrive/c/TWESDK/516x/Components/Library/libMac_JN516x.a(TAMCO.o)
                0x0008536e                _vTAMCO_MLMEstartRequest
 .text.vTAMCOframeStarting
                0x0008548c       0x1e /cygdrive/c/TWESDK/516x/Components/Library/libMac_JN516x.a(TAMCO.o)
                0x0008548c                _vTAMCOframeStarting
 .text.vTAMDEdetermineNullState
                0x000854aa       0x1d /cygdrive/c/TWESDK/516x/Components/Library/libMac_JN516x.a(TAMDE.o)
                0x000854aa                _vTAMDEdetermineNullState
 .text.vSetPHYfromMacValue
                0x000854c7       0x45 /cygdrive/c/TWESDK/516x/Components/Library/libMac_JN516x.a(TAMDE.o)
 .text.vTAMDEint1FiredWaitDR
                0x0008550c       0x20 /cygdrive/c/TWESDK/516x/Components/Library/libMac_JN516x.a(TAMDE.o)
                0x0008550c                _vTAMDEint1FiredWaitDR
 .text.vTAMDEstartSync
                0x0008552c       0x86 /cygdrive/c/TWESDK/516x/Components/Library/libMac_JN516x.a(TAMDE.o)
                0x0008552c                _vTAMDEstartSync
 .text.vTAMDE_MLMEsyncRequest
                0x000855b2       0x30 /cygdrive/c/TWESDK/516x/Components/Library/libMac_JN516x.a(TAMDE.o)
                0x000855b2                _vTAMDE_MLMEsyncRequest
 .text.vTrySendUnslotted
                0x000855e2       0x23 /cygdrive/c/TWESDK/516x/Components/Library/libMac_JN516x.a(TAMDE.o)
 .text.vDeterminePowerState
                0x00085605       0x98 /cygdrive/c/TWESDK/516x/Components/Library/libMac_JN516x.a(TAMDE.o)
 .text.vTAMDEreqTXnullTrackingCAP
                0x0008569d       0x1c /cygdrive/c/TWESDK/516x/Components/Library/libMac_JN516x.a(TAMDE.o)
                0x0008569d                _vTAMDEreqTXnullTrackingCAP
 .text.vTAMDEint2FiredTrackingDR
                0x000856b9       0x2b /cygdrive/c/TWESDK/516x/Components/Library/libMac_JN516x.a(TAMDE.o)
                0x000856b9                _vTAMDEint2FiredTrackingDR
 .text.vTAMDEframeTXDEnull
                0x000856e4       0x28 /cygdrive/c/TWESDK/516x/Components/Library/libMac_JN516x.a(TAMDE.o)
                0x000856e4                _vTAMDEframeTXDEnull
 .text.vTAMDEframeTXtrackingCAPgts
                0x0008570c       0x34 /cygdrive/c/TWESDK/516x/Components/Library/libMac_JN516x.a(TAMDE.o)
                0x0008570c                _vTAMDEframeTXtrackingCAPgts
 .text.vTAMDEframeRX
                0x00085740       0x30 /cygdrive/c/TWESDK/516x/Components/Library/libMac_JN516x.a(TAMDE.o)
                0x00085740                _vTAMDEframeRX
 .text.vTAMDEframePreSyncReq
                0x00085770       0x21 /cygdrive/c/TWESDK/516x/Components/Library/libMac_JN516x.a(TAMDE.o)
                0x00085770                _vTAMDEframePreSyncReq
 .text.bSendDataRequest
                0x00085791      0x113 /cygdrive/c/TWESDK/516x/Components/Library/libMac_JN516x.a(TAMDE.o)
 .text.vTAMDEframeRXtrackingDR
                0x000858a4       0x47 /cygdrive/c/TWESDK/516x/Components/Library/libMac_JN516x.a(TAMDE.o)
                0x000858a4                _vTAMDEframeRXtrackingDR
 .text.vTAMDEint2FiredPollActive
                0x000858eb       0x34 /cygdrive/c/TWESDK/516x/Components/Library/libMac_JN516x.a(TAMDE.o)
                0x000858eb                _vTAMDEint2FiredPollActive
 .text.vTAMDEframeTXtrackingDR
                0x0008591f       0x6b /cygdrive/c/TWESDK/516x/Components/Library/libMac_JN516x.a(TAMDE.o)
                0x0008591f                _vTAMDEframeTXtrackingDR
 .text.vTAMDEint1FiredTracking
                0x0008598a       0x6f /cygdrive/c/TWESDK/516x/Components/Library/libMac_JN516x.a(TAMDE.o)
                0x0008598a                _vTAMDEint1FiredTracking
 .text.vTAMDEint1FiredTrackingCAPgts
                0x000859f9       0xca /cygdrive/c/TWESDK/516x/Components/Library/libMac_JN516x.a(TAMDE.o)
                0x000859f9                _vTAMDEint1FiredTrackingCAPgts
 .text.vTAMDEint1FiredTrackingBeacon
                0x00085ac3       0xa7 /cygdrive/c/TWESDK/516x/Components/Library/libMac_JN516x.a(TAMDE.o)
                0x00085ac3                _vTAMDEint1FiredTrackingBeacon
 .text.bProcessBeaconRX
                0x00085b6a       0xe6 /cygdrive/c/TWESDK/516x/Components/Library/libMac_JN516x.a(TAMDE.o)
 .text.vTAMDEframeRXsyncReq
                0x00085c50      0x26c /cygdrive/c/TWESDK/516x/Components/Library/libMac_JN516x.a(TAMDE.o)
                0x00085c50                _vTAMDEframeRXsyncReq
 .text.vTAMDEint1FiredSyncReq
                0x00085ebc       0x7b /cygdrive/c/TWESDK/516x/Components/Library/libMac_JN516x.a(TAMDE.o)
                0x00085ebc                _vTAMDEint1FiredSyncReq
 .text.pvMEMget
                0x00085f37       0x27 /cygdrive/c/TWESDK/516x/Components/Library/libMac_JN516x.a(TAM_MEM.o)
                0x00085f37                _pvMEMget
 .text.vMEMreturn
                0x00085f5e       0x6a /cygdrive/c/TWESDK/516x/Components/Library/libMac_JN516x.a(TAM_MEM.o)
                0x00085f5e                _vMEMreturn
 .text.vMEMreset
                0x00085fc8       0x70 /cygdrive/c/TWESDK/516x/Components/Library/libMac_JN516x.a(TAM_MEM.o)
                0x00085fc8                _vMEMreset
 .text.vMLMErxEnableConfirm
                0x00086038       0x37 /cygdrive/c/TWESDK/516x/Components/Library/libMac_JN516x.a(TAM_MLME.o)
                0x00086038                _vMLMErxEnableConfirm
 .text.vMLMEcommStatus
                0x0008606f       0x6e /cygdrive/c/TWESDK/516x/Components/Library/libMac_JN516x.a(TAM_MLME.o)
                0x0008606f                _vMLMEcommStatus
 .text.vMLMEcommStatusFromFrame
                0x000860dd       0x47 /cygdrive/c/TWESDK/516x/Components/Library/libMac_JN516x.a(TAM_MLME.o)
                0x000860dd                _vMLMEcommStatusFromFrame
 .text.vMLMEsyncLoss
                0x00086124       0x38 /cygdrive/c/TWESDK/516x/Components/Library/libMac_JN516x.a(TAM_MLME.o)
                0x00086124                _vMLMEsyncLoss
 .text.vMLMEbeaconNotify
                0x0008615c      0x17c /cygdrive/c/TWESDK/516x/Components/Library/libMac_JN516x.a(TAM_MLME.o)
                0x0008615c                _vMLMEbeaconNotify
 .text.vTAHsetCutOff
                0x000862d8        0xa /cygdrive/c/TWESDK/516x/Components/Library/libMac_JN516x.a(TAM_TAH.o)
                0x000862d8                _vTAHsetCutOff
 .text.vTAHsetSyncLock
                0x000862e2       0x18 /cygdrive/c/TWESDK/516x/Components/Library/libMac_JN516x.a(TAM_TAH.o)
                0x000862e2                _vTAHsetSyncLock
 .text.vTAHsetPhyStateDirect
                0x000862fa       0x33 /cygdrive/c/TWESDK/516x/Components/Library/libMac_JN516x.a(TAM_TAH.o)
                0x000862fa                _vTAHsetPhyStateDirect
 .text.vTAHsetPhyState
                0x0008632d       0x35 /cygdrive/c/TWESDK/516x/Components/Library/libMac_JN516x.a(TAM_TAH.o)
                0x0008632d                _vTAHsetPhyState
 .text.vTAIdisableInterrupt
                0x00086362       0x10 /cygdrive/c/TWESDK/516x/Components/Library/libMac_JN516x.a(TAM_TAI.o)
                0x00086362                _vTAIdisableInterrupt
 .text.vTAIsetRxEnableTime
                0x00086372       0x1d /cygdrive/c/TWESDK/516x/Components/Library/libMac_JN516x.a(TAM_TAI.o)
                0x00086372                _vTAIsetRxEnableTime
 .text.vTAIsetCapTime
                0x0008638f       0x1d /cygdrive/c/TWESDK/516x/Components/Library/libMac_JN516x.a(TAM_TAI.o)
                0x0008638f                _vTAIsetCapTime
 .text.eTATreadTXstatus
                0x000863ac       0x46 /cygdrive/c/TWESDK/516x/Components/Library/libMac_JN516x.a(TAM_TAT.o)
                0x000863ac                _eTATreadTXstatus
 .text.vTATgetFrameAddress
                0x000863f2       0x20 /cygdrive/c/TWESDK/516x/Components/Library/libMac_JN516x.a(TAM_TAT.o)
                0x000863f2                _vTATgetFrameAddress
 .text.vTATgetFramePayload
                0x00086412       0x1d /cygdrive/c/TWESDK/516x/Components/Library/libMac_JN516x.a(TAM_TAT.o)
                0x00086412                _vTATgetFramePayload
 .text.vTATsetBLE
                0x0008642f       0x3e /cygdrive/c/TWESDK/516x/Components/Library/libMac_JN516x.a(TAM_TAT.o)
                0x0008642f                _vTATsetBLE
 .text.vTATwriteAclMaterialToHardware
                0x0008646d       0x2c /cygdrive/c/TWESDK/516x/Components/Library/libMac_JN516x.a(TAM_TAT.o)
                0x0008646d                _vTATwriteAclMaterialToHardware
 .text.bIsBbcSafeForTx
                0x00086499       0x2d /cygdrive/c/TWESDK/516x/Components/Library/libMac_JN516x.a(TAM_TAT.o)
                0x00086499                _bIsBbcSafeForTx
 .text.vTATstartReceiveAt
                0x000864c6       0x1e /cygdrive/c/TWESDK/516x/Components/Library/libMac_JN516x.a(TAM_TAT.o)
                0x000864c6                _vTATstartReceiveAt
 .text.vWriteFrame
                0x000864e4       0x7d /cygdrive/c/TWESDK/516x/Components/Library/libMac_JN516x.a(TAM_TAT.o)
 .text.bTATsendFrame
                0x00086561       0x5a /cygdrive/c/TWESDK/516x/Components/Library/libMac_JN516x.a(TAM_TAT.o)
                0x00086561                _bTATsendFrame
 .text.bTATsendFrameAt
                0x000865bb       0x48 /cygdrive/c/TWESDK/516x/Components/Library/libMac_JN516x.a(TAM_TAT.o)
                0x000865bb                _bTATsendFrameAt
 .text.bTACassessBeaconForPayload
                0x00086603       0x4c /cygdrive/c/TWESDK/516x/Components/Library/libMac_JN516x.a(TAMcommon.o)
                0x00086603                _bTACassessBeaconForPayload
 .text.bTACframeInProgress
                0x0008664f       0x27 /cygdrive/c/TWESDK/516x/Components/Library/libMac_JN516x.a(TAMcommon.o)
                0x0008664f                _bTACframeInProgress
 .text.vTACu16ToPayloadM
                0x00086676        0xc /cygdrive/c/TWESDK/516x/Components/Library/libMac_JN516x.a(TAMcommon.o)
                0x00086676                _vTACu16ToPayloadM
 .text.vTACu32ToPayloadM
                0x00086682       0x18 /cygdrive/c/TWESDK/516x/Components/Library/libMac_JN516x.a(TAMcommon.o)
                0x00086682                _vTACu32ToPayloadM
 .text.u16TACpayloadToU16M
                0x0008669a        0xf /cygdrive/c/TWESDK/516x/Components/Library/libMac_JN516x.a(TAMcommon.o)
                0x0008669a                _u16TACpayloadToU16M
 .text.u32TACpayloadToU32M
                0x000866a9       0x23 /cygdrive/c/TWESDK/516x/Components/Library/libMac_JN516x.a(TAMcommon.o)
                0x000866a9                _u32TACpayloadToU32M
 .text.u8TACgetHeaderSize
                0x000866cc       0x26 /cygdrive/c/TWESDK/516x/Components/Library/libMac_JN516x.a(TAMcommon.o)
                0x000866cc                _u8TACgetHeaderSize
 .text.vTACsetTxFrameDefaults
                0x000866f2       0x2a /cygdrive/c/TWESDK/516x/Components/Library/libMac_JN516x.a(TAMcommon.o)
                0x000866f2                _vTACsetTxFrameDefaults
 .text.vTACcheckPollResponse
                0x0008671c       0x37 /cygdrive/c/TWESDK/516x/Components/Library/libMac_JN516x.a(TAMcommon.o)
                0x0008671c                _vTACcheckPollResponse
 .text.bUpdateTime
                0x00086753       0x46 /cygdrive/c/TWESDK/516x/Components/Library/libMac_JN516x.a(TAMcommon.o)
 .text.vTACbuildBeacon
                0x00086799      0x257 /cygdrive/c/TWESDK/516x/Components/Library/libMac_JN516x.a(TAMcommon.o)
                0x00086799                _vTACbuildBeacon
 .text.vTACsetFramePending
                0x000869f0       0x3f /cygdrive/c/TWESDK/516x/Components/Library/libMac_JN516x.a(TAMcommon.o)
                0x000869f0                _vTACsetFramePending
 .text.vTACsetPHYfromMacValue
                0x00086a2f       0x2b /cygdrive/c/TWESDK/516x/Components/Library/libMac_JN516x.a(TAMcommon.o)
                0x00086a2f                _vTACsetPHYfromMacValue
 .text.bTACcheckPANconflict
                0x00086a5a       0xa8 /cygdrive/c/TWESDK/516x/Components/Library/libMac_JN516x.a(TAMcommon.o)
                0x00086a5a                _bTACcheckPANconflict
 .text.bTACprocessUnexpectedBeacon
                0x00086b02       0x6d /cygdrive/c/TWESDK/516x/Components/Library/libMac_JN516x.a(TAMcommon.o)
                0x00086b02                _bTACprocessUnexpectedBeacon
 .text.bSendSyncLoss
                0x00086b6f       0x1e /cygdrive/c/TWESDK/516x/Components/Library/libMac_JN516x.a(TAMcommon.o)
 .text.vTACinformOriginator
                0x00086b8d       0x26 /cygdrive/c/TWESDK/516x/Components/Library/libMac_JN516x.a(TAMcommon.o)
                0x00086b8d                _vTACinformOriginator
 .text.vTACintRXheader
                0x00086bb3       0x98 /cygdrive/c/TWESDK/516x/Components/Library/libMac_JN516x.a(TAMcommon.o)
                0x00086bb3                _vTACintRXheader
 .text.bTACprocessFrameRXcomplete
                0x00086c4b      0x231 /cygdrive/c/TWESDK/516x/Components/Library/libMac_JN516x.a(TAMcommon.o)
                0x00086c4b                _bTACprocessFrameRXcomplete
 .text.eTACprocessFrameTXcomplete
                0x00086e7c      0x17c /cygdrive/c/TWESDK/516x/Components/Library/libMac_JN516x.a(TAMcommon.o)
                0x00086e7c                _eTACprocessFrameTXcomplete
 .text.vTAMinsertEvent
                0x00086ff8       0x6c /cygdrive/c/TWESDK/516x/Components/Library/libMac_JN516x.a(TAMevent.o)
                0x00086ff8                _vTAMinsertEvent
 .text.vTAM_TxRetryTimeout
                0x00087064        0x8 /cygdrive/c/TWESDK/516x/Components/Library/libMac_JN516x.a(TAMevent.o)
                0x00087064                _vTAM_TxRetryTimeout
 .text.vTAM_QueueTxEvent
                0x0008706c       0x11 /cygdrive/c/TWESDK/516x/Components/Library/libMac_JN516x.a(TAMevent.o)
                0x0008706c                _vTAM_QueueTxEvent
 .text.vTAM_CancelTxRetryTimer
                0x0008707d        0xf /cygdrive/c/TWESDK/516x/Components/Library/libMac_JN516x.a(TAMevent.o)
                0x0008707d                _vTAM_CancelTxRetryTimer
 .text.vTAM_TxRetryTimer
                0x0008708c       0x13 /cygdrive/c/TWESDK/516x/Components/Library/libMac_JN516x.a(TAMevent.o)
                0x0008708c                _vTAM_TxRetryTimer
 .text.vTAQaddToFifo
                0x0008709f       0x1a /cygdrive/c/TWESDK/516x/Components/Library/libMac_JN516x.a(TAMqueue.o)
                0x0008709f                _vTAQaddToFifo
 .text.bTAQremoveFromFifo
                0x000870b9       0x3d /cygdrive/c/TWESDK/516x/Components/Library/libMac_JN516x.a(TAMqueue.o)
                0x000870b9                _bTAQremoveFromFifo
 .text.vTAQresetFifo
                0x000870f6        0x9 /cygdrive/c/TWESDK/516x/Components/Library/libMac_JN516x.a(TAMqueue.o)
                0x000870f6                _vTAQresetFifo
 .text.psTAQsearchFifoForHandle
                0x000870ff       0x18 /cygdrive/c/TWESDK/516x/Components/Library/libMac_JN516x.a(TAMqueue.o)
                0x000870ff                _psTAQsearchFifoForHandle
 .text.psTAQsearchFifo
                0x00087117       0x46 /cygdrive/c/TWESDK/516x/Components/Library/libMac_JN516x.a(TAMqueue.o)
                0x00087117                _psTAQsearchFifo
 .text.vDoGoOff
                0x0008715d       0x1a /cygdrive/c/TWESDK/516x/Components/Library/libMac_JN516x.a(TAMrxEnable.o)
 .text.vDoGoActive
                0x00087177       0x28 /cygdrive/c/TWESDK/516x/Components/Library/libMac_JN516x.a(TAMrxEnable.o)
 .text.vTAM_MLMErxEnableRequest
                0x0008719f       0xc8 /cygdrive/c/TWESDK/516x/Components/Library/libMac_JN516x.a(TAMrxEnable.o)
                0x0008719f                _vTAM_MLMErxEnableRequest
 .text.vTAMRXEsetReceiveForPibChange
                0x00087267       0x33 /cygdrive/c/TWESDK/516x/Components/Library/libMac_JN516x.a(TAMrxEnable.o)
                0x00087267                _vTAMRXEsetReceiveForPibChange
 .text.vTAMRXEsetPhy
                0x0008729a       0xb6 /cygdrive/c/TWESDK/516x/Components/Library/libMac_JN516x.a(TAMrxEnable.o)
                0x0008729a                _vTAMRXEsetPhy
 .text.vTAMRXEint2Fired
                0x00087350       0x42 /cygdrive/c/TWESDK/516x/Components/Library/libMac_JN516x.a(TAMrxEnable.o)
                0x00087350                _vTAMRXEint2Fired
 .text.bSecurityLevelCheckingAlgorithm
                0x00087392       0x25 /cygdrive/c/TWESDK/516x/Components/Library/libMac_JN516x.a(TAMsecurity.o)
 .text.u8TSCframeIncrease
                0x000873b7        0xf /cygdrive/c/TWESDK/516x/Components/Library/libMac_JN516x.a(TAMsecurity.o)
                0x000873b7                _u8TSCframeIncrease
 .text.vTSCsetUpwardSecurity
                0x000873c6       0x15 /cygdrive/c/TWESDK/516x/Components/Library/libMac_JN516x.a(TAMsecurity.o)
                0x000873c6                _vTSCsetUpwardSecurity
 .text.vCopyToDataFromMacAddr
                0x000873db       0x33 /cygdrive/c/TWESDK/516x/Components/Library/libMac_JN516x.a(TAMsecurity.o)
 .text.vTSCpostTransmitUpdate
                0x0008740e       0x3b /cygdrive/c/TWESDK/516x/Components/Library/libMac_JN516x.a(TAMsecurity.o)
                0x0008740e                _vTSCpostTransmitUpdate
 .text.vTSCsetOutgoingInfo
                0x00087449      0x158 /cygdrive/c/TWESDK/516x/Components/Library/libMac_JN516x.a(TAMsecurity.o)
                0x00087449                _vTSCsetOutgoingInfo
 .text.vMAC_RetrieveSecurityInfoFromFrame
                0x000875a1       0x92 /cygdrive/c/TWESDK/516x/Components/Library/libMac_JN516x.a(TAMsecurity.o)
                0x000875a1                _vMAC_RetrieveSecurityInfoFromFrame
 .text.MAC_bLookUpKeyDescriptor
                0x00087633       0x7f /cygdrive/c/TWESDK/516x/Components/Library/libMac_JN516x.a(TAMsecurity.o)
 .text.bTSCgetOutgoingInfo2003
                0x000876b2       0x21 /cygdrive/c/TWESDK/516x/Components/Library/libMac_JN516x.a(TAMsecurity.o)
                0x000876b2                _bTSCgetOutgoingInfo2003
 .text.bTSCgetOutgoingInfo
                0x000876d3      0x11c /cygdrive/c/TWESDK/516x/Components/Library/libMac_JN516x.a(TAMsecurity.o)
                0x000876d3                _bTSCgetOutgoingInfo
 .text.vTSCgetIncomingInfo
                0x000877ef       0xc6 /cygdrive/c/TWESDK/516x/Components/Library/libMac_JN516x.a(TAMsecurity.o)
                0x000877ef                _vTSCgetIncomingInfo
 .text.bTSCcheckIncomingFrame
                0x000878b5      0x689 /cygdrive/c/TWESDK/516x/Components/Library/libMac_JN516x.a(TAMsecurity.o)
                0x000878b5                _bTSCcheckIncomingFrame
 .text.vTAStidyUpAfterFrameTX
                0x00087f3e       0x26 /cygdrive/c/TWESDK/516x/Components/Library/libMac_JN516x.a(TAMsideways.o)
                0x00087f3e                _vTAStidyUpAfterFrameTX
 .text.bTASsendCommStatusInd
                0x00087f64       0x1b /cygdrive/c/TWESDK/516x/Components/Library/libMac_JN516x.a(TAMsideways.o)
                0x00087f64                _bTASsendCommStatusInd
 .text.vTASretrieveSecurity
                0x00087f7f       0x24 /cygdrive/c/TWESDK/516x/Components/Library/libMac_JN516x.a(TAMsideways.o)
                0x00087f7f                _vTASretrieveSecurity
 .text.vTASretrieveFrame
                0x00087fa3       0x88 /cygdrive/c/TWESDK/516x/Components/Library/libMac_JN516x.a(TAMsideways.o)
                0x00087fa3                _vTASretrieveFrame
 .text.eTAStransmitRequest
                0x0008802b      0x3e3 /cygdrive/c/TWESDK/516x/Components/Library/libMac_JN516x.a(TAMsideways.o)
                0x0008802b                _eTAStransmitRequest
 .text.vTTIBLETimerExpired
                0x0008840e        0xb /cygdrive/c/TWESDK/516x/Components/Library/libMac_JN516x.a(TAMtime.o)
                0x0008840e                _vTTIBLETimerExpired
 .text.vTTITimer2Expired
                0x00088419        0x8 /cygdrive/c/TWESDK/516x/Components/Library/libMac_JN516x.a(TAMtime.o)
                0x00088419                _vTTITimer2Expired
 .text.vTTITimer1Expired
                0x00088421        0x8 /cygdrive/c/TWESDK/516x/Components/Library/libMac_JN516x.a(TAMtime.o)
                0x00088421                _vTTITimer1Expired
 .text.vTTITransactionTimerExpired
                0x00088429       0x2f /cygdrive/c/TWESDK/516x/Components/Library/libMac_JN516x.a(TAMtime.o)
                0x00088429                _vTTITransactionTimerExpired
 .text.vCmdWaitBusy
                0x00088458        0xd /cygdrive/c/TWESDK/516x/Components/Library/libMac_JN516x.a(TAM_AES.o)
 .text.vEcbEncodeStripe
                0x00088465       0x55 /cygdrive/c/TWESDK/516x/Components/Library/libMac_JN516x.a(TAM_AES.o)
 .text.vFromU16ToLe
                0x000884ba        0xc /cygdrive/c/TWESDK/516x/Components/Library/libMac_JN516x.a(TAM_AES.o)
 .text.vFromU32ToLe
                0x000884c6       0x18 /cygdrive/c/TWESDK/516x/Components/Library/libMac_JN516x.a(TAM_AES.o)
 .text.u8TAM_AES_WriteAuxilliarySecurityHeaderIntoBuffer
                0x000884de       0x6a /cygdrive/c/TWESDK/516x/Components/Library/libMac_JN516x.a(TAM_AES.o)
                0x000884de                _u8TAM_AES_WriteAuxilliarySecurityHeaderIntoBuffer
 .text.u8Write802_15_4HeaderIntoBuffer
                0x00088548      0x110 /cygdrive/c/TWESDK/516x/Components/Library/libMac_JN516x.a(TAM_AES.o)
 .text.vWrite802_15_4NonceIntoBuffer
                0x00088658       0x4a /cygdrive/c/TWESDK/516x/Components/Library/libMac_JN516x.a(TAM_AES.o)
 .text.vTAM_AES_OptimisedCcmStar
                0x000886a2      0x244 /cygdrive/c/TWESDK/516x/Components/Library/libMac_JN516x.a(TAM_AES.o)
                0x000886a2                _vTAM_AES_OptimisedCcmStar
 .text.bTAM_AES_CCMstarPatch2006
                0x000888e6       0xf4 /cygdrive/c/TWESDK/516x/Components/Library/libMac_JN516x.a(TAM_AES.o)
                0x000888e6                _bTAM_AES_CCMstarPatch2006
 .text.bTAM_AES_CCMstarPatch
                0x000889da       0xfe /cygdrive/c/TWESDK/516x/Components/Library/libMac_JN516x.a(TAM_AES.o)
                0x000889da                _bTAM_AES_CCMstarPatch
 .text.MAC_u8AclFindInfo
                0x00088ad8      0x118 /cygdrive/c/TWESDK/516x/Components/Library/libMac_JN516x.a(mac_acl.o)
                0x00088ad8                _MAC_u8AclFindInfo
 .text.vMAC_MISCorphanReceived
                0x00088bf0       0x4f /cygdrive/c/TWESDK/516x/Components/Library/libMac_JN516x.a(mac_misc.o)
                0x00088bf0                _vMAC_MISCorphanReceived
 .text.vMAC_MISCpollConfirm
                0x00088c3f       0x35 /cygdrive/c/TWESDK/516x/Components/Library/libMac_JN516x.a(mac_misc.o)
                0x00088c3f                _vMAC_MISCpollConfirm
 .text.vMAC_MISCpollRequest
                0x00088c74       0xbe /cygdrive/c/TWESDK/516x/Components/Library/libMac_JN516x.a(mac_misc.o)
                0x00088c74                _vMAC_MISCpollRequest
 .text.vMAC_MISCorphanResponse
                0x00088d32       0xc4 /cygdrive/c/TWESDK/516x/Components/Library/libMac_JN516x.a(mac_misc.o)
                0x00088d32                _vMAC_MISCorphanResponse
 .text.bPollReqSent
                0x00088df6       0x1e /cygdrive/c/TWESDK/516x/Components/Library/libMac_JN516x.a(mac_misc.o)
 .text.vUpdateRegisters
                0x00088e14       0x4b /cygdrive/c/TWESDK/516x/Components/Library/libXcv_JN516x.a(xcv_main.o)
 .text.XCV_vCtor
                0x00088e5f      0x1ae /cygdrive/c/TWESDK/516x/Components/Library/libXcv_JN516x.a(xcv_main.o)
                0x00088e5f                _XCV_vCtor
 .text.XCV_vDevWriteIER
                0x0008900d        0xa /cygdrive/c/TWESDK/516x/Components/Library/libXcv_JN516x.a(xcv_access.o)
                0x0008900d                _XCV_vDevWriteIER
 .text.XCV_vDevRMW_IER
                0x00089017       0x19 /cygdrive/c/TWESDK/516x/Components/Library/libXcv_JN516x.a(xcv_access.o)
                0x00089017                _XCV_vDevRMW_IER
 .text.vXCV_IntHandlerBbc
                0x00089030       0x62 /cygdrive/c/TWESDK/516x/Components/Library/libXcv_JN516x.a(xcv_isr.o)
                0x00089030                _vXCV_IntHandlerBbc
 .text.vXCV_IntHandlerPhy
                0x00089092       0xab /cygdrive/c/TWESDK/516x/Components/Library/libXcv_JN516x.a(xcv_isr.o)
                0x00089092                _vXCV_IntHandlerPhy
 .text.bACI_CCMstar
                0x0008913d       0x66 /cygdrive/c/TWESDK/516x/Components/Library/libAes_JN516x.a(AEScoprocessorCCM.o)
                0x0008913d                _bACI_CCMstar
 .text.TSV_eInit
                0x000891a3       0x1d /cygdrive/c/TWESDK/516x/Components/Library/libTimerServer_JN516x.a(tsv_main.o)
                0x000891a3                _TSV_eInit
 .text.TSV_eOpen
                0x000891c0        0x8 /cygdrive/c/TWESDK/516x/Components/Library/libTimerServer_JN516x.a(tsv_main.o)
                0x000891c0                _TSV_eOpen
 .text.psRemove
                0x000891c8       0x47 /cygdrive/c/TWESDK/516x/Components/Library/libTimerServer_JN516x.a(tsv_main.o)
 .text.vExpireHead
                0x0008920f       0x31 /cygdrive/c/TWESDK/516x/Components/Library/libTimerServer_JN516x.a(tsv_main.o)
 .text.TSV_eExpireProc
                0x00089240       0x2b /cygdrive/c/TWESDK/516x/Components/Library/libTimerServer_JN516x.a(tsv_main.o)
                0x00089240                _TSV_eExpireProc
 .text.TSV_eStart
                0x0008926b       0xcf /cygdrive/c/TWESDK/516x/Components/Library/libTimerServer_JN516x.a(tsv_main.o)
                0x0008926b                _TSV_eStart
 .text.TSV_eStop
                0x0008933a       0x79 /cygdrive/c/TWESDK/516x/Components/Library/libTimerServer_JN516x.a(tsv_main.o)
                0x0008933a                _TSV_eStop
 .text.vAHI_IntHandlerAnalogPeriph
                0x000893b3       0x20 /cygdrive/c/TWESDK/516x/Components/Library/libHardwareApi_JN516x.a(AHI_Analogue.o)
                0x000893b3                _vAHI_IntHandlerAnalogPeriph
 .text.vAHI_APRegisterCallback
                0x000893d3        0x9 /cygdrive/c/TWESDK/516x/Components/Library/libHardwareApi_JN516x.a(AHI_Analogue.o)
                0x000893d3                _vAHI_APRegisterCallback
 .text.vAHI_DioSetDirection
                0x000893dc       0x14 /cygdrive/c/TWESDK/516x/Components/Library/libHardwareApi_JN516x.a(AHI_Dio.o)
                0x000893dc                _vAHI_DioSetDirection
 .text.vAHI_DioSetOutput
                0x000893f0       0x14 /cygdrive/c/TWESDK/516x/Components/Library/libHardwareApi_JN516x.a(AHI_Dio.o)
                0x000893f0                _vAHI_DioSetOutput
 .text.u32AHI_DioReadInput
                0x00089404        0x7 /cygdrive/c/TWESDK/516x/Components/Library/libHardwareApi_JN516x.a(AHI_Dio.o)
                0x00089404                _u32AHI_DioReadInput
 .text.vAHI_DioSetPullup
                0x0008940b       0x20 /cygdrive/c/TWESDK/516x/Components/Library/libHardwareApi_JN516x.a(AHI_Dio.o)
                0x0008940b                _vAHI_DioSetPullup
 .text.u32AHI_Init
                0x0008942b       0xc5 /cygdrive/c/TWESDK/516x/Components/Library/libHardwareApi_JN516x.a(AHI_Init.o)
                0x0008942b                _u32AHI_Init
 .text          0x000894f0       0x27 /cygdrive/c/TWESDK/516x/Components/Library/libHardwareApi_JN516x.a(AHI_Interrupt.o)
                0x0008950e                _vAHI_InterruptSetActivePriorityLevel
                0x000894f0                _vAHI_InterruptSetPriority
 .text.vAHI_IntHandlerSi
                0x00089517       0x45 /cygdrive/c/TWESDK/516x/Components/Library/libHardwareApi_JN516x.a(AHI_Si.o)
                0x00089517                _vAHI_IntHandlerSi
 .text.vAHI_SiRegisterCallback
                0x0008955c        0x9 /cygdrive/c/TWESDK/516x/Components/Library/libHardwareApi_JN516x.a(AHI_Si.o)
                0x0008955c                _vAHI_SiRegisterCallback
 .text.vAHI_IntHandlerSpiMaster
                0x00089565       0x26 /cygdrive/c/TWESDK/516x/Components/Library/libHardwareApi_JN516x.a(AHI_Spi.o)
                0x00089565                _vAHI_IntHandlerSpiMaster
 .text.vAHI_SpiRegisterCallback
                0x0008958b        0x9 /cygdrive/c/TWESDK/516x/Components/Library/libHardwareApi_JN516x.a(AHI_Spi.o)
                0x0008958b                _vAHI_SpiRegisterCallback
 .text.u8AHI_PowerStatus
                0x00089594        0xa /cygdrive/c/TWESDK/516x/Components/Library/libHardwareApi_JN516x.a(AHI_System.o)
                0x00089594                _u8AHI_PowerStatus
 .text.vAHI_ProtocolPower
                0x0008959e       0x17 /cygdrive/c/TWESDK/516x/Components/Library/libHardwareApi_JN516x.a(AHI_System.o)
                0x0008959e                _vAHI_ProtocolPower
 .text.vAHI_CpuDoze
                0x000895b5       0x13 /cygdrive/c/TWESDK/516x/Components/Library/libHardwareApi_JN516x.a(AHI_System.o)
                0x000895b5                _vAHI_CpuDoze
 .text.vAHI_SysCtrlRegisterCallback
                0x000895c8        0x9 /cygdrive/c/TWESDK/516x/Components/Library/libHardwareApi_JN516x.a(AHI_System.o)
                0x000895c8                _vAHI_SysCtrlRegisterCallback
 .text.vAHI_HighPowerModuleEnable
                0x000895d1       0x2f /cygdrive/c/TWESDK/516x/Components/Library/libHardwareApi_JN516x.a(AHI_System.o)
                0x000895d1                _vAHI_HighPowerModuleEnable
 .text.vAHI_WatchdogStart
                0x00089600       0x23 /cygdrive/c/TWESDK/516x/Components/Library/libHardwareApi_JN516x.a(AHI_System.o)
                0x00089600                _vAHI_WatchdogStart
 .text.vAHI_WatchdogStop
                0x00089623       0x17 /cygdrive/c/TWESDK/516x/Components/Library/libHardwareApi_JN516x.a(AHI_System.o)
                0x00089623                _vAHI_WatchdogStop
 .text.vAHI_WatchdogRestart
                0x0008963a        0xd /cygdrive/c/TWESDK/516x/Components/Library/libHardwareApi_JN516x.a(AHI_System.o)
                0x0008963a                _vAHI_WatchdogRestart
 .text.bAHI_GetClkSource
                0x00089647        0xd /cygdrive/c/TWESDK/516x/Components/Library/libHardwareApi_JN516x.a(AHI_System.o)
                0x00089647                _bAHI_GetClkSource
 .text.vAHI_OptimiseWaitStates
                0x00089654       0x49 /cygdrive/c/TWESDK/516x/Components/Library/libHardwareApi_JN516x.a(AHI_System.o)
                0x00089654                _vAHI_OptimiseWaitStates
 .text.vAHI_SetWaitStateToChangingClockSourceAndSpeed
                0x0008969d       0x67 /cygdrive/c/TWESDK/516x/Components/Library/libHardwareApi_JN516x.a(AHI_System.o)
 .text.u8AHI_GetSystemClkSpeed
                0x00089704        0xa /cygdrive/c/TWESDK/516x/Components/Library/libHardwareApi_JN516x.a(AHI_System.o)
                0x00089704                _u8AHI_GetSystemClkSpeed
 .text.vPollClkSource
                0x0008970e       0x15 /cygdrive/c/TWESDK/516x/Components/Library/libHardwareApi_JN516x.a(AHI_System.o)
 .text.bAHI_SetClockRate
                0x00089723       0x51 /cygdrive/c/TWESDK/516x/Components/Library/libHardwareApi_JN516x.a(AHI_System.o)
                0x00089723                _bAHI_SetClockRate
 .text.vAHI_MemoryHold
                0x00089774       0x48 /cygdrive/c/TWESDK/516x/Components/Library/libHardwareApi_JN516x.a(AHI_System.o)
 .text.vAHI_StartRandomNumberGenerator
                0x000897bc       0x2c /cygdrive/c/TWESDK/516x/Components/Library/libHardwareApi_JN516x.a(AHI_System.o)
                0x000897bc                _vAHI_StartRandomNumberGenerator
 .text.u16AHI_ReadRandomNumber
                0x000897e8        0xa /cygdrive/c/TWESDK/516x/Components/Library/libHardwareApi_JN516x.a(AHI_System.o)
                0x000897e8                _u16AHI_ReadRandomNumber
 .text.bAHI_Clock32MHzStable
                0x000897f2        0xd /cygdrive/c/TWESDK/516x/Components/Library/libHardwareApi_JN516x.a(AHI_System.o)
                0x000897f2                _bAHI_Clock32MHzStable
 .text.vAHI_IntHandlerSysCtrl
                0x000897ff       0x3d /cygdrive/c/TWESDK/516x/Components/Library/libHardwareApi_JN516x.a(AHI_System.o)
                0x000897ff                _vAHI_IntHandlerSysCtrl
 .text.vAHI_Sleep
                0x0008983c       0xbf /cygdrive/c/TWESDK/516x/Components/Library/libHardwareApi_JN516x.a(AHI_System.o)
                0x0008983c                _vAHI_Sleep
 .text.vAHI_TickTimerInit
                0x000898fb        0x9 /cygdrive/c/TWESDK/516x/Components/Library/libHardwareApi_JN516x.a(AHI_TickTimer.o)
                0x000898fb                _vAHI_TickTimerInit
 .text.vAHI_TickTimerWrite
                0x00089904        0x9 /cygdrive/c/TWESDK/516x/Components/Library/libHardwareApi_JN516x.a(AHI_TickTimer.o)
                0x00089904                _vAHI_TickTimerWrite
 .text.vAHI_TickTimerConfigure
                0x0008990d       0x1b /cygdrive/c/TWESDK/516x/Components/Library/libHardwareApi_JN516x.a(AHI_TickTimer.o)
                0x0008990d                _vAHI_TickTimerConfigure
 .text.vAHI_TickTimerIntEnable
                0x00089928       0x21 /cygdrive/c/TWESDK/516x/Components/Library/libHardwareApi_JN516x.a(AHI_TickTimer.o)
                0x00089928                _vAHI_TickTimerIntEnable
 .text.vAHI_TickTimerInterval
                0x00089949       0x1e /cygdrive/c/TWESDK/516x/Components/Library/libHardwareApi_JN516x.a(AHI_TickTimer.o)
                0x00089949                _vAHI_TickTimerInterval
 .text.vAHI_IntHandlerTickTimer
                0x00089967       0x3d /cygdrive/c/TWESDK/516x/Components/Library/libHardwareApi_JN516x.a(AHI_TickTimer.o)
                0x00089967                _vAHI_IntHandlerTickTimer
 .text.vAHI_TimerEnable
                0x000899a4       0x9a /cygdrive/c/TWESDK/516x/Components/Library/libHardwareApi_JN516x.a(AHI_Timer.o)
                0x000899a4                _vAHI_TimerEnable
 .text.vAHI_TimerDisable
                0x00089a3e       0x40 /cygdrive/c/TWESDK/516x/Components/Library/libHardwareApi_JN516x.a(AHI_Timer.o)
                0x00089a3e                _vAHI_TimerDisable
 .text.vAHI_TimerClockSelect
                0x00089a7e       0x31 /cygdrive/c/TWESDK/516x/Components/Library/libHardwareApi_JN516x.a(AHI_Timer.o)
                0x00089a7e                _vAHI_TimerClockSelect
 .text.vAHI_TimerStop
                0x00089aaf       0x22 /cygdrive/c/TWESDK/516x/Components/Library/libHardwareApi_JN516x.a(AHI_Timer.o)
                0x00089aaf                _vAHI_TimerStop
 .text.vAHI_TimerConfigure
                0x00089ad1       0x36 /cygdrive/c/TWESDK/516x/Components/Library/libHardwareApi_JN516x.a(AHI_Timer.o)
                0x00089ad1                _vAHI_TimerConfigure
 .text.vStartTimer
                0x00089b07       0x2a /cygdrive/c/TWESDK/516x/Components/Library/libHardwareApi_JN516x.a(AHI_Timer.o)
 .text.vAHI_TimerStartRepeat
                0x00089b31       0x12 /cygdrive/c/TWESDK/516x/Components/Library/libHardwareApi_JN516x.a(AHI_Timer.o)
                0x00089b31                _vAHI_TimerStartRepeat
 .text.vAHI_IntHandlerTimer0
                0x00089b43       0x1d /cygdrive/c/TWESDK/516x/Components/Library/libHardwareApi_JN516x.a(AHI_TimerInt.o)
                0x00089b43                _vAHI_IntHandlerTimer0
 .text.vAHI_IntHandlerTimer1
                0x00089b60       0x1c /cygdrive/c/TWESDK/516x/Components/Library/libHardwareApi_JN516x.a(AHI_TimerInt.o)
                0x00089b60                _vAHI_IntHandlerTimer1
 .text.vAHI_Timer0RegisterCallback
                0x00089b7c        0x9 /cygdrive/c/TWESDK/516x/Components/Library/libHardwareApi_JN516x.a(AHI_TimerInt.o)
                0x00089b7c                _vAHI_Timer0RegisterCallback
 .text.vAHI_Timer1RegisterCallback
                0x00089b85        0x9 /cygdrive/c/TWESDK/516x/Components/Library/libHardwareApi_JN516x.a(AHI_TimerInt.o)
                0x00089b85                _vAHI_Timer1RegisterCallback
 .text.vAHI_Timer2RegisterCallback
                0x00089b8e        0x9 /cygdrive/c/TWESDK/516x/Components/Library/libHardwareApi_JN516x.a(AHI_TimerInt.o)
                0x00089b8e                _vAHI_Timer2RegisterCallback
 .text.vAHI_IntHandlerTimer3
                0x00089b97       0x1d /cygdrive/c/TWESDK/516x/Components/Library/libHardwareApi_JN516x.a(AHI_TimerInt.o)
                0x00089b97                _vAHI_IntHandlerTimer3
 .text.vAHI_Timer3RegisterCallback
                0x00089bb4        0x9 /cygdrive/c/TWESDK/516x/Components/Library/libHardwareApi_JN516x.a(AHI_TimerInt.o)
                0x00089bb4                _vAHI_Timer3RegisterCallback
 .text.vAHI_IntHandlerTimer4
                0x00089bbd       0x1d /cygdrive/c/TWESDK/516x/Components/Library/libHardwareApi_JN516x.a(AHI_TimerInt.o)
                0x00089bbd                _vAHI_IntHandlerTimer4
 .text.vAHI_Timer4RegisterCallback
                0x00089bda        0x9 /cygdrive/c/TWESDK/516x/Components/Library/libHardwareApi_JN516x.a(AHI_TimerInt.o)
                0x00089bda                _vAHI_Timer4RegisterCallback
 .text.vAHI_IntHandlerTimer2
                0x00089be3       0x33 /cygdrive/c/TWESDK/516x/Components/Library/libHardwareApi_JN516x.a(AHI_TimerInt.o)
                0x00089be3                _vAHI_IntHandlerTimer2
 .text.vAHI_UartSetBaudDivisor
                0x00089c16       0x59 /cygdrive/c/TWESDK/516x/Components/Library/libHardwareApi_JN516x.a(AHI_Uart.o)
                0x00089c16                _vAHI_UartSetBaudDivisor
 .text.vAHI_UartSetControl
                0x00089c6f       0x58 /cygdrive/c/TWESDK/516x/Components/Library/libHardwareApi_JN516x.a(AHI_Uart.o)
                0x00089c6f                _vAHI_UartSetControl
 .text.vAHI_UartSetInterrupt
                0x00089cc7       0x67 /cygdrive/c/TWESDK/516x/Components/Library/libHardwareApi_JN516x.a(AHI_Uart.o)
                0x00089cc7                _vAHI_UartSetInterrupt
 .text.vAHI_UartReset
                0x00089d2e       0x46 /cygdrive/c/TWESDK/516x/Components/Library/libHardwareApi_JN516x.a(AHI_Uart.o)
                0x00089d2e                _vAHI_UartReset
 .text.vAHI_UartConfigureFIFOs
                0x00089d74       0x93 /cygdrive/c/TWESDK/516x/Components/Library/libHardwareApi_JN516x.a(AHI_Uart.o)
 .text.u8AHI_UartReadLineStatus
                0x00089e07       0x26 /cygdrive/c/TWESDK/516x/Components/Library/libHardwareApi_JN516x.a(AHI_Uart.o)
                0x00089e07                _u8AHI_UartReadLineStatus
 .text.vAHI_UartWriteData
                0x00089e2d       0x1f /cygdrive/c/TWESDK/516x/Components/Library/libHardwareApi_JN516x.a(AHI_Uart.o)
                0x00089e2d                _vAHI_UartWriteData
 .text.u8AHI_UartReadData
                0x00089e4c       0x26 /cygdrive/c/TWESDK/516x/Components/Library/libHardwareApi_JN516x.a(AHI_Uart.o)
                0x00089e4c                _u8AHI_UartReadData
 .text.vAHI_UartSetRTSCTS
                0x00089e72       0x22 /cygdrive/c/TWESDK/516x/Components/Library/libHardwareApi_JN516x.a(AHI_Uart.o)
                0x00089e72                _vAHI_UartSetRTSCTS
 .text.vAHI_IntHandlerUart0
                0x00089e94       0x29 /cygdrive/c/TWESDK/516x/Components/Library/libHardwareApi_JN516x.a(AHI_Uart.o)
                0x00089e94                _vAHI_IntHandlerUart0
 .text.vAHI_IntHandlerUart1
                0x00089ebd       0x29 /cygdrive/c/TWESDK/516x/Components/Library/libHardwareApi_JN516x.a(AHI_Uart.o)
                0x00089ebd                _vAHI_IntHandlerUart1
 .text.vAHI_Uart0RegisterCallback
                0x00089ee6        0x9 /cygdrive/c/TWESDK/516x/Components/Library/libHardwareApi_JN516x.a(AHI_Uart.o)
                0x00089ee6                _vAHI_Uart0RegisterCallback
 .text.vAHI_Uart1RegisterCallback
                0x00089eef        0x9 /cygdrive/c/TWESDK/516x/Components/Library/libHardwareApi_JN516x.a(AHI_Uart.o)
                0x00089eef                _vAHI_Uart1RegisterCallback
 .text.vAHI_UartSetClocksPerBit
                0x00089ef8       0x32 /cygdrive/c/TWESDK/516x/Components/Library/libHardwareApi_JN516x.a(AHI_Uart.o)
                0x00089ef8                _vAHI_UartSetClocksPerBit
 .text.vAHI_UartEnable
                0x00089f2a       0x8c /cygdrive/c/TWESDK/516x/Components/Library/libHardwareApi_JN516x.a(AHI_Uart.o)
                0x00089f2a                _vAHI_UartEnable
 .text.vAHI_WakeTimerEnable
                0x00089fb6       0x5c /cygdrive/c/TWESDK/516x/Components/Library/libHardwareApi_JN516x.a(AHI_WakeTimer.o)
                0x00089fb6                _vAHI_WakeTimerEnable
 .text.vAHI_WakeTimerStart
                0x0008a012       0x58 /cygdrive/c/TWESDK/516x/Components/Library/libHardwareApi_JN516x.a(AHI_WakeTimer.o)
                0x0008a012                _vAHI_WakeTimerStart
 .text.vAHI_WakeTimerStop
                0x0008a06a       0x27 /cygdrive/c/TWESDK/516x/Components/Library/libHardwareApi_JN516x.a(AHI_WakeTimer.o)
                0x0008a06a                _vAHI_WakeTimerStop
 .text.u8AHI_WakeTimerFiredStatus
                0x0008a091       0x14 /cygdrive/c/TWESDK/516x/Components/Library/libHardwareApi_JN516x.a(AHI_WakeTimer.o)
                0x0008a091                _u8AHI_WakeTimerFiredStatus
 .text.u32AHI_WakeTimerCalibrate
                0x0008a0a5       0x35 /cygdrive/c/TWESDK/516x/Components/Library/libHardwareApi_JN516x.a(AHI_WakeTimer.o)
                0x0008a0a5                _u32AHI_WakeTimerCalibrate
 .text.vAHI_FlashAndEEPROMControllerIntHandler
                0x0008a0da       0x39 /cygdrive/c/TWESDK/516x/Components/Library/libHardwareApi_JN516x.a(AHI_Flash.o)
                0x0008a0da                _vAHI_FlashAndEEPROMControllerIntHandler
 .text.vAHI_IntHandlerSpiSlave
                0x0008a113       0x1d /cygdrive/c/TWESDK/516x/Components/Library/libHardwareApi_JN516x.a(AHI_SpiSlave.o)
                0x0008a113                _vAHI_IntHandlerSpiSlave
 .text.vAHI_IntHandlerInfrared
                0x0008a130       0x17 /cygdrive/c/TWESDK/516x/Components/Library/libHardwareApi_JN516x.a(AHI_Infrared.o)
                0x0008a130                _vAHI_IntHandlerInfrared
 .text.vMicroIntEnableOnly